Component: ARM Compiler 5.06 update 7 (build 960) Tool: armlink [4d3601]

==============================================================================

Section Cross References

    startup_stm32f103xb.o(RESET) refers to startup_stm32f103xb.o(STACK) for __initial_sp
    startup_stm32f103xb.o(RESET) refers to startup_stm32f103xb.o(.text) for Reset_Handler
    startup_stm32f103xb.o(RESET) refers to stm32f1xx_it.o(i.NMI_Handler) for NMI_Handler
    startup_stm32f103xb.o(RESET) refers to stm32f1xx_it.o(i.HardFault_Handler) for HardFault_Handler
    startup_stm32f103xb.o(RESET) refers to stm32f1xx_it.o(i.MemManage_Handler) for MemManage_Handler
    startup_stm32f103xb.o(RESET) refers to stm32f1xx_it.o(i.BusFault_Handler) for BusFault_Handler
    startup_stm32f103xb.o(RESET) refers to stm32f1xx_it.o(i.UsageFault_Handler) for UsageFault_Handler
    startup_stm32f103xb.o(RESET) refers to port.o(.emb_text) for SVC_Handler
    startup_stm32f103xb.o(RESET) refers to stm32f1xx_it.o(i.DebugMon_Handler) for DebugMon_Handler
    startup_stm32f103xb.o(RESET) refers to stm32f1xx_it.o(i.SysTick_Handler) for SysTick_Handler
    startup_stm32f103xb.o(RESET) refers to stm32f1xx_it.o(i.EXTI2_IRQHandler) for EXTI2_IRQHandler
    startup_stm32f103xb.o(.text) refers to system_stm32f1xx.o(i.SystemInit) for SystemInit
    startup_stm32f103xb.o(.text) refers to entry.o(.ARM.Collect$$$$00000000) for __main
    main.o(i.SystemClock_Config) refers to memseta.o(.text) for __aeabi_memclr4
    main.o(i.SystemClock_Config) refers to stm32f1xx_hal_rcc.o(i.HAL_RCC_OscConfig) for HAL_RCC_OscConfig
    main.o(i.SystemClock_Config) refers to stm32f1xx_hal_rcc.o(i.HAL_RCC_ClockConfig) for HAL_RCC_ClockConfig
    main.o(i.SystemClock_Config) refers to stm32f1xx_hal_rcc_ex.o(i.HAL_RCCEx_PeriphCLKConfig) for HAL_RCCEx_PeriphCLKConfig
    main.o(i.main) refers to stm32f1xx_hal.o(i.HAL_Init) for HAL_Init
    main.o(i.main) refers to delay.o(i.delay_init) for delay_init
    main.o(i.main) refers to main.o(i.SystemClock_Config) for SystemClock_Config
    main.o(i.main) refers to gpio.o(i.MX_GPIO_Init) for MX_GPIO_Init
    main.o(i.main) refers to adc.o(i.MX_ADC1_Init) for MX_ADC1_Init
    main.o(i.main) refers to spi.o(i.MX_SPI2_Init) for MX_SPI2_Init
    main.o(i.main) refers to tim.o(i.MX_TIM3_Init) for MX_TIM3_Init
    main.o(i.main) refers to usart.o(i.MX_USART1_UART_Init) for MX_USART1_UART_Init
    main.o(i.main) refers to pwr_on.o(i.PWR_ON) for PWR_ON
    main.o(i.main) refers to si24r1.o(i.SI24R1_Init) for SI24R1_Init
    main.o(i.main) refers to mpu6050.o(i.MPU6050_Init) for MPU6050_Init
    main.o(i.main) refers to mpu6050.o(i.MPU6050_CalOff) for MPU6050_CalOff
    main.o(i.main) refers to mpu6050.o(i.MPU6050_Offset) for MPU6050_Offset
    main.o(i.main) refers to mpu6050.o(i.MPU6050_CalOff_Acc) for MPU6050_CalOff_Acc
    main.o(i.main) refers to bme280.o(i.bme280Init) for bme280Init
    main.o(i.main) refers to battery_adc.o(i.BATT_Init) for BATT_Init
    main.o(i.main) refers to paramsave.o(i.PID_ReadFlash) for PID_ReadFlash
    main.o(i.main) refers to pid.o(i.PidParameter_init) for PidParameter_init
    main.o(i.main) refers to ws2812b_led.o(i.RGB_LED_Off) for RGB_LED_Off
    main.o(i.main) refers to freertos.o(i.MX_FREERTOS_Init) for MX_FREERTOS_Init
    main.o(i.main) refers to cmsis_os.o(i.osKernelStart) for osKernelStart
    gpio.o(i.MX_GPIO_Init) refers to stm32f1xx_hal_gpio.o(i.HAL_GPIO_WritePin) for HAL_GPIO_WritePin
    gpio.o(i.MX_GPIO_Init) refers to stm32f1xx_hal_gpio.o(i.HAL_GPIO_Init) for HAL_GPIO_Init
    gpio.o(i.MX_GPIO_Init) refers to stm32f1xx_hal_cortex.o(i.HAL_NVIC_SetPriority) for HAL_NVIC_SetPriority
    gpio.o(i.MX_GPIO_Init) refers to stm32f1xx_hal_cortex.o(i.HAL_NVIC_EnableIRQ) for HAL_NVIC_EnableIRQ
    freertos.o(i.MX_FREERTOS_Init) refers to memcpya.o(.text) for __aeabi_memcpy4
    freertos.o(i.MX_FREERTOS_Init) refers to cmsis_os.o(i.osThreadCreate) for osThreadCreate
    freertos.o(i.MX_FREERTOS_Init) refers to freertos.o(.constdata) for .constdata
    freertos.o(i.MX_FREERTOS_Init) refers to freertos.o(.data) for .data
    freertos.o(i.StartT_Prepare_Data_Task) refers to imu.o(i.Prepare_Data) for Prepare_Data
    freertos.o(i.StartT_Prepare_Data_Task) refers to cmsis_os.o(i.osDelay) for osDelay
    freertos.o(i.StartTask11) refers to cmsis_os.o(i.osDelay) for osDelay
    freertos.o(i.Start_ANO_DT_Data_Task) refers to ano_dt.o(i.ANO_DT_Data_Exchange) for ANO_DT_Data_Exchange
    freertos.o(i.Start_ANO_DT_Data_Task) refers to cmsis_os.o(i.osDelay) for osDelay
    freertos.o(i.Start_Airplane_Enable) refers to cmsis_os.o(i.osDelay) for osDelay
    freertos.o(i.Start_BMP280_Task) refers to cmsis_os.o(i.osDelay) for osDelay
    freertos.o(i.Start_IMUupdate_Task) refers to imu.o(i.IMUupdate) for IMUupdate
    freertos.o(i.Start_IMUupdate_Task) refers to cmsis_os.o(i.osDelay) for osDelay
    freertos.o(i.Start_IMUupdate_Task) refers to imu.o(.bss) for Att_Angle
[...]
    .bss                                     0x200003f4   Section       48  adc.o(.bss)
    .bss                                     0x20000424   Section       88  spi.o(.bss)
    .bss                                     0x2000047c   Section       72  tim.o(.bss)
    .bss                                     0x200004c4   Section       72  usart.o(.bss)
    .bss                                     0x20000510   Section       32  stm32f1xx_hal_flash.o(.bss)
    .bss                                     0x20000530   Section      240  tasks.o(.bss)
    pxReadyTasksLists                        0x20000530   Data         140  tasks.o(.bss)
    xDelayedTaskList1                        0x200005bc   Data          20  tasks.o(.bss)
    xDelayedTaskList2                        0x200005d0   Data          20  tasks.o(.bss)
    xPendingReadyList                        0x200005e4   Data          20  tasks.o(.bss)
    xTasksWaitingTermination                 0x200005f8   Data          20  tasks.o(.bss)
    xSuspendedTaskList                       0x2000060c   Data          20  tasks.o(.bss)
    .bss                                     0x20000620   Section     8192  heap_4.o(.bss)
    ucHeap                                   0x20000620   Data        8192  heap_4.o(.bss)
    .bss                                     0x20002620   Section       32  si24r1.o(.bss)
    .bss                                     0x20002640   Section       32  si24r1.o(.bss)
    .bss                                     0x20002660   Section       14  mpu6050.o(.bss)
    MPU6050_buff                             0x20002660   Data          14  mpu6050.o(.bss)
    .bss                                     0x20002670   Section     1056  stmflash.o(.bss)
    .bss                                     0x20002a90   Section       64  fbm320.o(.bss)
    .bss                                     0x20002ad0   Section       62  paramsave.o(.bss)
    .bss                                     0x20002b10   Section      360  control.o(.bss)
    .bss                                     0x20002c78   Section       60  control.o(.bss)
    .bss                                     0x20002cb4   Section       60  control.o(.bss)
    .bss                                     0x20002cf0   Section      110  ano_dt.o(.bss)
    RxBuffer                                 0x20002cf0   Data          50  ano_dt.o(.bss)
    .bss                                     0x20002d60   Section       12  imu.o(.bss)
    .bss                                     0x20002d6c   Section       84  imu.o(.bss)
    .bss                                     0x20002dc0   Section     1280  filter.o(.bss)
    buf                                      0x20002dc0   Data          80  filter.o(.bss)
    buf                                      0x20002e10   Data          80  filter.o(.bss)
    bufx                                     0x20002e60   Data          80  filter.o(.bss)
    bufy                                     0x20002eb0   Data          80  filter.o(.bss)
    bufz                                     0x20002f00   Data          80  filter.o(.bss)
    bufax                                    0x20002f50   Data          80  filter.o(.bss)
    bufay                                    0x20002fa0   Data          80  filter.o(.bss)
    bufaz                                    0x20002ff0   Data          80  filter.o(.bss)
    bufgx                                    0x20003040   Data          80  filter.o(.bss)
    bufgy                                    0x20003090   Data          80  filter.o(.bss)
    bufgz                                    0x200030e0   Data          80  filter.o(.bss)
    bufax                                    0x20003130   Data          80  filter.o(.bss)
    bufay                                    0x20003180   Data          80  filter.o(.bss)
    bufaz                                    0x200031d0   Data          80  filter.o(.bss)
    buf                                      0x20003220   Data          80  filter.o(.bss)
    buf                                      0x20003270   Data          80  filter.o(.bss)
    STACK                                    0x200032c0   Section     1024  startup_stm32f103xb.o(STACK)

    Global Symbols

    Symbol Name                              Value     Ov Type        Size  Object(Section)

    BuildAttributes$$THM_ISAv4$P$D$K$B$S$PE$A:L22UL41UL21$X:L11$S22US41US21$IEEE1$IW$USESV6$~STKCKD$USESV7$~SHL$OTIME$ROPI$IEEEX$EBA8$MICROLIB$REQ8$PRES8$EABIv2 0x00000000   Number         0  anon$$obj.o ABSOLUTE
    __ARM_use_no_argv                        0x00000000   Number         0  main.o ABSOLUTE
    __arm_fini_                               - Undefined Weak Reference
    __cpp_initialize__aeabi_                  - Undefined Weak Reference
    __cxa_finalize                            - Undefined Weak Reference
    _clock_init                               - Undefined Weak Reference
    _microlib_exit                            - Undefined Weak Reference
    __Vectors_Size                           0x000000ec   Number         0  startup_stm32f103xb.o ABSOLUTE
    __Vectors                                0x08000000   Data           4  startup_stm32f103xb.o(RESET)
    __Vectors_End                            0x080000ec   Data           0  startup_stm32f103xb.o(RESET)
    __main                                   0x080000ed   Thumb Code     0  entry.o(.ARM.Collect$$$$00000000)
    _main_stk                                0x080000ed   Thumb Code     0  entry2.o(.ARM.Collect$$$$00000001)
    _main_scatterload                        0x080000f1   Thumb Code     0  entry5.o(.ARM.Collect$$$$00000004)
    __main_after_scatterload                 0x080000f5   Thumb Code     0  entry5.o(.ARM.Collect$$$$00000004)
    _main_clock                              0x080000f5   Thumb Code     0  entry7b.o(.ARM.Collect$$$$00000008)
    _main_cpp_init                           0x080000f5   Thumb Code     0  entry8b.o(.ARM.Collect$$$$0000000A)
    _main_init                               0x080000f5   Thumb Code     0  entry9a.o(.ARM.Collect$$$$0000000B)
    __rt_lib_shutdown_fini                   0x080000fd   Thumb Code     0  entry12b.o(.ARM.Collect$$$$0000000E)
    __rt_final_cpp                           0x08000101   Thumb Code     0  entry10a.o(.ARM.Collect$$$$0000000F)
    __rt_final_exit                          0x08000101   Thumb Code     0  entry11a.o(.ARM.Collect$$$$00000011)
    SVC_Handler                              0x08000105   Thumb Code    32  port.o(.emb_text)
    __asm___6_port_c_39a90d8d__prvStartFirstTask 0x08000129   Thumb Code    28  port.o(.emb_text)
    PendSV_Handler                           0x08000149   Thumb Code    72  port.o(.emb_text)
    vPortGetIPSR                             0x08000195   Thumb Code     6  port.o(.emb_text)
    Reset_Handler                            0x0800019d   Thumb Code     8  startup_stm32f103xb.o(.text)
    ADC1_2_IRQHandler                        0x080001b7   Thumb Code     0  startup_stm32f103xb.o(.text)
    CAN1_RX1_IRQHandler                      0x080001b7   Thumb Code     0  startup_stm32f103xb.o(.text)
    CAN1_SCE_IRQHandler                      0x080001b7   Thumb Code     0  startup_stm32f103xb.o(.text)
    DMA1_Channel1_IRQHandler                 0x080001b7   Thumb Code     0  startup_stm32f103xb.o(.text)
    DMA1_Channel2_IRQHandler                 0x080001b7   Thumb Code     0  startup_stm32f103xb.o(.text)
    DMA1_Channel3_IRQHandler                 0x080001b7   Thumb Code     0  startup_stm32f103xb.o(.text)
    DMA1_Channel4_IRQHandler                 0x080001b7   Thumb Code     0  startup_stm32f103xb.o(.text)
    DMA1_Channel5_IRQHandler                 0x080001b7   Thumb Code     0  startup_stm32f103xb.o(.text)
    DMA1_Channel6_IRQHandler                 0x080001b7   Thumb Code     0  startup_stm32f103xb.o(.text)
    DMA1_Channel7_IRQHandler                 0x080001b7   Thumb Code     0  startup_stm32f103xb.o(.text)
    EXTI0_IRQHandler                         0x080001b7   Thumb Code     0  startup_stm32f103xb.o(.text)
    EXTI15_10_IRQHandler                     0x080001b7   Thumb Code     0  startup_stm32f103xb.o(.text)
    EXTI1_IRQHandler                         0x080001b7   Thumb Code     0  startup_stm32f103xb.o(.text)
    EXTI3_IRQHandler                         0x080001b7   Thumb Code     0  startup_stm32f103xb.o(.text)
    EXTI4_IRQHandler                         0x080001b7   Thumb Code     0  startup_stm32f103xb.o(.text)
    EXTI9_5_IRQHandler                       0x080001b7   Thumb Code     0  startup_stm32f103xb.o(.text)
    FLASH_IRQHandler                         0x080001b7   Thumb Code     0  startup_stm32f103xb.o(.text)
    I2C1_ER_IRQHandler                       0x080001b7   Thumb Code     0  startup_stm32f103xb.o(.text)
    I2C1_EV_IRQHandler                       0x080001b7   Thumb Code     0  startup_stm32f103xb.o(.text)
    I2C2_ER_IRQHandler                       0x080001b7   Thumb Code     0  startup_stm32f103xb.o(.text)
    I2C2_EV_IRQHandler                       0x080001b7   Thumb Code     0  startup_stm32f103xb.o(.text)
    PVD_IRQHandler                           0x080001b7   Thumb Code     0  startup_stm32f103xb.o(.text)
    RCC_IRQHandler                           0x080001b7   Thumb Code     0  startup_stm32f103xb.o(.text)
    RTC_Alarm_IRQHandler                     0x080001b7   Thumb Code     0  startup_stm32f103xb.o(.text)
    RTC_IRQHandler                           0x080001b7   Thumb Code     0  startup_stm32f103xb.o(.text)
    SPI1_IRQHandler                          0x080001b7   Thumb Code     0  startup_stm32f103xb.o(.text)
    SPI2_IRQHandler                          0x080001b7   Thumb Code     0  startup_stm32f103xb.o(.text)
    TAMPER_IRQHandler                        0x080001b7   Thumb Code     0  startup_stm32f103xb.o(.text)
    TIM1_BRK_IRQHandler                      0x080001b7   Thumb Code     0  startup_stm32f103xb.o(.text)
    TIM1_CC_IRQHandler                       0x080001b7   Thumb Code     0  startup_stm32f103xb.o(.text)
    TIM1_TRG_COM_IRQHandler                  0x080001b7   Thumb Code     0  startup_stm32f103xb.o(.text)
    TIM1_UP_IRQHandler                       0x080001b7   Thumb Code     0  startup_stm32f103xb.o(.text)
    TIM2_IRQHandler                          0x080001b7   Thumb Code     0  startup_stm32f103xb.o(.text)
    TIM3_IRQHandler                          0x080001b7   Thumb Code     0  startup_stm32f103xb.o(.text)
    TIM4_IRQHandler                          0x080001b7   Thumb Code     0  startup_stm32f103xb.o(.text)
    USART1_IRQHandler                        0x080001b7   Thumb Code     0  startup_stm32f103xb.o(.text)
    USART2_IRQHandler                        0x080001b7   Thumb Code     0  startup_stm32f103xb.o(.text)
    USART3_IRQHandler                        0x080001b7   Thumb Code     0  startup_stm32f103xb.o(.text)
    USBWakeUp_IRQHandler                     0x080001b7   Thumb Code     0  startup_stm32f103xb.o(.text)
    USB_HP_CAN1_TX_IRQHandler                0x080001b7   Thumb Code     0  startup_stm32f103xb.o(.text)
    USB_LP_CAN1_RX0_IRQHandler               0x080001b7   Thumb Code     0  startup_stm32f103xb.o(.text)
    WWDG_IRQHandler                          0x080001b7   Thumb Code     0  startup_stm32f103xb.o(.text)
    __aeabi_llsr                             0x080001c1   Thumb Code    32  llushr.o(.text)
    _ll_ushift_r                             0x080001c1   Thumb Code     0  llushr.o(.text)
    rand                                     0x080001e1   Thumb Code    20  rand.o(.text)
    srand                                    0x080001f5   Thumb Code     6  rand.o(.text)
    __aeabi_memcpy                           0x08000205   Thumb Code    36  memcpya.o(.text)
    __aeabi_memcpy4                          0x08000205   Thumb Code     0  memcpya.o(.text)
    __aeabi_memcpy8                          0x08000205   Thumb Code     0  memcpya.o(.text)
    __aeabi_memset                           0x08000229   Thumb Code    14  memseta.o(.text)
    __aeabi_memset4                          0x08000229   Thumb Code     0  memseta.o(.text)
    __aeabi_memset8                          0x08000229   Thumb Code     0  memseta.o(.text)
    __aeabi_memclr                           0x08000237   Thumb Code     4  memseta.o(.text)
    __aeabi_memclr4                          0x08000237   Thumb Code     0  memseta.o(.text)
    __aeabi_memclr8                          0x08000237   Thumb Code     0  memseta.o(.text)
    memset                                   0x0800023b   Thumb Code    18  memseta.o(.text)
    __aeabi_fadd                             0x0800024d   Thumb Code   164  fadd.o(.text)
    __aeabi_fsub                             0x080002f1   Thumb Code     6  fadd.o(.text)
    __aeabi_frsub                            0x080002f7   Thumb Code     6  fadd.o(.text)
    __aeabi_fmul                             0x080002fd   Thumb Code   100  fmul.o(.text)
    __aeabi_fdiv                             0x08000361   Thumb Code   124  fdiv.o(.text)
    __ARM_scalbnf                            0x080003dd   Thumb Code    24  fscalb.o(.text)
    scalbnf                                  0x080003dd   Thumb Code     0  fscalb.o(.text)
    __aeabi_dadd                             0x080003f5   Thumb Code   322  dadd.o(.text)
    __aeabi_dsub                             0x08000537   Thumb Code     6  dadd.o(.text)
    __aeabi_drsub                            0x0800053d   Thumb Code     6  dadd.o(.text)
    __aeabi_dmul                             0x08000543   Thumb Code   228  dmul.o(.text)
    __aeabi_ddiv                             0x08000627   Thumb Code   222  ddiv.o(.text)
    __ARM_scalbn                             0x08000705   Thumb Code    46  dscalb.o(.text)
    scalbn                                   0x08000705   Thumb Code     0  dscalb.o(.text)
    __aeabi_i2f                              0x08000733   Thumb Code    18  fflti.o(.text)
    __aeabi_ui2f                             0x08000745   Thumb Code    10  ffltui.o(.text)
    __aeabi_f2iz                             0x0800074f   Thumb Code    50  ffixi.o(.text)
    __aeabi_f2uiz                            0x08000781   Thumb Code    40  ffixui.o(.text)
    __aeabi_f2d                              0x080007a9   Thumb Code    38  f2d.o(.text)
    __aeabi_d2f                              0x080007cf   Thumb Code    56  d2f.o(.text)
    __aeabi_cfcmpeq                          0x08000809   Thumb Code     0  cfcmple.o(.text)
    __aeabi_cfcmple                          0x08000809   Thumb Code    20  cfcmple.o(.text)
    __aeabi_cfrcmple                         0x0800081d   Thumb Code    20  cfrcmple.o(.text)
    __aeabi_llsl                             0x08000831   Thumb Code    30  llshl.o(.text)
    _ll_shift_l                              0x08000831   Thumb Code     0  llshl.o(.text)
    __aeabi_lasr                             0x0800084f   Thumb Code    36  llsshr.o(.text)
    _ll_sshift_r                             0x0800084f   Thumb Code     0  llsshr.o(.text)
    __I$use$fp                               0x08000873   Thumb Code     0  iusefp.o(.text)
    _float_round                             0x08000873   Thumb Code    18  fepilogue.o(.text)
    _float_epilogue                          0x08000885   Thumb Code    92  fepilogue.o(.text)
    _double_round                            0x080008e1   Thumb Code    30  depilogue.o(.text)
    _double_epilogue                         0x080008ff   Thumb Code   156  depilogue.o(.text)
    __aeabi_cdcmpeq                          0x0800099d   Thumb Code     0  cdcmple.o(.text)
    __aeabi_cdcmple                          0x0800099d   Thumb Code    48  cdcmple.o(.text)
    __scatterload                            0x080009cd   Thumb Code    28  init.o(.text)
    __scatterload_rt2                        0x080009cd   Thumb Code     0  init.o(.text)
    __decompress                             0x080009f1   Thumb Code     0  __dczerorl2.o(.text)
    __decompress1                            0x080009f1   Thumb Code    86  __dczerorl2.o(.text)
    ACC_Offset_LED                           0x08000a47   Thumb Code    64  ws2812b_led.o(i.ACC_Offset_LED)
    ADC_ConversionStop_Disable               0x08000a89   Thumb Code    86  stm32f1xx_hal_adc.o(i.ADC_ConversionStop_Disable)
    ANO_DT_Data_Exchange                     0x08000ae1   Thumb Code   558  ano_dt.o(i.ANO_DT_Data_Exchange)
    ANO_DT_Send_Data                         0x08000d75   Thumb Code     4  ano_dt.o(i.ANO_DT_Send_Data)
    ANO_DT_Send_PID                          0x08000d79   Thumb Code   322  ano_dt.o(i.ANO_DT_Send_PID)
    ANO_DT_Send_Power                        0x08000ec5   Thumb Code    82  ano_dt.o(i.ANO_DT_Send_Power)
    ANO_DT_Send_Senser                       0x08000f1d   Thumb Code   206  ano_dt.o(i.ANO_DT_Send_Senser)
    ANO_DT_Send_Status                       0x08000ff1   Thumb Code   180  ano_dt.o(i.ANO_DT_Send_Status)
    BATT_Init                                0x080010ad   Thumb Code     2  battery_adc.o(i.BATT_Init)
    BusFault_Handler                         0x080010af   Thumb Code     2  stm32f1xx_it.o(i.BusFault_Handler)
    Button_command                           0x080010b1   Thumb Code   106  remotedata.o(i.Button_command)
    Data_Send_AngleRate                      0x08001179   Thumb Code   214  ano_dt.o(i.Data_Send_AngleRate)
    DebugMon_Handler                         0x08001255   Thumb Code     2  stm32f1xx_it.o(i.DebugMon_Handler)
    DefaultParams                            0x08001259   Thumb Code    72  paramsave.o(i.DefaultParams)
    DefaultParams_WriteFlash                 0x080012a5   Thumb Code    20  paramsave.o(i.DefaultParams_WriteFlash)
    EXTI2_IRQHandler                         0x080012c1   Thumb Code   110  stm32f1xx_it.o(i.EXTI2_IRQHandler)
    Error_Handler                            0x08001341   Thumb Code     4  main.o(i.Error_Handler)
    FLASH_WaitForLastOperation               0x080013bd   Thumb Code    80  stm32f1xx_hal_flash.o(i.FLASH_WaitForLastOperation)
    FindPos                                  0x08001411   Thumb Code    88  filter.o(i.FindPos)
    Flash_PageErase                          0x08001469   Thumb Code    28  stmflash.o(i.Flash_PageErase)
    GYRO_Offset_LED                          0x0800148d   Thumb Code    64  ws2812b_led.o(i.GYRO_Offset_LED)
    HAL_ADC_ConfigChannel                    0x080014cd   Thumb Code   240  stm32f1xx_hal_adc.o(i.HAL_ADC_ConfigChannel)
    HAL_ADC_Init                             0x080015c9   Thumb Code   272  stm32f1xx_hal_adc.o(i.HAL_ADC_Init)
    HAL_ADC_MspInit                          0x080016e5   Thumb Code    76  adc.o(i.HAL_ADC_MspInit)
    HAL_Delay                                0x0800173d   Thumb Code    32  stm32f1xx_hal.o(i.HAL_Delay)
    HAL_FLASH_Lock                           0x08001761   Thumb Code    14  stm32f1xx_hal_flash.o(i.HAL_FLASH_Lock)
    HAL_FLASH_Program                        0x08001775   Thumb Code   120  stm32f1xx_hal_flash.o(i.HAL_FLASH_Program)
    HAL_FLASH_Unlock                         0x080017f5   Thumb Code    28  stm32f1xx_hal_flash.o(i.HAL_FLASH_Unlock)
    HAL_GPIO_EXTI_Callback                   0x0800181d   Thumb Code     2  stm32f1xx_hal_gpio.o(i.HAL_GPIO_EXTI_Callback)
    HAL_GPIO_EXTI_IRQHandler                 0x08001821   Thumb Code    18  stm32f1xx_hal_gpio.o(i.HAL_GPIO_EXTI_IRQHandler)
    HAL_GPIO_Init                            0x08001839   Thumb Code   446  stm32f1xx_hal_gpio.o(i.HAL_GPIO_Init)
    HAL_GPIO_ReadPin                         0x08001a19   Thumb Code    10  stm32f1xx_hal_gpio.o(i.HAL_GPIO_ReadPin)
    HAL_GPIO_TogglePin                       0x08001a23   Thumb Code    16  stm32f1xx_hal_gpio.o(i.HAL_GPIO_TogglePin)
    HAL_GPIO_WritePin                        0x08001a33   Thumb Code    10  stm32f1xx_hal_gpio.o(i.HAL_GPIO_WritePin)
    HAL_GetTick                              0x08001a3d   Thumb Code     6  stm32f1xx_hal.o(i.HAL_GetTick)
    HAL_IncTick                              0x08001a49   Thumb Code    12  stm32f1xx_hal.o(i.HAL_IncTick)
    HAL_Init                                 0x08001a59   Thumb Code    32  stm32f1xx_hal.o(i.HAL_Init)
    HAL_InitTick                             0x08001a7d   Thumb Code    54  stm32f1xx_hal.o(i.HAL_InitTick)
    HAL_MspInit                              0x08001abd   Thumb Code    62  stm32f1xx_hal_msp.o(i.HAL_MspInit)
    HAL_NVIC_EnableIRQ                       0x08001b05   Thumb Code    26  stm32f1xx_hal_cortex.o(i.HAL_NVIC_EnableIRQ)
    HAL_NVIC_SetPriority                     0x08001b21   Thumb Code    60  stm32f1xx_hal_cortex.o(i.HAL_NVIC_SetPriority)
    HAL_NVIC_SetPriorityGrouping             0x08001b61   Thumb Code    26  stm32f1xx_hal_cortex.o(i.HAL_NVIC_SetPriorityGrouping)
    HAL_RCCEx_PeriphCLKConfig                0x08001b85   Thumb Code   224  stm32f1xx_hal_rcc_ex.o(i.HAL_RCCEx_PeriphCLKConfig)
    HAL_RCC_ClockConfig                      0x08001c71   Thumb Code   280  stm32f1xx_hal_rcc.o(i.HAL_RCC_ClockConfig)
    HAL_RCC_GetPCLK1Freq                     0x08001d9d   Thumb Code    20  stm32f1xx_hal_rcc.o(i.HAL_RCC_GetPCLK1Freq)
    HAL_RCC_GetPCLK2Freq                     0x08001dbd   Thumb Code    20  stm32f1xx_hal_rcc.o(i.HAL_RCC_GetPCLK2Freq)
    HAL_RCC_GetSysClockFreq                  0x08001ddd   Thumb Code    58  stm32f1xx_hal_rcc.o(i.HAL_RCC_GetSysClockFreq)
    HAL_RCC_OscConfig                        0x08001e29   Thumb Code   778  stm32f1xx_hal_rcc.o(i.HAL_RCC_OscConfig)
    HAL_SPI_Init                             0x08002149   Thumb Code   178  stm32f1xx_hal_spi.o(i.HAL_SPI_Init)
    HAL_SPI_MspInit                          0x080021fd   Thumb Code   102  spi.o(i.HAL_SPI_MspInit)
    HAL_SPI_TransmitReceive                  0x08002271   Thumb Code   496  stm32f1xx_hal_spi.o(i.HAL_SPI_TransmitReceive)
    HAL_SYSTICK_CLKSourceConfig              0x08002461   Thumb Code    24  stm32f1xx_hal_cortex.o(i.HAL_SYSTICK_CLKSourceConfig)
    HAL_SYSTICK_Config                       0x08002479   Thumb Code    40  stm32f1xx_hal_cortex.o(i.HAL_SYSTICK_Config)
    HAL_TIMEx_MasterConfigSynchronization    0x080024a1   Thumb Code    92  stm32f1xx_hal_tim_ex.o(i.HAL_TIMEx_MasterConfigSynchronization)
    HAL_TIM_Base_Init                        0x08002509   Thumb Code    90  stm32f1xx_hal_tim.o(i.HAL_TIM_Base_Init)
    HAL_TIM_Base_MspInit                     0x08002565   Thumb Code    30  tim.o(i.HAL_TIM_Base_MspInit)
    HAL_TIM_ConfigClockSource                0x0800258d   Thumb Code   220  stm32f1xx_hal_tim.o(i.HAL_TIM_ConfigClockSource)
    HAL_TIM_MspPostInit                      0x08002669   Thumb Code    94  tim.o(i.HAL_TIM_MspPostInit)
    HAL_TIM_PWM_ConfigChannel                0x080026d9   Thumb Code   204  stm32f1xx_hal_tim.o(i.HAL_TIM_PWM_ConfigChannel)
    HAL_TIM_PWM_Init                         0x080027a5   Thumb Code    90  stm32f1xx_hal_tim.o(i.HAL_TIM_PWM_Init)
    HAL_TIM_PWM_MspInit                      0x080027ff   Thumb Code     2  stm32f1xx_hal_tim.o(i.HAL_TIM_PWM_MspInit)
    HAL_TIM_PWM_Start                        0x08002801   Thumb Code   144  stm32f1xx_hal_tim.o(i.HAL_TIM_PWM_Start)
    HAL_UART_Init                            0x0800289d   Thumb Code   100  stm32f1xx_hal_uart.o(i.HAL_UART_Init)
    HAL_UART_MspInit                         0x08002901   Thumb Code   100  usart.o(i.HAL_UART_MspInit)
    HAL_UART_Transmit                        0x08002971   Thumb Code   160  stm32f1xx_hal_uart.o(i.HAL_UART_Transmit)
    HardFault_Handler                        0x08002a11   Thumb Code     2  stm32f1xx_it.o(i.HardFault_Handler)
    IIC_Ack                                  0x08002a15   Thumb Code    68  iic.o(i.IIC_Ack)
    IIC_Init                                 0x08002a61   Thumb Code    16  myiic.o(i.IIC_Init)
    IIC_NAck                                 0x08002a79   Thumb Code    68  iic.o(i.IIC_NAck)
    IIC_ReadByte                             0x08002ac5   Thumb Code   104  iic.o(i.IIC_ReadByte)
    IIC_ReadByteFromSlave                    0x08002b35   Thumb Code    74  iic.o(i.IIC_ReadByteFromSlave)
    IIC_ReadMultByteFromSlave                0x08002b7f   Thumb Code   102  iic.o(i.IIC_ReadMultByteFromSlave)
    IIC_Read_Byte                            0x08002be5   Thumb Code   104  myiic.o(i.IIC_Read_Byte)
    IIC_SendByte                             0x08002c59   Thumb Code   104  iic.o(i.IIC_SendByte)
    IIC_Send_Byte                            0x08002cc9   Thumb Code    90  myiic.o(i.IIC_Send_Byte)
    IIC_Start                                0x08002d31   Thumb Code    68  iic.o(i.IIC_Start)
    IIC_Stop                                 0x08002d7d   Thumb Code    70  iic.o(i.IIC_Stop)
    IIC_WaitAck                              0x08002dcd   Thumb Code    94  iic.o(i.IIC_WaitAck)
    IIC_Wait_Ack                             0x08002e35   Thumb Code    84  myiic.o(i.IIC_Wait_Ack)
    IIC_WriteByteToSlave                     0x08002e95   Thumb Code    62  iic.o(i.IIC_WriteByteToSlave)
    IMUupdate                                0x08002ed5   Thumb Code  1056  imu.o(i.IMUupdate)
    MPU6050_CalOff                           0x080032f5   Thumb Code    12  mpu6050.o(i.MPU6050_CalOff)
    MPU6050_CalOff_Acc                       0x08003305   Thumb Code    12  mpu6050.o(i.MPU6050_CalOff_Acc)
    MPU6050_Check                            0x08003315   Thumb Code    20  mpu6050.o(i.MPU6050_Check)
    MPU6050_Init                             0x08003345   Thumb Code    80  mpu6050.o(i.MPU6050_Init)
    MPU6050_OffSet                           0x08003395   Thumb Code   104  mpu6050.o(i.MPU6050_OffSet)
    MPU6050_Offset                           0x08003401   Thumb Code   192  mpu6050.o(i.MPU6050_Offset)
    MPU6050_Read                             0x080034c9   Thumb Code    10  mpu6050.o(i.MPU6050_Read)
    MPU6050_ReadByte                         0x080034d9   Thumb Code    20  mpu6050.o(i.MPU6050_ReadByte)
    MPU6050_ReadMultBytes                    0x080034ed   Thumb Code    22  mpu6050.o(i.MPU6050_ReadMultBytes)
    MPU6050_WriteByte                        0x08003503   Thumb Code    20  mpu6050.o(i.MPU6050_WriteByte)
    MPU6050_getDeviceID                      0x08003517   Thumb Code    16  mpu6050.o(i.MPU6050_getDeviceID)
    MPU6050_testConnection                   0x08003527   Thumb Code    18  mpu6050.o(i.MPU6050_testConnection)
    MX_ADC1_Init                             0x08003539   Thumb Code    70  adc.o(i.MX_ADC1_Init)
    MX_FREERTOS_Init                         0x08003589   Thumb Code   248  freertos.o(i.MX_FREERTOS_Init)
    MX_GPIO_Init                             0x0800368d   Thumb Code   260  gpio.o(i.MX_GPIO_Init)
    MX_SPI2_Init                             0x080037a5   Thumb Code    62  spi.o(i.MX_SPI2_Init)
    MX_TIM3_Init                             0x080037ed   Thumb Code   228  tim.o(i.MX_TIM3_Init)
    MX_USART1_UART_Init                      0x080038d9   Thumb Code    48  usart.o(i.MX_USART1_UART_Init)
    MY_IIC_Ack                               0x08003911   Thumb Code    58  myiic.o(i.MY_IIC_Ack)
    MY_IIC_NAck                              0x08003959   Thumb Code    58  myiic.o(i.MY_IIC_NAck)
    MY_IIC_Start                             0x080039a1   Thumb Code    62  myiic.o(i.MY_IIC_Start)
    MY_IIC_Stop                              0x080039ed   Thumb Code    64  myiic.o(i.MY_IIC_Stop)
    MemManage_Handler                        0x08003a39   Thumb Code     2  stm32f1xx_it.o(i.MemManage_Handler)
    NMI_Handler                              0x08003a3b   Thumb Code     2  stm32f1xx_it.o(i.NMI_Handler)
    PID_ReadFlash                            0x08003a3d   Thumb Code    68  paramsave.o(i.PID_ReadFlash)
    PID_WriteFlash                           0x08003ab5   Thumb Code    20  paramsave.o(i.PID_WriteFlash)
    PWR_ON                                   0x08003ad1   Thumb Code    22  pwr_on.o(i.PWR_ON)
    PWR_ON_OFF                               0x08003aed   Thumb Code    50  pwr_on_off.o(i.PWR_ON_OFF)
    ParamsToTable                            0x08003b25   Thumb Code   394  paramsave.o(i.ParamsToTable)
    PidParameter_init                        0x08003ce5   Thumb Code    96  pid.o(i.PidParameter_init)
    Prepare_Data                             0x08003d79   Thumb Code   292  imu.o(i.Prepare_Data)
    QuiteSort                                0x08003ec1   Thumb Code    46  filter.o(i.QuiteSort)
    RGB_LED_Blue                             0x08003eef   Thumb Code    24  ws2812b_led.o(i.RGB_LED_Blue)
    RGB_LED_Off                              0x08003f07   Thumb Code    24  ws2812b_led.o(i.RGB_LED_Off)
    RGB_LED_green                            0x08003f1f   Thumb Code    24  ws2812b_led.o(i.RGB_LED_green)
    RGB_WByte                                0x08003f39   Thumb Code    36  ws2812b_led.o(i.RGB_WByte)
    Remote_Data_ReceiveAnalysis              0x08003f5d   Thumb Code    62  remotedata.o(i.Remote_Data_ReceiveAnalysis)
    SDA_IN                                   0x08003fa9   Thumb Code    48  iic.o(i.SDA_IN)
    SDA_OUT                                  0x08003fe1   Thumb Code    50  iic.o(i.SDA_OUT)
    SI24R1_Check                             0x0800401d   Thumb Code    20  si24r1.o(i.SI24R1_Check)
    SI24R1_Config                            0x0800404d   Thumb Code   126  si24r1.o(i.SI24R1_Config)
    SI24R1_GetAddr                           0x080040d5   Thumb Code    70  si24r1.o(i.SI24R1_GetAddr)
    SI24R1_Init                              0x08004121   Thumb Code    32  si24r1.o(i.SI24R1_Init)
    SI24R1_Read_Buf                          0x08004149   Thumb Code    72  si24r1.o(i.SI24R1_Read_Buf)
    SI24R1_RxPacket                          0x08004195   Thumb Code    52  si24r1.o(i.SI24R1_RxPacket)
    SI24R1_SingalCheck                       0x080041cd   Thumb Code    62  remotedata.o(i.SI24R1_SingalCheck)
    SI24R1_TxPacket                          0x08004221   Thumb Code    86  si24r1.o(i.SI24R1_TxPacket)
    SI24R1_Write_Buf                         0x08004281   Thumb Code    70  si24r1.o(i.SI24R1_Write_Buf)
    SI24R1_read_reg                          0x080042cd   Thumb Code    48  si24r1.o(i.SI24R1_read_reg)
    SI24R1_testConnection                    0x08004301   Thumb Code    62  si24r1.o(i.SI24R1_testConnection)
    SI24R1_write_reg                         0x08004349   Thumb Code    54  si24r1.o(i.SI24R1_write_reg)
    SI24R1set_Mode                           0x08004385   Thumb Code    94  si24r1.o(i.SI24R1set_Mode)
    STMFLASH_Read                            0x080044d5   Thumb Code    26  stmflash.o(i.STMFLASH_Read)
    STMFLASH_Write                           0x080044f1   Thumb Code   216  stmflash.o(i.STMFLASH_Write)
    STMFLASH_Write_NoCheck                   0x080045d1   Thumb Code    44  stmflash.o(i.STMFLASH_Write_NoCheck)
    SendToRemote                             0x080045fd   Thumb Code   212  remotedata.o(i.SendToRemote)
    SortAver_FilterXYZ                       0x080046f1   Thumb Code   246  filter.o(i.SortAver_FilterXYZ)
    StartT_Prepare_Data_Task                 0x080047f1   Thumb Code    12  freertos.o(i.StartT_Prepare_Data_Task)
    StartTask11                              0x080047fd   Thumb Code     8  freertos.o(i.StartTask11)
    Start_ANO_DT_Data_Task                   0x08004805   Thumb Code    12  freertos.o(i.Start_ANO_DT_Data_Task)
    Start_Airplane_Enable                    0x08004811   Thumb Code     8  freertos.o(i.Start_Airplane_Enable)
    Start_BMP280_Task                        0x08004819   Thumb Code     8  freertos.o(i.Start_BMP280_Task)
    Start_IMUupdate_Task                     0x08004821   Thumb Code    18  freertos.o(i.Start_IMUupdate_Task)
    Start_LED_Task                           0x08004841   Thumb Code    26  freertos.o(i.Start_LED_Task)
    Start_PWR_Task                           0x08004861   Thumb Code    12  freertos.o(i.Start_PWR_Task)
    Start_SI24R1_GetAddr                     0x0800486d   Thumb Code    16  freertos.o(i.Start_SI24R1_GetAddr)
    Start_SI24R1_SingalCheck                 0x0800487d   Thumb Code    12  freertos.o(i.Start_SI24R1_SingalCheck)
    Start_SendToRemote_Task                  0x08004889   Thumb Code    16  freertos.o(i.Start_SendToRemote_Task)
    SysTick_Handler                          0x08004899   Thumb Code    24  stm32f1xx_it.o(i.SysTick_Handler)
    SystemClock_Config                       0x080048b1   Thumb Code   120  main.o(i.SystemClock_Config)
    SystemInit                               0x08004929   Thumb Code     2  system_stm32f1xx.o(i.SystemInit)
    TIM_Base_SetConfig                       0x0800492d   Thumb Code   108  stm32f1xx_hal_tim.o(i.TIM_Base_SetConfig)
    TIM_CCxChannelCmd                        0x080049a5   Thumb Code    26  stm32f1xx_hal_tim.o(i.TIM_CCxChannelCmd)
    TIM_ETR_SetConfig                        0x080049bf   Thumb Code    20  stm32f1xx_hal_tim.o(i.TIM_ETR_SetConfig)
    TIM_OC2_SetConfig                        0x08004a35   Thumb Code    84  stm32f1xx_hal_tim.o(i.TIM_OC2_SetConfig)
    TableToParams                            0x08004b71   Thumb Code   396  paramsave.o(i.TableToParams)
    UnControl_Land                           0x08004ead   Thumb Code    20  remotedata.o(i.UnControl_Land)
    UsageFault_Handler                       0x08004ec5   Thumb Code     2  stm32f1xx_it.o(i.UsageFault_Handler)
    Usart_SendByte                           0x08004ec9   Thumb Code    18  usart.o(i.Usart_SendByte)
    Write0                                   0x08004ee1   Thumb Code   104  ws2812b_led.o(i.Write0)
    Write1                                   0x08004f4d   Thumb Code   112  ws2812b_led.o(i.Write1)
    Write24Bit                               0x08004fc1   Thumb Code    26  ws2812b_led.o(i.Write24Bit)
    __0printf$bare                           0x08004fdd   Thumb Code     8  printfb.o(i.__0printf$bare)
    __1printf$bare                           0x08004fdd   Thumb Code     0  printfb.o(i.__0printf$bare)
    __2printf                                0x08004fdd   Thumb Code     0  printfb.o(i.__0printf$bare)
    __ARM_fpclassify                         0x08004fed   Thumb Code    40  fpclassify.o(i.__ARM_fpclassify)
    __kernel_poly                            0x08005035   Thumb Code   170  poly.o(i.__kernel_poly)
    __mathlib_dbl_infnan                     0x080050df   Thumb Code     6  dunder.o(i.__mathlib_dbl_infnan)
    __mathlib_dbl_infnan2                    0x080050e5   Thumb Code     4  dunder.o(i.__mathlib_dbl_infnan2)
    __mathlib_dbl_underflow                  0x080050e9   Thumb Code    10  dunder.o(i.__mathlib_dbl_underflow)
    __scatterload_copy                       0x080050f9   Thumb Code    14  handlers.o(i.__scatterload_copy)
    __scatterload_null                       0x08005107   Thumb Code     2  handlers.o(i.__scatterload_null)
    __scatterload_zeroinit                   0x08005109   Thumb Code    14  handlers.o(i.__scatterload_zeroinit)
    __set_errno                              0x08005119   Thumb Code     6  errno.o(i.__set_errno)
    atan                                     0x08005149   Thumb Code   474  atan.o(i.atan)
    atan2                                    0x08005369   Thumb Code   374  atan2.o(i.atan2)
    bme280Init                               0x08005505   Thumb Code    20  bme280.o(i.bme280Init)
    delay_init                               0x08005519   Thumb Code    16  delay.o(i.delay_init)
    delay_ms                                 0x0800552d   Thumb Code    26  delay.o(i.delay_ms)
    delay_us                                 0x08005549   Thumb Code    48  delay.o(i.delay_us)
    fputc                                    0x0800557d   Thumb Code    20  usart.o(i.fputc)
    iicDevRead                               0x08005595   Thumb Code    88  myiic.o(i.iicDevRead)
    iicDevWriteByte                          0x080055ed   Thumb Code    50  myiic.o(i.iicDevWriteByte)
    main                                     0x08005655   Thumb Code    88  main.o(i.main)
    osDelay                                  0x080056b9   Thumb Code    14  cmsis_os.o(i.osDelay)
    osKernelStart                            0x080056c7   Thumb Code    10  cmsis_os.o(i.osKernelStart)
    osThreadCreate                           0x080056d1   Thumb Code    84  cmsis_os.o(i.osThreadCreate)
    pvPortMalloc                             0x08005a71   Thumb Code   216  heap_4.o(i.pvPortMalloc)
    pxPortInitialiseStack                    0x08005b4d   Thumb Code    32  port.o(i.pxPortInitialiseStack)
    readTrim                                 0x08005b71   Thumb Code   172  bme280.o(i.readTrim)
    setup                                    0x08005c21   Thumb Code    38  bme280.o(i.setup)
    spi2_read_write_byte                     0x08005c49   Thumb Code    28  spi.o(i.spi2_read_write_byte)
    u1_SendArray                             0x08005c69   Thumb Code    26  usart.o(i.u1_SendArray)
    uxListRemove                             0x08005c83   Thumb Code    38  list.o(i.uxListRemove)
    vApplicationGetIdleTaskMemory            0x08005ca9   Thumb Code    16  freertos.o(i.vApplicationGetIdleTaskMemory)
    vListInitialise                          0x08005cbd   Thumb Code    22  list.o(i.vListInitialise)
    vListInitialiseItem                      0x08005cd3   Thumb Code     6  list.o(i.vListInitialiseItem)
    vListInsert                              0x08005cd9   Thumb Code    48  list.o(i.vListInsert)
    vListInsertEnd                           0x08005d09   Thumb Code    24  list.o(i.vListInsertEnd)
    vPortEnterCritical                       0x08005d21   Thumb Code    54  port.o(i.vPortEnterCritical)
    vPortExitCritical                        0x08005d61   Thumb Code    34  port.o(i.vPortExitCritical)
    vPortFree                                0x08005d89   Thumb Code    94  heap_4.o(i.vPortFree)
    vPortSetupTimerInterrupt                 0x08005ded   Thumb Code    32  port.o(i.vPortSetupTimerInterrupt)
    vTaskDelay                               0x08005e11   Thumb Code    66  tasks.o(i.vTaskDelay)
    vTaskStartScheduler                      0x08005e5d   Thumb Code    90  tasks.o(i.vTaskStartScheduler)
    vTaskSuspendAll                          0x08005ec9   Thumb Code    10  tasks.o(i.vTaskSuspendAll)
    vTaskSwitchContext                       0x08005ed9   Thumb Code    82  tasks.o(i.vTaskSwitchContext)
    writeReg                                 0x08005f35   Thumb Code    10  bme280.o(i.writeReg)
    xPortStartScheduler                      0x08005f41   Thumb Code   154  port.o(i.xPortStartScheduler)
    xPortSysTickHandler                      0x08005fe9   Thumb Code    38  port.o(i.xPortSysTickHandler)
    xTaskCreate                              0x08006015   Thumb Code    90  tasks.o(i.xTaskCreate)
    xTaskCreateStatic                        0x0800606f   Thumb Code    86  tasks.o(i.xTaskCreateStatic)
    xTaskGetSchedulerState                   0x080060c5   Thumb Code    22  tasks.o(i.xTaskGetSchedulerState)
    xTaskIncrementTick                       0x080060e1   Thumb Code   194  tasks.o(i.xTaskIncrementTick)
    xTaskResumeAll                           0x080061ad   Thumb Code   182  tasks.o(i.xTaskResumeAll)
    AHBPrescTable                            0x080063b6   Data          16  system_stm32f1xx.o(.constdata)
    APBPrescTable                            0x080063c6   Data           8  system_stm32f1xx.o(.constdata)
    __mathlib_zero                           0x08006490   Data           8  qnan.o(.constdata)
    Region$$Table$$Base                      0x0800655c   Number         0  anon$$obj.o(Region$$Table)
    Region$$Table$$Limit                     0x0800657c   Number         0  anon$$obj.o(Region$$Table)
    PWR_TaskHandle                           0x20000000   Data           4  freertos.o(.data)
    LED_TaskHandle                           0x20000004   Data           4  freertos.o(.data)
    BMP280_TaskHandle                        0x20000008   Data           4  freertos.o(.data)
    SI24R1_SingalCheck_TaskHandle            0x2000000c   Data           4  freertos.o(.data)
    SI24R1_GetAddr_TaskHandle                0x20000010   Data           4  freertos.o(.data)
    Airplane_Enable_TaskHandle               0x20000014   Data           4  freertos.o(.data)
    SendToRemote_TaskHandle                  0x20000018   Data           4  freertos.o(.data)
    ANO_DT_Data_TaskHandle                   0x2000001c   Data           4  freertos.o(.data)
    Prepare_Data_TaskHandle                  0x20000020   Data           4  freertos.o(.data)
    IMUupdate_TaskHandle                     0x20000024   Data           4  freertos.o(.data)
    Control_TaskHandle                       0x20000028   Data           4  freertos.o(.data)
    uwTickFreq                               0x2000002c   Data           1  stm32f1xx_hal.o(.data)
    uwTickPrio                               0x20000030   Data           4  stm32f1xx_hal.o(.data)
    uwTick                                   0x20000034   Data           4  stm32f1xx_hal.o(.data)
    SystemCoreClock                          0x20000038   Data           4  system_stm32f1xx.o(.data)
    pxCurrentTCB                             0x2000003c   Data           4  tasks.o(.data)
    BATT_LEDflag                             0x200000a4   Data           1  battery_adc.o(.data)
    BAT                                      0x200000a8   Data          20  battery_adc.o(.data)
    SI24R1addr                               0x200000bc   Data           1  si24r1.o(.data)
    TX_ADDRESS                               0x200000bf   Data           5  si24r1.o(.data)
    RX_ADDRESS                               0x200000c4   Data           5  si24r1.o(.data)
    SENSER_OFFSET_FLAG                       0x200000cc   Data           1  mpu6050.o(.data)
    GYRO_OFFSET_RAW                          0x200000dc   Data           6  mpu6050.o(.data)
    ACC_OFFSET_RAW                           0x200000e2   Data           6  mpu6050.o(.data)
    MPU6050_ACC_RAW                          0x200000e8   Data           6  mpu6050.o(.data)
    MPU6050_GYRO_RAW                         0x200000ee   Data           6  mpu6050.o(.data)
    dig_H1                                   0x200000f4   Data           1  bme280.o(.data)
    dig_H3                                   0x200000f5   Data           1  bme280.o(.data)
    dig_H6                                   0x200000f6   Data           1  bme280.o(.data)
    dig_T1                                   0x200000f8   Data           2  bme280.o(.data)
    dig_T2                                   0x200000fa   Data           2  bme280.o(.data)
    dig_T3                                   0x200000fc   Data           2  bme280.o(.data)
    dig_P1                                   0x200000fe   Data           2  bme280.o(.data)
    dig_P2                                   0x20000100   Data           2  bme280.o(.data)
    dig_P3                                   0x20000102   Data           2  bme280.o(.data)
    dig_P4                                   0x20000104   Data           2  bme280.o(.data)
    dig_P5                                   0x20000106   Data           2  bme280.o(.data)
    dig_P6                                   0x20000108   Data           2  bme280.o(.data)
    dig_P7                                   0x2000010a   Data           2  bme280.o(.data)
    dig_P8                                   0x2000010c   Data           2  bme280.o(.data)
    dig_P9                                   0x2000010e   Data           2  bme280.o(.data)
    dig_H2                                   0x20000110   Data           2  bme280.o(.data)
    dig_H4                                   0x20000112   Data           2  bme280.o(.data)
    dig_H5                                   0x20000114   Data           2  bme280.o(.data)
    hum_raw                                  0x20000118   Data           4  bme280.o(.data)
    temp_raw                                 0x2000011c   Data           4  bme280.o(.data)
    pres_raw                                 0x20000120   Data           4  bme280.o(.data)
    t_fine                                   0x20000124   Data           4  bme280.o(.data)
    SI24R1_Controlflag                       0x2000012c   Data           1  control.o(.data)
    Airplane_Enable                          0x2000012d   Data           1  control.o(.data)
    Moto_PWM_1                               0x20000130   Data           4  control.o(.data)
    Moto_PWM_2                               0x20000134   Data           4  control.o(.data)
    Moto_PWM_3                               0x20000138   Data           4  control.o(.data)
    Moto_PWM_4                               0x2000013c   Data           4  control.o(.data)
    DataID                                   0x20000142   Data           1  remotedata.o(.data)
    RC_Control                               0x20000144   Data           8  remotedata.o(.data)
    flag                                     0x2000014c   Data           1  ano_dt.o(.data)
    AccbUpdate                               0x20000158   Data           1  imu.o(.data)
    q0                                       0x2000015c   Data           4  imu.o(.data)
    q1                                       0x20000160   Data           4  imu.o(.data)
    q2                                       0x20000164   Data           4  imu.o(.data)
    q3                                       0x20000168   Data           4  imu.o(.data)
    exInt                                    0x2000016c   Data           4  imu.o(.data)
    eyInt                                    0x20000170   Data           4  imu.o(.data)
    ezInt                                    0x20000174   Data           4  imu.o(.data)
    __stdout                                 0x2000018c   Data           4  stdout.o(.data)
    hadc1                                    0x200003f4   Data          48  adc.o(.bss)
    hspi2                                    0x20000424   Data          88  spi.o(.bss)
    htim3                                    0x2000047c   Data          72  tim.o(.bss)
    huart1                                   0x200004c4   Data          72  usart.o(.bss)
    pFlash                                   0x20000510   Data          32  stm32f1xx_hal_flash.o(.bss)
    SI24R1_TX_DATA                           0x20002620   Data          32  si24r1.o(.bss)
    SI24R1_RX_DATA                           0x20002640   Data          32  si24r1.o(.bss)
    p_Flash                                  0x20002670   Data          32  stmflash.o(.bss)
    STMFLASH_BUF                             0x20002690   Data        1024  stmflash.o(.bss)
    FBM                                      0x20002a90   Data          64  fbm320.o(.bss)
    PIDflash                                 0x20002ad0   Data          62  paramsave.o(.bss)
    PID_ROL_Angle                            0x20002b10   Data          60  control.o(.bss)
    PID_PIT_Angle                            0x20002b4c   Data          60  control.o(.bss)
    PID_YAW_Angle                            0x20002b88   Data          60  control.o(.bss)
    PID_ROL_Rate                             0x20002bc4   Data          60  control.o(.bss)
    PID_PIT_Rate                             0x20002c00   Data          60  control.o(.bss)
    PID_YAW_Rate                             0x20002c3c   Data          60  control.o(.bss)
    PID_ALT_Rate                             0x20002c78   Data          60  control.o(.bss)
    PID_ALT                                  0x20002cb4   Data          60  control.o(.bss)
    f                                        0x20002d22   Data          10  ano_dt.o(.bss)
    data_to_send                             0x20002d2c   Data          50  ano_dt.o(.bss)
    Att_Angle                                0x20002d60   Data          12  imu.o(.bss)
    Gyr_rad                                  0x20002d6c   Data          12  imu.o(.bss)
    Acc_filt                                 0x20002d78   Data          12  imu.o(.bss)
    Acc_filtold                              0x20002d84   Data          12  imu.o(.bss)
    accb                                     0x20002d90   Data          12  imu.o(.bss)
    DCMgb                                    0x20002d9c   Data          36  imu.o(.bss)
    __initial_sp                             0x200036c0   Data           0  startup_stm32f103xb.o(STACK)



==============================================================================

Memory Map of the image

  Image Entry point : 0x080000ed

  Load Region LR_IROM1 (Base: 0x08000000, Size: 0x00006710, Max: 0x00010000, ABSOLUTE, COMPRESSED[0x000065b0])

    Execution Region ER_IROM1 (Exec base: 0x08000000, Load base: 0x08000000, Size: 0x0000657c, Max: 0x00010000, ABSOLUTE)

    Exec Addr    Load Addr    Size         Type   Attr      Idx    E Section Name        Object

    0x08000000   0x08000000   0x000000ec   Data   RO            3    RESET               startup_stm32f103xb.o
    0x080000ec   0x080000ec   0x00000000   Code   RO         6655  * .ARM.Collect$$$$00000000  mc_w.l(entry.o)
    0x080000ec   0x080000ec   0x00000004   Code   RO         7027    .ARM.Collect$$$$00000001  mc_w.l(entry2.o)
    0x080000f0   0x080000f0   0x00000004   Code   RO         7030    .ARM.Collect$$$$00000004  mc_w.l(entry5.o)
    0x080000f4   0x080000f4   0x00000000   Code   RO         7032    .ARM.Collect$$$$00000008  mc_w.l(entry7b.o)
    0x080000f4   0x080000f4   0x00000000   Code   RO         7034    .ARM.Collect$$$$0000000A  mc_w.l(entry8b.o)
    0x080000f4   0x080000f4   0x00000008   Code   RO         7035    .ARM.Collect$$$$0000000B  mc_w.l(entry9a.o)
    0x080000fc   0x080000fc   0x00000004   Code   RO         7042    .ARM.Collect$$$$0000000E  mc_w.l(entry12b.o)
    0x08000100   0x08000100   0x00000000   Code   RO         7037    .ARM.Collect$$$$0000000F  mc_w.l(entry10a.o)
    0x08000100   0x08000100   0x00000000   Code   RO         7039    .ARM.Collect$$$$00000011  mc_w.l(entry11a.o)
    0x08000100   0x08000100   0x00000004   Code   RO         7028    .ARM.Collect$$$$00002712  mc_w.l(entry2.o)
    0x08000104   0x08000104   0x00000096   Code   RO         4920    .emb_text           port.o
    0x0800019a   0x0800019a   0x00000002   PAD
    0x0800019c   0x0800019c   0x00000024   Code   RO            4    .text               startup_stm32f103xb.o
    0x080001c0   0x080001c0   0x00000020   Code   RO         6658    .text               mc_w.l(llushr.o)
    0x080001e0   0x080001e0   0x00000024   Code   RO         6660    .text               mc_w.l(rand.o)
    0x08000204   0x08000204   0x00000024   Code   RO         6663    .text               mc_w.l(memcpya.o)
    0x08000228   0x08000228   0x00000024   Code   RO         6667    .text               mc_w.l(memseta.o)
    0x0800024c   0x0800024c   0x000000b0   Code   RO         6931    .text               mf_w.l(fadd.o)
    0x080002fc   0x080002fc   0x00000064   Code   RO         6933    .text               mf_w.l(fmul.o)
    0x08000360   0x08000360   0x0000007c   Code   RO         6935    .text               mf_w.l(fdiv.o)
    0x080003dc   0x080003dc   0x00000018   Code   RO         6937    .text               mf_w.l(fscalb.o)
    0x080003f4   0x080003f4   0x0000014e   Code   RO         6939    .text               mf_w.l(dadd.o)
    0x08000542   0x08000542   0x000000e4   Code   RO         6941    .text               mf_w.l(dmul.o)
    0x08000626   0x08000626   0x000000de   Code   RO         6943    .text               mf_w.l(ddiv.o)
    0x08000704   0x08000704   0x0000002e   Code   RO         6945    .text               mf_w.l(dscalb.o)
    0x08000732   0x08000732   0x00000012   Code   RO         6947    .text               mf_w.l(fflti.o)
    0x08000744   0x08000744   0x0000000a   Code   RO         6949    .text               mf_w.l(ffltui.o)
    0x0800074e   0x0800074e   0x00000032   Code   RO         6957    .text               mf_w.l(ffixi.o)
    0x08000780   0x08000780   0x00000028   Code   RO         6959    .text               mf_w.l(ffixui.o)
    0x080007a8   0x080007a8   0x00000026   Code   RO         6963    .text               mf_w.l(f2d.o)
    0x080007ce   0x080007ce   0x00000038   Code   RO         6965    .text               mf_w.l(d2f.o)
    0x08000806   0x08000806   0x00000002   PAD
    0x08000808   0x08000808   0x00000014   Code   RO         6967    .text               mf_w.l(cfcmple.o)
    0x0800081c   0x0800081c   0x00000014   Code   RO         6969    .text               mf_w.l(cfrcmple.o)
    0x08000830   0x08000830   0x0000001e   Code   RO         7048    .text               mc_w.l(llshl.o)
    0x0800084e   0x0800084e   0x00000024   Code   RO         7050    .text               mc_w.l(llsshr.o)
    0x08000872   0x08000872   0x00000000   Code   RO         7059    .text               mc_w.l(iusefp.o)
    0x08000872   0x08000872   0x0000006e   Code   RO         7060    .text               mf_w.l(fepilogue.o)
    0x080008e0   0x080008e0   0x000000ba   Code   RO         7064    .text               mf_w.l(depilogue.o)
    0x0800099a   0x0800099a   0x00000002   PAD
    0x0800099c   0x0800099c   0x00000030   Code   RO         7070    .text               mf_w.l(cdcmple.o)
    0x080009cc   0x080009cc   0x00000024   Code   RO         7076    .text               mc_w.l(init.o)
    0x080009f0   0x080009f0   0x00000056   Code   RO         7088    .text               mc_w.l(__dczerorl2.o)
    0x08000a46   0x08000a46   0x00000040   Code   RO         5119    i.ACC_Offset_LED    ws2812b_led.o
    0x08000a86   0x08000a86   0x00000002   PAD
    0x08000a88   0x08000a88   0x00000056   Code   RO          754    i.ADC_ConversionStop_Disable  stm32f1xx_hal_adc.o
    0x08000ade   0x08000ade   0x00000002   PAD
    0x08000ae0   0x08000ae0   0x00000294   Code   RO         6364    i.ANO_DT_Data_Exchange  ano_dt.o
    0x08000d74   0x08000d74   0x00000004   Code   RO         6368    i.ANO_DT_Send_Data  ano_dt.o
    0x08000d78   0x08000d78   0x0000014c   Code   RO         6370    i.ANO_DT_Send_PID   ano_dt.o
    0x08000ec4   0x08000ec4   0x00000058   Code   RO         6371    i.ANO_DT_Send_Power  ano_dt.o
    0x08000f1c   0x08000f1c   0x000000d4   Code   RO         6373    i.ANO_DT_Send_Senser  ano_dt.o
    0x08000ff0   0x08000ff0   0x000000bc   Code   RO         6374    i.ANO_DT_Send_Status  ano_dt.o
    0x080010ac   0x080010ac   0x00000002   Code   RO         5055    i.BATT_Init         battery_adc.o
    0x080010ae   0x080010ae   0x00000002   Code   RO          625    i.BusFault_Handler  stm32f1xx_it.o
    0x080010b0   0x080010b0   0x000000c8   Code   RO         6306    i.Button_command    remotedata.o
    0x08001178   0x08001178   0x000000dc   Code   RO         6375    i.Data_Send_AngleRate  ano_dt.o
    0x08001254   0x08001254   0x00000002   Code   RO          626    i.DebugMon_Handler  stm32f1xx_it.o
    0x08001256   0x08001256   0x00000002   PAD
    0x08001258   0x08001258   0x0000004c   Code   RO         6087    i.DefaultParams     paramsave.o
    0x080012a4   0x080012a4   0x0000001c   Code   RO         6088    i.DefaultParams_WriteFlash  paramsave.o
    0x080012c0   0x080012c0   0x00000080   Code   RO          627    i.EXTI2_IRQHandler  stm32f1xx_it.o
    0x08001340   0x08001340   0x00000004   Code   RO           13    i.Error_Handler     main.o
    0x08001344   0x08001344   0x0000001c   Code   RO         1747    i.FLASH_Program_HalfWord  stm32f1xx_hal_flash.o
    0x08001360   0x08001360   0x0000005c   Code   RO         1748    i.FLASH_SetErrorCode  stm32f1xx_hal_flash.o
    0x080013bc   0x080013bc   0x00000054   Code   RO         1749    i.FLASH_WaitForLastOperation  stm32f1xx_hal_flash.o
    0x08001410   0x08001410   0x00000058   Code   RO         6532    i.FindPos           filter.o
    0x08001468   0x08001468   0x00000024   Code   RO         5612    i.Flash_PageErase   stmflash.o
    0x0800148c   0x0800148c   0x00000040   Code   RO         5122    i.GYRO_Offset_LED   ws2812b_led.o
    0x080014cc   0x080014cc   0x000000fc   Code   RO          760    i.HAL_ADC_ConfigChannel  stm32f1xx_hal_adc.o
    0x080015c8   0x080015c8   0x0000011c   Code   RO          769    i.HAL_ADC_Init      stm32f1xx_hal_adc.o
    0x080016e4   0x080016e4   0x00000058   Code   RO          409    i.HAL_ADC_MspInit   adc.o
    0x0800173c   0x0800173c   0x00000024   Code   RO         1037    i.HAL_Delay         stm32f1xx_hal.o
    0x08001760   0x08001760   0x00000014   Code   RO         1753    i.HAL_FLASH_Lock    stm32f1xx_hal_flash.o
    0x08001774   0x08001774   0x00000080   Code   RO         1758    i.HAL_FLASH_Program  stm32f1xx_hal_flash.o
    0x080017f4   0x080017f4   0x00000028   Code   RO         1760    i.HAL_FLASH_Unlock  stm32f1xx_hal_flash.o
    0x0800181c   0x0800181c   0x00000002   Code   RO         1345    i.HAL_GPIO_EXTI_Callback  stm32f1xx_hal_gpio.o
    0x0800181e   0x0800181e   0x00000002   PAD
    0x08001820   0x08001820   0x00000018   Code   RO         1346    i.HAL_GPIO_EXTI_IRQHandler  stm32f1xx_hal_gpio.o
    0x08001838   0x08001838   0x000001e0   Code   RO         1347    i.HAL_GPIO_Init     stm32f1xx_hal_gpio.o
    0x08001a18   0x08001a18   0x0000000a   Code   RO         1349    i.HAL_GPIO_ReadPin  stm32f1xx_hal_gpio.o
    0x08001a22   0x08001a22   0x00000010   Code   RO         1350    i.HAL_GPIO_TogglePin  stm32f1xx_hal_gpio.o
    0x08001a32   0x08001a32   0x0000000a   Code   RO         1351    i.HAL_GPIO_WritePin  stm32f1xx_hal_gpio.o
    0x08001a3c   0x08001a3c   0x0000000c   Code   RO         1041    i.HAL_GetTick       stm32f1xx_hal.o
    0x08001a48   0x08001a48   0x00000010   Code   RO         1047    i.HAL_IncTick       stm32f1xx_hal.o
    0x08001a58   0x08001a58   0x00000024   Code   RO         1048    i.HAL_Init          stm32f1xx_hal.o
    0x08001a7c   0x08001a7c   0x00000040   Code   RO         1049    i.HAL_InitTick      stm32f1xx_hal.o
    0x08001abc   0x08001abc   0x00000048   Code   RO          694    i.HAL_MspInit       stm32f1xx_hal_msp.o
    0x08001b04   0x08001b04   0x0000001a   Code   RO         1507    i.HAL_NVIC_EnableIRQ  stm32f1xx_hal_cortex.o
    0x08001b1e   0x08001b1e   0x00000002   PAD
    0x08001b20   0x08001b20   0x00000040   Code   RO         1513    i.HAL_NVIC_SetPriority  stm32f1xx_hal_cortex.o
    0x08001b60   0x08001b60   0x00000024   Code   RO         1514    i.HAL_NVIC_SetPriorityGrouping  stm32f1xx_hal_cortex.o
    0x08001b84   0x08001b84   0x000000ec   Code   RO         1309    i.HAL_RCCEx_PeriphCLKConfig  stm32f1xx_hal_rcc_ex.o
    0x08001c70   0x08001c70   0x0000012c   Code   RO         1205    i.HAL_RCC_ClockConfig  stm32f1xx_hal_rcc.o
    0x08001d9c   0x08001d9c   0x00000020   Code   RO         1212    i.HAL_RCC_GetPCLK1Freq  stm32f1xx_hal_rcc.o
    0x08001dbc   0x08001dbc   0x00000020   Code   RO         1213    i.HAL_RCC_GetPCLK2Freq  stm32f1xx_hal_rcc.o
    0x08001ddc   0x08001ddc   0x0000004c   Code   RO         1214    i.HAL_RCC_GetSysClockFreq  stm32f1xx_hal_rcc.o
    0x08001e28   0x08001e28   0x00000320   Code   RO         1217    i.HAL_RCC_OscConfig  stm32f1xx_hal_rcc.o
    0x08002148   0x08002148   0x000000b2   Code   RO         2018    i.HAL_SPI_Init      stm32f1xx_hal_spi.o
    0x080021fa   0x080021fa   0x00000002   PAD
    0x080021fc   0x080021fc   0x00000074   Code   RO          451    i.HAL_SPI_MspInit   spi.o
    0x08002270   0x08002270   0x000001f0   Code   RO         2027    i.HAL_SPI_TransmitReceive  stm32f1xx_hal_spi.o
    0x08002460   0x08002460   0x00000018   Code   RO         1516    i.HAL_SYSTICK_CLKSourceConfig  stm32f1xx_hal_cortex.o
    0x08002478   0x08002478   0x00000028   Code   RO         1518    i.HAL_SYSTICK_Config  stm32f1xx_hal_cortex.o
    0x080024a0   0x080024a0   0x00000068   Code   RO         3054    i.HAL_TIMEx_MasterConfigSynchronization  stm32f1xx_hal_tim_ex.o
    0x08002508   0x08002508   0x0000005a   Code   RO         2331    i.HAL_TIM_Base_Init  stm32f1xx_hal_tim.o
    0x08002562   0x08002562   0x00000002   PAD
    0x08002564   0x08002564   0x00000028   Code   RO          505    i.HAL_TIM_Base_MspInit  tim.o
    0x0800258c   0x0800258c   0x000000dc   Code   RO         2340    i.HAL_TIM_ConfigClockSource  stm32f1xx_hal_tim.o
    0x08002668   0x08002668   0x00000070   Code   RO          506    i.HAL_TIM_MspPostInit  tim.o
    0x080026d8   0x080026d8   0x000000cc   Code   RO         2403    i.HAL_TIM_PWM_ConfigChannel  stm32f1xx_hal_tim.o
    0x080027a4   0x080027a4   0x0000005a   Code   RO         2406    i.HAL_TIM_PWM_Init  stm32f1xx_hal_tim.o
    0x080027fe   0x080027fe   0x00000002   Code   RO         2408    i.HAL_TIM_PWM_MspInit  stm32f1xx_hal_tim.o
    0x08002800   0x08002800   0x0000009c   Code   RO         2411    i.HAL_TIM_PWM_Start  stm32f1xx_hal_tim.o
    0x0800289c   0x0800289c   0x00000064   Code   RO         3332    i.HAL_UART_Init     stm32f1xx_hal_uart.o
    0x08002900   0x08002900   0x00000070   Code   RO          553    i.HAL_UART_MspInit  usart.o
    0x08002970   0x08002970   0x000000a0   Code   RO         3340    i.HAL_UART_Transmit  stm32f1xx_hal_uart.o
    0x08002a10   0x08002a10   0x00000002   Code   RO          628    i.HardFault_Handler  stm32f1xx_it.o
    0x08002a12   0x08002a12   0x00000002   PAD
    0x08002a14   0x08002a14   0x0000004c   Code   RO         5272    i.IIC_Ack           iic.o
    0x08002a60   0x08002a60   0x00000018   Code   RO         5892    i.IIC_Init          myiic.o
    0x08002a78   0x08002a78   0x0000004c   Code   RO         5274    i.IIC_NAck          iic.o
    0x08002ac4   0x08002ac4   0x00000070   Code   RO         5275    i.IIC_ReadByte      iic.o
    0x08002b34   0x08002b34   0x0000004a   Code   RO         5276    i.IIC_ReadByteFromSlave  iic.o
    0x08002b7e   0x08002b7e   0x00000066   Code   RO         5277    i.IIC_ReadMultByteFromSlave  iic.o
    0x08002be4   0x08002be4   0x00000074   Code   RO         5893    i.IIC_Read_Byte     myiic.o
    0x08002c58   0x08002c58   0x00000070   Code   RO         5278    i.IIC_SendByte      iic.o
    0x08002cc8   0x08002cc8   0x00000068   Code   RO         5894    i.IIC_Send_Byte     myiic.o
    0x08002d30   0x08002d30   0x0000004c   Code   RO         5279    i.IIC_Start         iic.o
    0x08002d7c   0x08002d7c   0x00000050   Code   RO         5280    i.IIC_Stop          iic.o
    0x08002dcc   0x08002dcc   0x00000068   Code   RO         5281    i.IIC_WaitAck       iic.o
    0x08002e34   0x08002e34   0x00000060   Code   RO         5895    i.IIC_Wait_Ack      myiic.o
    0x08002e94   0x08002e94   0x0000003e   Code   RO         5282    i.IIC_WriteByteToSlave  iic.o
    0x08002ed2   0x08002ed2   0x00000002   PAD
    0x08002ed4   0x08002ed4   0x00000420   Code   RO         6472    i.IMUupdate         imu.o
    0x080032f4   0x080032f4   0x00000010   Code   RO         5484    i.MPU6050_CalOff    mpu6050.o
    0x08003304   0x08003304   0x00000010   Code   RO         5485    i.MPU6050_CalOff_Acc  mpu6050.o
    0x08003314   0x08003314   0x00000030   Code   RO         5487    i.MPU6050_Check     mpu6050.o
    0x08003344   0x08003344   0x00000050   Code   RO         5489    i.MPU6050_Init      mpu6050.o
    0x08003394   0x08003394   0x0000006c   Code   RO         5490    i.MPU6050_OffSet    mpu6050.o
    0x08003400   0x08003400   0x000000c8   Code   RO         5491    i.MPU6050_Offset    mpu6050.o
    0x080034c8   0x080034c8   0x00000010   Code   RO         5492    i.MPU6050_Read      mpu6050.o
    0x080034d8   0x080034d8   0x00000014   Code   RO         5493    i.MPU6050_ReadByte  mpu6050.o
    0x080034ec   0x080034ec   0x00000016   Code   RO         5494    i.MPU6050_ReadMultBytes  mpu6050.o
    0x08003502   0x08003502   0x00000014   Code   RO         5496    i.MPU6050_WriteByte  mpu6050.o
    0x08003516   0x08003516   0x00000010   Code   RO         5498    i.MPU6050_getDeviceID  mpu6050.o
    0x08003526   0x08003526   0x00000012   Code   RO         5499    i.MPU6050_testConnection  mpu6050.o
    0x08003538   0x08003538   0x00000050   Code   RO          410    i.MX_ADC1_Init      adc.o
    0x08003588   0x08003588   0x00000104   Code   RO          286    i.MX_FREERTOS_Init  freertos.o
    0x0800368c   0x0800368c   0x00000118   Code   RO          262    i.MX_GPIO_Init      gpio.o
    0x080037a4   0x080037a4   0x00000048   Code   RO          452    i.MX_SPI2_Init      spi.o
    0x080037ec   0x080037ec   0x000000ec   Code   RO          507    i.MX_TIM3_Init      tim.o
    0x080038d8   0x080038d8   0x00000038   Code   RO          554    i.MX_USART1_UART_Init  usart.o
    0x08003910   0x08003910   0x00000048   Code   RO         5896    i.MY_IIC_Ack        myiic.o
    0x08003958   0x08003958   0x00000048   Code   RO         5897    i.MY_IIC_NAck       myiic.o
    0x080039a0   0x080039a0   0x0000004c   Code   RO         5898    i.MY_IIC_Start      myiic.o
    0x080039ec   0x080039ec   0x0000004c   Code   RO         5899    i.MY_IIC_Stop       myiic.o
    0x08003a38   0x08003a38   0x00000002   Code   RO          629    i.MemManage_Handler  stm32f1xx_it.o
    0x08003a3a   0x08003a3a   0x00000002   Code   RO          630    i.NMI_Handler       stm32f1xx_it.o
    0x08003a3c   0x08003a3c   0x00000078   Code   RO         6090    i.PID_ReadFlash     paramsave.o
    0x08003ab4   0x08003ab4   0x0000001c   Code   RO         6091    i.PID_WriteFlash    paramsave.o
    0x08003ad0   0x08003ad0   0x0000001c   Code   RO         5000    i.PWR_ON            pwr_on.o
    0x08003aec   0x08003aec   0x00000038   Code   RO         5027    i.PWR_ON_OFF        pwr_on_off.o
    0x08003b24   0x08003b24   0x000001c0   Code   RO         6093    i.ParamsToTable     paramsave.o
    0x08003ce4   0x08003ce4   0x00000094   Code   RO         6170    i.PidParameter_init  pid.o
    0x08003d78   0x08003d78   0x00000148   Code   RO         6473    i.Prepare_Data      imu.o
    0x08003ec0   0x08003ec0   0x0000002e   Code   RO         6534    i.QuiteSort         filter.o
    0x08003eee   0x08003eee   0x00000018   Code   RO         5124    i.RGB_LED_Blue      ws2812b_led.o
    0x08003f06   0x08003f06   0x00000018   Code   RO         5127    i.RGB_LED_Off       ws2812b_led.o
    0x08003f1e   0x08003f1e   0x00000018   Code   RO         5135    i.RGB_LED_green     ws2812b_led.o
    0x08003f36   0x08003f36   0x00000002   PAD
    0x08003f38   0x08003f38   0x00000024   Code   RO         5136    i.RGB_WByte         ws2812b_led.o
    0x08003f5c   0x08003f5c   0x0000004c   Code   RO         6307    i.Remote_Data_ReceiveAnalysis  remotedata.o
    0x08003fa8   0x08003fa8   0x00000038   Code   RO         5284    i.SDA_IN            iic.o
    0x08003fe0   0x08003fe0   0x0000003c   Code   RO         5285    i.SDA_OUT           iic.o
    0x0800401c   0x0800401c   0x00000030   Code   RO         5377    i.SI24R1_Check      si24r1.o
    0x0800404c   0x0800404c   0x00000088   Code   RO         5378    i.SI24R1_Config     si24r1.o
    0x080040d4   0x080040d4   0x0000004c   Code   RO         5379    i.SI24R1_GetAddr    si24r1.o
    0x08004120   0x08004120   0x00000028   Code   RO         5380    i.SI24R1_Init       si24r1.o
    0x08004148   0x08004148   0x0000004c   Code   RO         5381    i.SI24R1_Read_Buf   si24r1.o
    0x08004194   0x08004194   0x00000038   Code   RO         5382    i.SI24R1_RxPacket   si24r1.o
    0x080041cc   0x080041cc   0x00000054   Code   RO         6308    i.SI24R1_SingalCheck  remotedata.o
    0x08004220   0x08004220   0x00000060   Code   RO         5384    i.SI24R1_TxPacket   si24r1.o
    0x08004280   0x08004280   0x0000004c   Code   RO         5385    i.SI24R1_Write_Buf  si24r1.o
    0x080042cc   0x080042cc   0x00000034   Code   RO         5386    i.SI24R1_read_reg   si24r1.o
    0x08004300   0x08004300   0x00000048   Code   RO         5387    i.SI24R1_testConnection  si24r1.o
    0x08004348   0x08004348   0x0000003c   Code   RO         5388    i.SI24R1_write_reg  si24r1.o
    0x08004384   0x08004384   0x00000064   Code   RO         5389    i.SI24R1set_Mode    si24r1.o
    0x080043e8   0x080043e8   0x00000034   Code   RO         2056    i.SPI_EndRxTxTransaction  stm32f1xx_hal_spi.o
    0x0800441c   0x0800441c   0x000000b8   Code   RO         2061    i.SPI_WaitFlagStateUntilTimeout  stm32f1xx_hal_spi.o
    0x080044d4   0x080044d4   0x0000001a   Code   RO         5613    i.STMFLASH_Read     stmflash.o
    0x080044ee   0x080044ee   0x00000002   PAD
    0x080044f0   0x080044f0   0x000000e0   Code   RO         5615    i.STMFLASH_Write    stmflash.o
    0x080045d0   0x080045d0   0x0000002c   Code   RO         5616    i.STMFLASH_Write_NoCheck  stmflash.o
    0x080045fc   0x080045fc   0x000000f4   Code   RO         6309    i.SendToRemote      remotedata.o
    0x080046f0   0x080046f0   0x00000100   Code   RO         6537    i.SortAver_FilterXYZ  filter.o
    0x080047f0   0x080047f0   0x0000000c   Code   RO          287    i.StartT_Prepare_Data_Task  freertos.o
    0x080047fc   0x080047fc   0x00000008   Code   RO          288    i.StartTask11       freertos.o
    0x08004804   0x08004804   0x0000000c   Code   RO          289    i.Start_ANO_DT_Data_Task  freertos.o
    0x08004810   0x08004810   0x00000008   Code   RO          290    i.Start_Airplane_Enable  freertos.o
    0x08004818   0x08004818   0x00000008   Code   RO          291    i.Start_BMP280_Task  freertos.o
    0x08004820   0x08004820   0x00000020   Code   RO          292    i.Start_IMUupdate_Task  freertos.o
    0x08004840   0x08004840   0x00000020   Code   RO          293    i.Start_LED_Task    freertos.o
    0x08004860   0x08004860   0x0000000c   Code   RO          294    i.Start_PWR_Task    freertos.o
    0x0800486c   0x0800486c   0x00000010   Code   RO          295    i.Start_SI24R1_GetAddr  freertos.o
    0x0800487c   0x0800487c   0x0000000c   Code   RO          296    i.Start_SI24R1_SingalCheck  freertos.o
    0x08004888   0x08004888   0x00000010   Code   RO          297    i.Start_SendToRemote_Task  freertos.o
    0x08004898   0x08004898   0x00000018   Code   RO          631    i.SysTick_Handler   stm32f1xx_it.o
    0x080048b0   0x080048b0   0x00000078   Code   RO           14    i.SystemClock_Config  main.o
    0x08004928   0x08004928   0x00000002   Code   RO         3666    i.SystemInit        system_stm32f1xx.o
    0x0800492a   0x0800492a   0x00000002   PAD
    0x0800492c   0x0800492c   0x00000078   Code   RO         2424    i.TIM_Base_SetConfig  stm32f1xx_hal_tim.o
    0x080049a4   0x080049a4   0x0000001a   Code   RO         2425    i.TIM_CCxChannelCmd  stm32f1xx_hal_tim.o
    0x080049be   0x080049be   0x00000014   Code   RO         2435    i.TIM_ETR_SetConfig  stm32f1xx_hal_tim.o
    0x080049d2   0x080049d2   0x00000010   Code   RO         2436    i.TIM_ITRx_SetConfig  stm32f1xx_hal_tim.o
    0x080049e2   0x080049e2   0x00000002   PAD
    0x080049e4   0x080049e4   0x00000050   Code   RO         2437    i.TIM_OC1_SetConfig  stm32f1xx_hal_tim.o
    0x08004a34   0x08004a34   0x00000058   Code   RO         2438    i.TIM_OC2_SetConfig  stm32f1xx_hal_tim.o
    0x08004a8c   0x08004a8c   0x00000058   Code   RO         2439    i.TIM_OC3_SetConfig  stm32f1xx_hal_tim.o
    0x08004ae4   0x08004ae4   0x00000044   Code   RO         2440    i.TIM_OC4_SetConfig  stm32f1xx_hal_tim.o
    0x08004b28   0x08004b28   0x00000022   Code   RO         2442    i.TIM_TI1_ConfigInputStage  stm32f1xx_hal_tim.o
    0x08004b4a   0x08004b4a   0x00000024   Code   RO         2444    i.TIM_TI2_ConfigInputStage  stm32f1xx_hal_tim.o
    0x08004b6e   0x08004b6e   0x00000002   PAD
    0x08004b70   0x08004b70   0x000001c0   Code   RO         6094    i.TableToParams     paramsave.o
    0x08004d30   0x08004d30   0x0000004e   Code   RO         3355    i.UART_EndRxTransfer  stm32f1xx_hal_uart.o
    0x08004d7e   0x08004d7e   0x00000002   PAD
    0x08004d80   0x08004d80   0x000000b8   Code   RO         3358    i.UART_SetConfig    stm32f1xx_hal_uart.o
    0x08004e38   0x08004e38   0x00000072   Code   RO         3361    i.UART_WaitOnFlagUntilTimeout  stm32f1xx_hal_uart.o
    0x08004eaa   0x08004eaa   0x00000002   PAD
    0x08004eac   0x08004eac   0x00000018   Code   RO         6310    i.UnControl_Land    remotedata.o
    0x08004ec4   0x08004ec4   0x00000002   Code   RO          632    i.UsageFault_Handler  stm32f1xx_it.o
    0x08004ec6   0x08004ec6   0x00000002   PAD
    0x08004ec8   0x08004ec8   0x00000018   Code   RO          555    i.Usart_SendByte    usart.o
    0x08004ee0   0x08004ee0   0x0000006c   Code   RO         5137    i.Write0            ws2812b_led.o
    0x08004f4c   0x08004f4c   0x00000074   Code   RO         5138    i.Write1            ws2812b_led.o
    0x08004fc0   0x08004fc0   0x0000001a   Code   RO         5139    i.Write24Bit        ws2812b_led.o
    0x08004fda   0x08004fda   0x00000002   PAD
    0x08004fdc   0x08004fdc   0x00000010   Code   RO         6672    i.__0printf$bare    mc_w.l(printfb.o)
    0x08004fec   0x08004fec   0x00000028   Code   RO         6995    i.__ARM_fpclassify  m_ws.l(fpclassify.o)
    0x08005014   0x08005014   0x00000020   Code   RO         1520    i.__NVIC_SetPriority  stm32f1xx_hal_cortex.o
    0x08005034   0x08005034   0x000000aa   Code   RO         7013    i.__kernel_poly     m_ws.l(poly.o)
    0x080050de   0x080050de   0x00000006   Code   RO         6982    i.__mathlib_dbl_infnan  m_ws.l(dunder.o)
    0x080050e4   0x080050e4   0x00000004   Code   RO         6983    i.__mathlib_dbl_infnan2  m_ws.l(dunder.o)
    0x080050e8   0x080050e8   0x00000010   Code   RO         6987    i.__mathlib_dbl_underflow  m_ws.l(dunder.o)
    0x080050f8   0x080050f8   0x0000000e   Code   RO         7082    i.__scatterload_copy  mc_w.l(handlers.o)
    0x08005106   0x08005106   0x00000002   Code   RO         7083    i.__scatterload_null  mc_w.l(handlers.o)
    0x08005108   0x08005108   0x0000000e   Code   RO         7084    i.__scatterload_zeroinit  mc_w.l(handlers.o)
    0x08005116   0x08005116   0x00000002   PAD
    0x08005118   0x08005118   0x0000000c   Code   RO         7054    i.__set_errno       mc_w.l(errno.o)
    0x08005124   0x08005124   0x00000022   Code   RO         6679    i._printf_core      mc_w.l(printfb.o)
    0x08005146   0x08005146   0x00000002   PAD
    0x08005148   0x08005148   0x00000220   Code   RO         6972    i.atan              m_ws.l(atan.o)
    0x08005368   0x08005368   0x0000019c   Code   RO         6612    i.atan2             m_ws.l(atan2.o)
    0x08005504   0x08005504   0x00000014   Code   RO         5810    i.bme280Init        bme280.o
    0x08005518   0x08005518   0x00000014   Code   RO         5997    i.delay_init        delay.o
    0x0800552c   0x0800552c   0x0000001a   Code   RO         5998    i.delay_ms          delay.o
    0x08005546   0x08005546   0x00000002   PAD
    0x08005548   0x08005548   0x00000034   Code   RO         5999    i.delay_us          delay.o
    0x0800557c   0x0800557c   0x00000018   Code   RO          557    i.fputc             usart.o
    0x08005594   0x08005594   0x00000058   Code   RO         5900    i.iicDevRead        myiic.o
    0x080055ec   0x080055ec   0x00000032   Code   RO         5905    i.iicDevWriteByte   myiic.o
    0x0800561e   0x0800561e   0x00000002   PAD
    0x08005620   0x08005620   0x00000034   Code   RO         6474    i.invSqrt           imu.o
    0x08005654   0x08005654   0x00000058   Code   RO           15    i.main              main.o
    0x080056ac   0x080056ac   0x0000000c   Code   RO         4486    i.makeFreeRtosPriority  cmsis_os.o
    0x080056b8   0x080056b8   0x0000000e   Code   RO         4488    i.osDelay           cmsis_os.o
    0x080056c6   0x080056c6   0x0000000a   Code   RO         4491    i.osKernelStart     cmsis_os.o
    0x080056d0   0x080056d0   0x00000054   Code   RO         4525    i.osThreadCreate    cmsis_os.o
    0x08005724   0x08005724   0x00000070   Code   RO         4168    i.prvAddCurrentTaskToDelayedList  tasks.o
    0x08005794   0x08005794   0x000000d0   Code   RO         4169    i.prvAddNewTaskToReadyList  tasks.o
    0x08005864   0x08005864   0x00000034   Code   RO         4170    i.prvDeleteTCB      tasks.o
    0x08005898   0x08005898   0x0000004c   Code   RO         4853    i.prvHeapInit       heap_4.o
    0x080058e4   0x080058e4   0x00000060   Code   RO         4171    i.prvIdleTask       tasks.o
    0x08005944   0x08005944   0x00000098   Code   RO         4172    i.prvInitialiseNewTask  tasks.o
    0x080059dc   0x080059dc   0x0000004c   Code   RO         4854    i.prvInsertBlockIntoFreeList  heap_4.o
    0x08005a28   0x08005a28   0x00000020   Code   RO         4173    i.prvResetNextTaskUnblockTime  tasks.o
    0x08005a48   0x08005a48   0x00000028   Code   RO         4921    i.prvTaskExitError  port.o
    0x08005a70   0x08005a70   0x000000dc   Code   RO         4855    i.pvPortMalloc      heap_4.o
    0x08005b4c   0x08005b4c   0x00000024   Code   RO         4922    i.pxPortInitialiseStack  port.o
    0x08005b70   0x08005b70   0x000000b0   Code   RO         5816    i.readTrim          bme280.o
    0x08005c20   0x08005c20   0x00000026   Code   RO         5817    i.setup             bme280.o
    0x08005c46   0x08005c46   0x00000002   PAD
    0x08005c48   0x08005c48   0x00000020   Code   RO          453    i.spi2_read_write_byte  spi.o
    0x08005c68   0x08005c68   0x0000001a   Code   RO          558    i.u1_SendArray      usart.o
    0x08005c82   0x08005c82   0x00000026   Code   RO         3804    i.uxListRemove      list.o
    0x08005ca8   0x08005ca8   0x00000014   Code   RO          298    i.vApplicationGetIdleTaskMemory  freertos.o
    0x08005cbc   0x08005cbc   0x00000016   Code   RO         3805    i.vListInitialise   list.o
    0x08005cd2   0x08005cd2   0x00000006   Code   RO         3806    i.vListInitialiseItem  list.o
    0x08005cd8   0x08005cd8   0x00000030   Code   RO         3807    i.vListInsert       list.o
    0x08005d08   0x08005d08   0x00000018   Code   RO         3808    i.vListInsertEnd    list.o
    0x08005d20   0x08005d20   0x00000040   Code   RO         4924    i.vPortEnterCritical  port.o
    0x08005d60   0x08005d60   0x00000028   Code   RO         4925    i.vPortExitCritical  port.o
    0x08005d88   0x08005d88   0x00000064   Code   RO         4856    i.vPortFree         heap_4.o
    0x08005dec   0x08005dec   0x00000024   Code   RO         4926    i.vPortSetupTimerInterrupt  port.o
    0x08005e10   0x08005e10   0x0000004c   Code   RO         4182    i.vTaskDelay        tasks.o
    0x08005e5c   0x08005e5c   0x0000006c   Code   RO         4195    i.vTaskStartScheduler  tasks.o
    0x08005ec8   0x08005ec8   0x00000010   Code   RO         4197    i.vTaskSuspendAll   tasks.o
    0x08005ed8   0x08005ed8   0x0000005c   Code   RO         4198    i.vTaskSwitchContext  tasks.o
    0x08005f34   0x08005f34   0x0000000a   Code   RO         5818    i.writeReg          bme280.o
    0x08005f3e   0x08005f3e   0x00000002   PAD
    0x08005f40   0x08005f40   0x000000a8   Code   RO         4928    i.xPortStartScheduler  port.o
    0x08005fe8   0x08005fe8   0x0000002c   Code   RO         4929    i.xPortSysTickHandler  port.o
    0x08006014   0x08006014   0x0000005a   Code   RO         4201    i.xTaskCreate       tasks.o
    0x0800606e   0x0800606e   0x00000056   Code   RO         4202    i.xTaskCreateStatic  tasks.o
    0x080060c4   0x080060c4   0x0000001c   Code   RO         4206    i.xTaskGetSchedulerState  tasks.o
    0x080060e0   0x080060e0   0x000000cc   Code   RO         4209    i.xTaskIncrementTick  tasks.o
    0x080061ac   0x080061ac   0x000000c4   Code   RO         4215    i.xTaskResumeAll    tasks.o
    0x08006270   0x08006270   0x00000134   Data   RO          300    .constdata          freertos.o
    0x080063a4   0x080063a4   0x00000012   Data   RO         1218    .constdata          stm32f1xx_hal_rcc.o
    0x080063b6   0x080063b6   0x00000010   Data   RO         3667    .constdata          system_stm32f1xx.o
    0x080063c6   0x080063c6   0x00000008   Data   RO         3668    .constdata          system_stm32f1xx.o
    0x080063ce   0x080063ce   0x00000002   PAD
    0x080063d0   0x080063d0   0x00000024   Data   RO         6479    .constdata          imu.o
    0x080063f4   0x080063f4   0x00000004   PAD
    0x080063f8   0x080063f8   0x00000098   Data   RO         6973    .constdata          m_ws.l(atan.o)
    0x08006490   0x08006490   0x00000008   Data   RO         7015    .constdata          m_ws.l(qnan.o)
    0x08006498   0x08006498   0x000000c4   Data   RO          301    .conststring        freertos.o
    0x0800655c   0x0800655c   0x00000020   Data   RO         7080    Region$$Table       anon$$obj.o


    Execution Region RW_IRAM1 (Exec base: 0x20000000, Load base: 0x0800657c, Size: 0x000036c0, Max: 0x00005000, ABSOLUTE, COMPRESSED[0x00000034])

    Exec Addr    Load Addr    Size         Type   Attr      Idx    E Section Name        Object

    0x20000000   COMPRESSED   0x0000002c   Data   RW          302    .data               freertos.o
    0x2000002c   COMPRESSED   0x0000000c   Data   RW         1055    .data               stm32f1xx_hal.o
    0x20000038   COMPRESSED   0x00000004   Data   RW         3669    .data               system_stm32f1xx.o
    0x2000003c   COMPRESSED   0x0000003c   Data   RW         4218    .data               tasks.o
    0x20000078   COMPRESSED   0x00000020   Data   RW         4862    .data               heap_4.o
    0x20000098   COMPRESSED   0x0000000c   Data   RW         4930    .data               port.o
    0x200000a4   COMPRESSED   0x00000018   Data   RW         5058    .data               battery_adc.o
    0x200000bc   COMPRESSED   0x0000000d   Data   RW         5392    .data               si24r1.o
    0x200000c9   COMPRESSED   0x00000003   PAD
    0x200000cc   COMPRESSED   0x00000028   Data   RW         5501    .data               mpu6050.o
    0x200000f4   COMPRESSED   0x00000034   Data   RW         5819    .data               bme280.o
    0x20000128   COMPRESSED   0x00000004   Data   RW         6000    .data               delay.o
    0x2000012c   COMPRESSED   0x00000014   Data   RW         6209    .data               control.o
    0x20000140   COMPRESSED   0x0000000c   Data   RW         6311    .data               remotedata.o
    0x2000014c   COMPRESSED   0x00000009   Data   RW         6378    .data               ano_dt.o
    0x20000155   COMPRESSED   0x00000003   PAD
    0x20000158   COMPRESSED   0x00000020   Data   RW         6480    .data               imu.o
    0x20000178   COMPRESSED   0x0000000e   Data   RW         6540    .data               filter.o
    0x20000186   COMPRESSED   0x00000002   PAD
    0x20000188   COMPRESSED   0x00000004   Data   RW         6661    .data               mc_w.l(rand.o)
    0x2000018c   COMPRESSED   0x00000004   Data   RW         7043    .data               mc_w.l(stdout.o)
    0x20000190   COMPRESSED   0x00000004   Data   RW         7055    .data               mc_w.l(errno.o)
    0x20000194        -       0x00000260   Zero   RW          299    .bss                freertos.o
    0x200003f4        -       0x00000030   Zero   RW          411    .bss                adc.o
    0x20000424        -       0x00000058   Zero   RW          455    .bss                spi.o
    0x2000047c        -       0x00000048   Zero   RW          508    .bss                tim.o
    0x200004c4        -       0x00000048   Zero   RW          559    .bss                usart.o
    0x2000050c   COMPRESSED   0x00000004   PAD
    0x20000510        -       0x00000020   Zero   RW         1761    .bss                stm32f1xx_hal_flash.o
    0x20000530        -       0x000000f0   Zero   RW         4217    .bss                tasks.o
    0x20000620        -       0x00002000   Zero   RW         4861    .bss                heap_4.o
    0x20002620        -       0x00000020   Zero   RW         5390    .bss                si24r1.o
    0x20002640        -       0x00000020   Zero   RW         5391    .bss                si24r1.o
    0x20002660        -       0x0000000e   Zero   RW         5500    .bss                mpu6050.o
    0x2000266e   COMPRESSED   0x00000002   PAD
    0x20002670        -       0x00000420   Zero   RW         5617    .bss                stmflash.o
    0x20002a90        -       0x00000040   Zero   RW         5715    .bss                fbm320.o
    0x20002ad0        -       0x0000003e   Zero   RW         6095    .bss                paramsave.o
    0x20002b0e   COMPRESSED   0x00000002   PAD
    0x20002b10        -       0x00000168   Zero   RW         6206    .bss                control.o
    0x20002c78        -       0x0000003c   Zero   RW         6207    .bss                control.o
    0x20002cb4        -       0x0000003c   Zero   RW         6208    .bss                control.o
    0x20002cf0        -       0x0000006e   Zero   RW         6377    .bss                ano_dt.o
    0x20002d5e   COMPRESSED   0x00000002   PAD
    0x20002d60        -       0x0000000c   Zero   RW         6475    .bss                imu.o
    0x20002d6c        -       0x00000054   Zero   RW         6476    .bss                imu.o
    0x20002dc0        -       0x00000500   Zero   RW         6539    .bss                filter.o
    0x200032c0        -       0x00000400   Zero   RW            1    STACK               startup_stm32f103xb.o


==============================================================================

Image component sizes


      Code (inc. data)   RO Data    RW Data    ZI Data      Debug   Object Name

       168         22          0          0         48       1769   adc.o
      1704        138          0          9        110       8484   ano_dt.o
         2          0          0         24          0       5450   battery_adc.o
       244          4          0         52          0       3872   bme280.o
       120          0          0          0          0      23589   cmsis_os.o
         0          0          0         20        480       5034   control.o
        98          8          0          4          0       1963   delay.o
         0          0          0          0          0      17148   event_groups.o
         0          0          0          0         64       4448   fbm320.o
       390         10          0         14       1280       8316   filter.o
       448         36        504         44        608       8954   freertos.o
       280         20          0          0          0       1083   gpio.o
       472         24          0         32       8192       7531   heap_4.o
       990         78          0          0          0       7966   iic.o
      1436         60         36         32         96       7654   imu.o
       138          0          0          0          0       3570   list.o
       212          0          0          0          0     492333   main.o
       580         54          0         40         14      12073   mpu6050.o
       774        100          0          0          0       6365   myiic.o
      1148        178          0          0         62       8515   paramsave.o
       148         52          0          0          0        528   pid.o
       578         60          0         12          0      10596   port.o
        28          6          0          0          0        489   pwr_on.o
        56          6          0          0          0        549   pwr_on_off.o
       628        166          0         12          0       7898   remotedata.o
       888        102          0         13         64       9114   si24r1.o
       220         28          0          0         88       2328   spi.o
        36          8        236          0       1024        832   startup_stm32f103xb.o
       164         28          0         12          0       6145   stm32f1xx_hal.o
       622         24          0          0          0       3420   stm32f1xx_hal_adc.o
       222         14          0          0          0      29745   stm32f1xx_hal_cortex.o
       392         46          0          0         32       4970   stm32f1xx_hal_flash.o
       542         40          0          0          0       5444   stm32f1xx_hal_gpio.o
        72         10          0          0          0        930   stm32f1xx_hal_msp.o
      1240         84         18          0          0       5292   stm32f1xx_hal_rcc.o
       236         12          0          0          0       1444   stm32f1xx_hal_rcc_ex.o
       910          4          0          0          0       4817   stm32f1xx_hal_spi.o
      1338         44          0          0          0      12856   stm32f1xx_hal_tim.o
       104         12          0          0          0       1416   stm32f1xx_hal_tim_ex.o
       636          6          0          0          0       4816   stm32f1xx_hal_uart.o
       164         18          0          0          0       3906   stm32f1xx_it.o
       330         16          0          0       1056       3781   stmflash.o
         0          0          0          0          0        384   stream_buffer.o
         2          0         24          4          0       1203   system_stm32f1xx.o
      1548        118          0         60        240      20223   tasks.o
       388         36          0          0         72       2536   tim.o
       242         30          0          0         72       5278   usart.o
       486          8          0          0          0       5994   ws2812b_led.o

    ----------------------------------------------------------------------
     21470       1710        856        392      13612     793051   Object Totals
         0          0         32          0          0          0   (incl. Generated)
        46          0          6          8         10          0   (incl. Padding)

    ----------------------------------------------------------------------

      Code (inc. data)   RO Data    RW Data    ZI Data      Debug   Library Member Name

       544         70        152          0          0        124   atan.o
       412         38          0          0          0        144   atan2.o
        26          6          0          0          0        204   dunder.o
        40          0          0          0          0         68   fpclassify.o
       170          0          0          0          0         96   poly.o
         0          0          8          0          0          0   qnan.o
        86          0          0          0          0          0   __dczerorl2.o
         0          0          0          0          0          0   entry.o
         0          0          0          0          0          0   entry10a.o
         0          0          0          0          0          0   entry11a.o
         4          0          0          0          0          0   entry12b.o
         8          4          0          0          0          0   entry2.o
         4          0          0          0          0          0   entry5.o
         0          0          0          0          0          0   entry7b.o
         0          0          0          0          0          0   entry8b.o
         8          4          0          0          0          0   entry9a.o
        12          6          0          4          0         68   errno.o
        30          0          0          0          0          0   handlers.o
        36          8          0          0          0         68   init.o
         0          0          0          0          0          0   iusefp.o
        30          0          0          0          0         68   llshl.o
        36          0          0          0          0         68   llsshr.o
        32          0          0          0          0         68   llushr.o
        36          0          0          0          0         68   memcpya.o
        36          0          0          0          0        108   memseta.o
        50          8          0          0          0        152   printfb.o
        36         10          0          4          0        136   rand.o
         0          0          0          4          0          0   stdout.o
        48          0          0          0          0         68   cdcmple.o
        20          0          0          0          0         68   cfcmple.o
        20          0          0          0          0         68   cfrcmple.o
        56          0          0          0          0         88   d2f.o
       334          0          0          0          0        148   dadd.o
       222          0          0          0          0        100   ddiv.o
       186          0          0          0          0        176   depilogue.o
       228          0          0          0          0         96   dmul.o
        46          0          0          0          0         80   dscalb.o
        38          0          0          0          0         68   f2d.o
       176          0          0          0          0        140   fadd.o
       124          0          0          0          0         88   fdiv.o
       110          0          0          0          0        168   fepilogue.o
        50          0          0          0          0         68   ffixi.o
        40          0          0          0          0         68   ffixui.o
        18          0          0          0          0         68   fflti.o
        10          0          0          0          0         68   ffltui.o
       100          0          0          0          0         76   fmul.o
        24          0          0          0          0         68   fscalb.o

    ----------------------------------------------------------------------
      3494        154        160         12          0       3212   Library Totals
         8          0          0          0          0          0   (incl. Padding)

    ----------------------------------------------------------------------

      Code (inc. data)   RO Data    RW Data    ZI Data      Debug   Library Name

      1192        114        160          0          0        636   m_ws.l
       444         40          0         12          0        804   mc_w.l
      1850          0          0          0          0       1772   mf_w.l

    ----------------------------------------------------------------------
      3494        154        160         12          0       3212   Library Totals

    ----------------------------------------------------------------------

==============================================================================


      Code (inc. data)   RO Data    RW Data    ZI Data      Debug   

     24964       1864       1016        404      13612     782975   Grand Totals
     24964       1864       1016         52      13612     782975   ELF Image Totals (compressed)
     24964       1864       1016         52          0          0   ROM Totals

==============================================================================

    Total RO  Size (Code + RO Data)                25980 (  25.37kB)
    Total RW  Size (RW Data + ZI Data)             14016 (  13.69kB)
    Total ROM Size (Code + RO Data + RW Data)      26032 (  25.42kB)

==============================================================================

