Component: ARM Compiler 5.06 update 7 (build 960) Tool: armlink [4d3601]

==============================================================================

Section Cross References

    startup_stm32f103xb.o(STACK) refers (Special) to heapauxi.o(.text) for __use_two_region_memory
    startup_stm32f103xb.o(HEAP) refers (Special) to heapauxi.o(.text) for __use_two_region_memory
    startup_stm32f103xb.o(RESET) refers (Special) to heapauxi.o(.text) for __use_two_region_memory
    startup_stm32f103xb.o(RESET) refers to startup_stm32f103xb.o(STACK) for __initial_sp
    startup_stm32f103xb.o(RESET) refers to startup_stm32f103xb.o(.text) for Reset_Handler
    startup_stm32f103xb.o(RESET) refers to stm32f1xx_it.o(i.NMI_Handler) for NMI_Handler
    startup_stm32f103xb.o(RESET) refers to stm32f1xx_it.o(i.HardFault_Handler) for HardFault_Handler
    startup_stm32f103xb.o(RESET) refers to stm32f1xx_it.o(i.MemManage_Handler) for MemManage_Handler
    startup_stm32f103xb.o(RESET) refers to stm32f1xx_it.o(i.BusFault_Handler) for BusFault_Handler
    startup_stm32f103xb.o(RESET) refers to stm32f1xx_it.o(i.UsageFault_Handler) for UsageFault_Handler
    startup_stm32f103xb.o(RESET) refers to port.o(.emb_text) for SVC_Handler
    startup_stm32f103xb.o(RESET) refers to stm32f1xx_it.o(i.DebugMon_Handler) for DebugMon_Handler
    startup_stm32f103xb.o(RESET) refers to port.o(i.SysTick_Handler) for SysTick_Handler
    startup_stm32f103xb.o(RESET) refers to si24r1.o(i.EXTI1_IRQHandler) for EXTI1_IRQHandler
    startup_stm32f103xb.o(RESET) refers to stm32f1xx_it.o(i.DMA1_Channel1_IRQHandler) for DMA1_Channel1_IRQHandler
    startup_stm32f103xb.o(RESET) refers to stm32f1xx_it.o(i.TIM4_IRQHandler) for TIM4_IRQHandler
    startup_stm32f103xb.o(RESET) refers to stm32f1xx_it.o(i.USART1_IRQHandler) for USART1_IRQHandler
    startup_stm32f103xb.o(.text) refers (Special) to heapauxi.o(.text) for __use_two_region_memory
    startup_stm32f103xb.o(.text) refers to system_stm32f1xx.o(i.SystemInit) for SystemInit
    startup_stm32f103xb.o(.text) refers to __main.o(!!!main) for __main
    startup_stm32f103xb.o(.text) refers to startup_stm32f103xb.o(HEAP) for Heap_Mem
    startup_stm32f103xb.o(.text) refers to startup_stm32f103xb.o(STACK) for Stack_Mem
    main.o(i.HAL_TIM_PeriodElapsedCallback) refers to stm32f1xx_hal.o(i.HAL_IncTick) for HAL_IncTick
    main.o(i.SystemClock_Config) refers to rt_memclr_w.o(.text) for __aeabi_memclr4
    main.o(i.SystemClock_Config) refers to stm32f1xx_hal_rcc.o(i.HAL_RCC_OscConfig) for HAL_RCC_OscConfig
    main.o(i.SystemClock_Config) refers to stm32f1xx_hal_rcc.o(i.HAL_RCC_ClockConfig) for HAL_RCC_ClockConfig
    main.o(i.SystemClock_Config) refers to stm32f1xx_hal_rcc_ex.o(i.HAL_RCCEx_PeriphCLKConfig) for HAL_RCCEx_PeriphCLKConfig
    main.o(i.main) refers to stm32f1xx_hal.o(i.HAL_Init) for HAL_Init
    main.o(i.main) refers to main.o(i.SystemClock_Config) for SystemClock_Config
    main.o(i.main) refers to gpio.o(i.MX_GPIO_Init) for MX_GPIO_Init
    main.o(i.main) refers to dma.o(i.MX_DMA_Init) for MX_DMA_Init
    main.o(i.main) refers to spi.o(i.MX_SPI1_Init) for MX_SPI1_Init
    main.o(i.main) refers to usart.o(i.MX_USART1_UART_Init) for MX_USART1_UART_Init
    main.o(i.main) refers to adc.o(i.MX_ADC1_Init) for MX_ADC1_Init
    main.o(i.main) refers to pwr_on.o(i.PWR_ON) for PWR_ON
    main.o(i.main) refers to oled.o(i.OLED_Init) for OLED_Init
    main.o(i.main) refers to freertos.o(i.MX_FREERTOS_Init) for MX_FREERTOS_Init
    main.o(i.main) refers to cmsis_os.o(i.osKernelStart) for osKernelStart
    gpio.o(i.MX_GPIO_Init) refers to stm32f1xx_hal_gpio.o(i.HAL_GPIO_WritePin) for HAL_GPIO_WritePin
    gpio.o(i.MX_GPIO_Init) refers to stm32f1xx_hal_gpio.o(i.HAL_GPIO_Init) for HAL_GPIO_Init
    freertos.o(i.MX_FREERTOS_Init) refers to rt_memcpy_w.o(.text) for __aeabi_memcpy4
    freertos.o(i.MX_FREERTOS_Init) refers to cmsis_os.o(i.osThreadCreate) for osThreadCreate
    freertos.o(i.MX_FREERTOS_Init) refers to freertos.o(.constdata) for .constdata
    freertos.o(i.MX_FREERTOS_Init) refers to freertos.o(.data) for .data
    freertos.o(i.StartT_OLEDdisplay_Task) refers to oled.o(i.OLED_ShowString) for OLED_ShowString
    freertos.o(i.Start_LED_Task) refers to stm32f1xx_hal_gpio.o(i.HAL_GPIO_TogglePin) for HAL_GPIO_TogglePin
    freertos.o(i.Start_LED_Task) refers to cmsis_os.o(i.osDelay) for osDelay
    freertos.o(i.Start_PWR_Task) refers to pwr_on_off.o(i.PWR_ON_OFF) for PWR_ON_OFF
    freertos.o(i.Start_PWR_Task) refers to cmsis_os.o(i.osDelay) for osDelay
    freertos.o(i.vApplicationGetIdleTaskMemory) refers to freertos.o(.bss) for .bss
    freertos.o(.constdata) refers to freertos.o(.conststring) for .conststring
    freertos.o(.constdata) refers to freertos.o(i.Start_PWR_Task) for Start_PWR_Task
    freertos.o(.constdata) refers to freertos.o(i.Start_LED_Task) for Start_LED_Task
    freertos.o(.constdata) refers to freertos.o(i.StartT_OLEDdisplay_Task) for StartT_OLEDdisplay_Task
[...]
    ../clib/signal.c                         0x00000000   Number         0  defsig_rtmem_outer.o ABSOLUTE
    ../clib/signal.c                         0x00000000   Number         0  defsig_pvfn_inner.o ABSOLUTE
    ../clib/signal.c                         0x00000000   Number         0  defsig_other.o ABSOLUTE
    ../clib/signal.s                         0x00000000   Number         0  defsig.o ABSOLUTE
    ../clib/stdlib.c                         0x00000000   Number         0  exit.o ABSOLUTE
    ../fplib/faddsub.s                       0x00000000   Number         0  faddsub_clz.o ABSOLUTE
    ../fplib/fdiv.s                          0x00000000   Number         0  fdiv.o ABSOLUTE
    ../fplib/ffixu.s                         0x00000000   Number         0  ffixu.o ABSOLUTE
    ../fplib/fflt.s                          0x00000000   Number         0  fflt_clz.o ABSOLUTE
    ../fplib/fmul.s                          0x00000000   Number         0  fmul.o ABSOLUTE
    ../fplib/fnaninf.s                       0x00000000   Number         0  fnaninf.o ABSOLUTE
    ../fplib/fpinit.s                        0x00000000   Number         0  fpinit.o ABSOLUTE
    ../fplib/fretinf.s                       0x00000000   Number         0  fretinf.o ABSOLUTE
    ../fplib/usenofp.s                       0x00000000   Number         0  usenofp.o ABSOLUTE
    ..\Core\Src\adc.c                        0x00000000   Number         0  adc.o ABSOLUTE
    ..\Core\Src\dma.c                        0x00000000   Number         0  dma.o ABSOLUTE
    ..\Core\Src\freertos.c                   0x00000000   Number         0  freertos.o ABSOLUTE
    ..\Core\Src\gpio.c                       0x00000000   Number         0  gpio.o ABSOLUTE
    ..\Core\Src\main.c                       0x00000000   Number         0  main.o ABSOLUTE
    ..\Core\Src\spi.c                        0x00000000   Number         0  spi.o ABSOLUTE
    ..\Core\Src\stm32f1xx_hal_msp.c          0x00000000   Number         0  stm32f1xx_hal_msp.o ABSOLUTE
    ..\Core\Src\stm32f1xx_hal_timebase_tim.c 0x00000000   Number         0  stm32f1xx_hal_timebase_tim.o ABSOLUTE
    ..\Core\Src\stm32f1xx_it.c               0x00000000   Number         0  stm32f1xx_it.o ABSOLUTE
    ..\Core\Src\system_stm32f1xx.c           0x00000000   Number         0  system_stm32f1xx.o ABSOLUTE
    ..\Core\Src\usart.c                      0x00000000   Number         0  usart.o ABSOLUTE
    ..\Drivers\STM32F1xx_HAL_Driver\Src\stm32f1xx_hal.c 0x00000000   Number         0  stm32f1xx_hal.o ABSOLUTE
    ..\Drivers\STM32F1xx_HAL_Driver\Src\stm32f1xx_hal_adc.c 0x00000000   Number         0  stm32f1xx_hal_adc.o ABSOLUTE
    ..\Drivers\STM32F1xx_HAL_Driver\Src\stm32f1xx_hal_adc_ex.c 0x00000000   Number         0  stm32f1xx_hal_adc_ex.o ABSOLUTE
    ..\Drivers\STM32F1xx_HAL_Driver\Src\stm32f1xx_hal_cortex.c 0x00000000   Number         0  stm32f1xx_hal_cortex.o ABSOLUTE
    ..\Drivers\STM32F1xx_HAL_Driver\Src\stm32f1xx_hal_dma.c 0x00000000   Number         0  stm32f1xx_hal_dma.o ABSOLUTE
    ..\Drivers\STM32F1xx_HAL_Driver\Src\stm32f1xx_hal_exti.c 0x00000000   Number         0  stm32f1xx_hal_exti.o ABSOLUTE
    ..\Drivers\STM32F1xx_HAL_Driver\Src\stm32f1xx_hal_flash.c 0x00000000   Number         0  stm32f1xx_hal_flash.o ABSOLUTE
    ..\Drivers\STM32F1xx_HAL_Driver\Src\stm32f1xx_hal_flash_ex.c 0x00000000   Number         0  stm32f1xx_hal_flash_ex.o ABSOLUTE
    ..\Drivers\STM32F1xx_HAL_Driver\Src\stm32f1xx_hal_gpio.c 0x00000000   Number         0  stm32f1xx_hal_gpio.o ABSOLUTE
    ..\Drivers\STM32F1xx_HAL_Driver\Src\stm32f1xx_hal_gpio_ex.c 0x00000000   Number         0  stm32f1xx_hal_gpio_ex.o ABSOLUTE
    ..\Drivers\STM32F1xx_HAL_Driver\Src\stm32f1xx_hal_pwr.c 0x00000000   Number         0  stm32f1xx_hal_pwr.o ABSOLUTE
    ..\Drivers\STM32F1xx_HAL_Driver\Src\stm32f1xx_hal_rcc.c 0x00000000   Number         0  stm32f1xx_hal_rcc.o ABSOLUTE
    ..\Drivers\STM32F1xx_HAL_Driver\Src\stm32f1xx_hal_rcc_ex.c 0x00000000   Number         0  stm32f1xx_hal_rcc_ex.o ABSOLUTE
    ..\Drivers\STM32F1xx_HAL_Driver\Src\stm32f1xx_hal_spi.c 0x00000000   Number         0  stm32f1xx_hal_spi.o ABSOLUTE
    ..\Drivers\STM32F1xx_HAL_Driver\Src\stm32f1xx_hal_tim.c 0x00000000   Number         0  stm32f1xx_hal_tim.o ABSOLUTE
    ..\Drivers\STM32F1xx_HAL_Driver\Src\stm32f1xx_hal_tim_ex.c 0x00000000   Number         0  stm32f1xx_hal_tim_ex.o ABSOLUTE
    ..\Drivers\STM32F1xx_HAL_Driver\Src\stm32f1xx_hal_uart.c 0x00000000   Number         0  stm32f1xx_hal_uart.o ABSOLUTE
    ..\HARDWARE\OLED\oled.c                  0x00000000   Number         0  oled.o ABSOLUTE
    ..\HARDWARE\PWR_ON\PWR_ON.C              0x00000000   Number         0  pwr_on.o ABSOLUTE
    ..\HARDWARE\PWR_ON_OFF\PWR_ON_OFF.C      0x00000000   Number         0  pwr_on_off.o ABSOLUTE
    ..\HARDWARE\deal_datapacket\deal_datapacket.c 0x00000000   Number         0  deal_datapacket.o ABSOLUTE
    ..\HARDWARE\flash\stmflash.c             0x00000000   Number         0  stmflash.o ABSOLUTE
    ..\HARDWARE\oleddispaly\oleddispaly.c    0x00000000   Number         0  oleddispaly.o ABSOLUTE
    ..\HARDWARE\paramsave\paramsave.c        0x00000000   Number         0  paramsave.o ABSOLUTE
    ..\HARDWARE\si24r1\si24r1.c              0x00000000   Number         0  si24r1.o ABSOLUTE
    ..\Middlewares\Third_Party\FreeRTOS\Source\CMSIS_RTOS\cmsis_os.c 0x00000000   Number         0  cmsis_os.o ABSOLUTE
    ..\Middlewares\Third_Party\FreeRTOS\Source\portable\RVDS\ARM_CM3\port.c 0x00000000   Number         0  port.o ABSOLUTE
    ..\SYSTEM\delay\delay.c                  0x00000000   Number         0  delay.o ABSOLUTE
    ..\SYSTEM\sys\sys.c                      0x00000000   Number         0  sys.o ABSOLUTE
    ..\\HARDWARE\\OLED\\oled.c               0x00000000   Number         0  oled.o ABSOLUTE
    ..\\HARDWARE\\PWR_ON\\PWR_ON.C           0x00000000   Number         0  pwr_on.o ABSOLUTE
    ..\\HARDWARE\\PWR_ON_OFF\\PWR_ON_OFF.C   0x00000000   Number         0  pwr_on_off.o ABSOLUTE
    ..\\HARDWARE\\deal_datapacket\\deal_datapacket.c 0x00000000   Number         0  deal_datapacket.o ABSOLUTE
    ..\\HARDWARE\\flash\\stmflash.c          0x00000000   Number         0  stmflash.o ABSOLUTE
    ..\\HARDWARE\\oleddispaly\\oleddispaly.c 0x00000000   Number         0  oleddispaly.o ABSOLUTE
    ..\\HARDWARE\\paramsave\\paramsave.c     0x00000000   Number         0  paramsave.o ABSOLUTE
    ..\\HARDWARE\\si24r1\\si24r1.c           0x00000000   Number         0  si24r1.o ABSOLUTE
    ..\\SYSTEM\\delay\\delay.c               0x00000000   Number         0  delay.o ABSOLUTE
    ..\\SYSTEM\\sys\\sys.c                   0x00000000   Number         0  sys.o ABSOLUTE
    dc.s                                     0x00000000   Number         0  dc.o ABSOLUTE
    startup_stm32f103xb.s                    0x00000000   Number         0  startup_stm32f103xb.o ABSOLUTE
    RESET                                    0x08000000   Section      236  startup_stm32f103xb.o(RESET)
    !!!main                                  0x080000ec   Section        8  __main.o(!!!main)
    !!!scatter                               0x080000f4   Section       52  __scatter.o(!!!scatter)
    !!handler_copy                           0x08000128   Section       26  __scatter_copy.o(!!handler_copy)
    !!handler_zi                             0x08000144   Section       28  __scatter_zi.o(!!handler_zi)
    .ARM.Collect$$libinit$$00000000          0x08000160   Section        2  libinit.o(.ARM.Collect$$libinit$$00000000)
    .ARM.Collect$$libinit$$00000002          0x08000162   Section        0  libinit2.o(.ARM.Collect$$libinit$$00000002)
    .ARM.Collect$$libinit$$00000004          0x08000162   Section        0  libinit2.o(.ARM.Collect$$libinit$$00000004)
    .ARM.Collect$$libinit$$0000000A          0x08000162   Section        0  libinit2.o(.ARM.Collect$$libinit$$0000000A)
    .ARM.Collect$$libinit$$0000000C          0x08000162   Section        0  libinit2.o(.ARM.Collect$$libinit$$0000000C)
    .ARM.Collect$$libinit$$0000000E          0x08000162   Section        0  libinit2.o(.ARM.Collect$$libinit$$0000000E)
    .ARM.Collect$$libinit$$00000011          0x08000162   Section        0  libinit2.o(.ARM.Collect$$libinit$$00000011)
    .ARM.Collect$$libinit$$00000013          0x08000162   Section        0  libinit2.o(.ARM.Collect$$libinit$$00000013)
    .ARM.Collect$$libinit$$00000015          0x08000162   Section        0  libinit2.o(.ARM.Collect$$libinit$$00000015)
    .ARM.Collect$$libinit$$00000017          0x08000162   Section        0  libinit2.o(.ARM.Collect$$libinit$$00000017)
    .ARM.Collect$$libinit$$00000019          0x08000162   Section        0  libinit2.o(.ARM.Collect$$libinit$$00000019)
    .ARM.Collect$$libinit$$0000001B          0x08000162   Section        0  libinit2.o(.ARM.Collect$$libinit$$0000001B)
    .ARM.Collect$$libinit$$0000001D          0x08000162   Section        0  libinit2.o(.ARM.Collect$$libinit$$0000001D)
    .ARM.Collect$$libinit$$0000001F          0x08000162   Section        0  libinit2.o(.ARM.Collect$$libinit$$0000001F)
    .ARM.Collect$$libinit$$00000021          0x08000162   Section        0  libinit2.o(.ARM.Collect$$libinit$$00000021)
    .ARM.Collect$$libinit$$00000023          0x08000162   Section        0  libinit2.o(.ARM.Collect$$libinit$$00000023)
    .ARM.Collect$$libinit$$00000025          0x08000162   Section        0  libinit2.o(.ARM.Collect$$libinit$$00000025)
    .ARM.Collect$$libinit$$0000002C          0x08000162   Section        0  libinit2.o(.ARM.Collect$$libinit$$0000002C)
    .ARM.Collect$$libinit$$0000002E          0x08000162   Section        0  libinit2.o(.ARM.Collect$$libinit$$0000002E)
    .ARM.Collect$$libinit$$00000030          0x08000162   Section        0  libinit2.o(.ARM.Collect$$libinit$$00000030)
    .ARM.Collect$$libinit$$00000032          0x08000162   Section        0  libinit2.o(.ARM.Collect$$libinit$$00000032)
    .ARM.Collect$$libinit$$00000033          0x08000162   Section        2  libinit2.o(.ARM.Collect$$libinit$$00000033)
    .ARM.Collect$$libshutdown$$00000000      0x08000164   Section        2  libshutdown.o(.ARM.Collect$$libshutdown$$00000000)
    .ARM.Collect$$libshutdown$$00000002      0x08000166   Section        0  libshutdown2.o(.ARM.Collect$$libshutdown$$00000002)
    .ARM.Collect$$libshutdown$$00000004      0x08000166   Section        0  libshutdown2.o(.ARM.Collect$$libshutdown$$00000004)
    .ARM.Collect$$libshutdown$$00000006      0x08000166   Section        0  libshutdown2.o(.ARM.Collect$$libshutdown$$00000006)
    .ARM.Collect$$libshutdown$$00000009      0x08000166   Section        0  libshutdown2.o(.ARM.Collect$$libshutdown$$00000009)
    .ARM.Collect$$libshutdown$$0000000C      0x08000166   Section        0  libshutdown2.o(.ARM.Collect$$libshutdown$$0000000C)
    .ARM.Collect$$libshutdown$$0000000E      0x08000166   Section        0  libshutdown2.o(.ARM.Collect$$libshutdown$$0000000E)
    .ARM.Collect$$libshutdown$$00000011      0x08000166   Section        0  libshutdown2.o(.ARM.Collect$$libshutdown$$00000011)
    .ARM.Collect$$libshutdown$$00000012      0x08000166   Section        2  libshutdown2.o(.ARM.Collect$$libshutdown$$00000012)
    .ARM.Collect$$rtentry$$00000000          0x08000168   Section        0  __rtentry.o(.ARM.Collect$$rtentry$$00000000)
    .ARM.Collect$$rtentry$$00000002          0x08000168   Section        0  __rtentry2.o(.ARM.Collect$$rtentry$$00000002)
    .ARM.Collect$$rtentry$$00000004          0x08000168   Section        6  __rtentry4.o(.ARM.Collect$$rtentry$$00000004)
    .ARM.Collect$$rtentry$$00000009          0x0800016e   Section        0  __rtentry2.o(.ARM.Collect$$rtentry$$00000009)
    .ARM.Collect$$rtentry$$0000000A          0x0800016e   Section        4  __rtentry2.o(.ARM.Collect$$rtentry$$0000000A)
    .ARM.Collect$$rtentry$$0000000C          0x08000172   Section        0  __rtentry2.o(.ARM.Collect$$rtentry$$0000000C)
    .ARM.Collect$$rtentry$$0000000D          0x08000172   Section        8  __rtentry2.o(.ARM.Collect$$rtentry$$0000000D)
    .ARM.Collect$$rtexit$$00000000           0x0800017a   Section        2  rtexit.o(.ARM.Collect$$rtexit$$00000000)
    .ARM.Collect$$rtexit$$00000002           0x0800017c   Section        0  rtexit2.o(.ARM.Collect$$rtexit$$00000002)
    .ARM.Collect$$rtexit$$00000003           0x0800017c   Section        4  rtexit2.o(.ARM.Collect$$rtexit$$00000003)
    .ARM.Collect$$rtexit$$00000004           0x08000180   Section        6  rtexit2.o(.ARM.Collect$$rtexit$$00000004)
    .emb_text                                0x08000188   Section      150  port.o(.emb_text)
    .text                                    0x08000220   Section       64  startup_stm32f103xb.o(.text)
    .text                                    0x08000260   Section      100  rt_memcpy_w.o(.text)
    .text                                    0x080002c4   Section       78  rt_memclr_w.o(.text)
    .text                                    0x08000312   Section        0  heapauxi.o(.text)
    .text                                    0x08000318   Section       74  sys_stackheap_outer.o(.text)
    .text                                    0x08000362   Section        0  exit.o(.text)
    .text                                    0x08000374   Section        8  libspace.o(.text)
    .text                                    0x0800037c   Section        0  sys_exit.o(.text)
    .text                                    0x08000388   Section        2  use_no_semi.o(.text)
    .text                                    0x0800038a   Section        0  indicate_semi.o(.text)
    i.ADC_ConversionStop_Disable             0x0800038c   Section        0  stm32f1xx_hal_adc.o(i.ADC_ConversionStop_Disable)
    i.BusFault_Handler                       0x080003e2   Section        0  stm32f1xx_it.o(i.BusFault_Handler)
    i.DMA1_Channel1_IRQHandler               0x080003e4   Section        0  stm32f1xx_it.o(i.DMA1_Channel1_IRQHandler)
    i.DebugMon_Handler                       0x080003f0   Section        0  stm32f1xx_it.o(i.DebugMon_Handler)
    i.EXTI1_IRQHandler                       0x080003f2   Section        0  si24r1.o(i.EXTI1_IRQHandler)
    i.Error_Handler                          0x080003f4   Section        0  main.o(i.Error_Handler)
    i.HAL_ADC_ConfigChannel                  0x080003f8   Section        0  stm32f1xx_hal_adc.o(i.HAL_ADC_ConfigChannel)
    i.HAL_ADC_Init                           0x080004f4   Section        0  stm32f1xx_hal_adc.o(i.HAL_ADC_Init)
    i.HAL_ADC_MspInit                        0x08000610   Section        0  adc.o(i.HAL_ADC_MspInit)
    i.HAL_DMA_Abort                          0x0800069c   Section        0  stm32f1xx_hal_dma.o(i.HAL_DMA_Abort)
    i.HAL_DMA_Abort_IT                       0x080006e4   Section        0  stm32f1xx_hal_dma.o(i.HAL_DMA_Abort_IT)
    i.HAL_DMA_IRQHandler                     0x0800077c   Section        0  stm32f1xx_hal_dma.o(i.HAL_DMA_IRQHandler)
    i.HAL_DMA_Init                           0x080008d0   Section        0  stm32f1xx_hal_dma.o(i.HAL_DMA_Init)
    i.HAL_Delay                              0x0800092c   Section        0  stm32f1xx_hal.o(i.HAL_Delay)
    i.HAL_GPIO_Init                          0x08000950   Section        0  stm32f1xx_hal_gpio.o(i.HAL_GPIO_Init)
    i.HAL_GPIO_ReadPin                       0x08000b30   Section        0  stm32f1xx_hal_gpio.o(i.HAL_GPIO_ReadPin)
    i.HAL_GPIO_TogglePin                     0x08000b3a   Section        0  stm32f1xx_hal_gpio.o(i.HAL_GPIO_TogglePin)
    i.HAL_GPIO_WritePin                      0x08000b4a   Section        0  stm32f1xx_hal_gpio.o(i.HAL_GPIO_WritePin)
    i.HAL_GetTick                            0x08000b54   Section        0  stm32f1xx_hal.o(i.HAL_GetTick)
    i.HAL_IncTick                            0x08000b60   Section        0  stm32f1xx_hal.o(i.HAL_IncTick)
    i.HAL_Init                               0x08000b70   Section        0  stm32f1xx_hal.o(i.HAL_Init)
    i.HAL_InitTick                           0x08000b94   Section        0  stm32f1xx_hal_timebase_tim.o(i.HAL_InitTick)
    i.HAL_MspInit                            0x08000c2c   Section        0  stm32f1xx_hal_msp.o(i.HAL_MspInit)
    i.HAL_NVIC_EnableIRQ                     0x08000c74   Section        0  stm32f1xx_hal_cortex.o(i.HAL_NVIC_EnableIRQ)
    i.HAL_NVIC_SetPriority                   0x08000c90   Section        0  stm32f1xx_hal_cortex.o(i.HAL_NVIC_SetPriority)
    i.HAL_NVIC_SetPriorityGrouping           0x08000cd0   Section        0  stm32f1xx_hal_cortex.o(i.HAL_NVIC_SetPriorityGrouping)
    i.HAL_RCCEx_PeriphCLKConfig              0x08000cf4   Section        0  stm32f1xx_hal_rcc_ex.o(i.HAL_RCCEx_PeriphCLKConfig)
    i.HAL_RCC_ClockConfig                    0x08000de0   Section        0  stm32f1xx_hal_rcc.o(i.HAL_RCC_ClockConfig)
    i.HAL_RCC_GetClockConfig                 0x08000f0c   Section        0  stm32f1xx_hal_rcc.o(i.HAL_RCC_GetClockConfig)
    i.HAL_RCC_GetPCLK1Freq                   0x08000f4c   Section        0  stm32f1xx_hal_rcc.o(i.HAL_RCC_GetPCLK1Freq)
    i.HAL_RCC_GetPCLK2Freq                   0x08000f6c   Section        0  stm32f1xx_hal_rcc.o(i.HAL_RCC_GetPCLK2Freq)
    i.HAL_RCC_GetSysClockFreq                0x08000f8c   Section        0  stm32f1xx_hal_rcc.o(i.HAL_RCC_GetSysClockFreq)
    i.HAL_RCC_OscConfig                      0x08000fd8   Section        0  stm32f1xx_hal_rcc.o(i.HAL_RCC_OscConfig)
    i.HAL_SPI_Init                           0x080012f8   Section        0  stm32f1xx_hal_spi.o(i.HAL_SPI_Init)
    i.HAL_SPI_MspInit                        0x080013ac   Section        0  spi.o(i.HAL_SPI_MspInit)
    i.HAL_TIMEx_BreakCallback                0x0800141c   Section        0  stm32f1xx_hal_tim_ex.o(i.HAL_TIMEx_BreakCallback)
    i.HAL_TIMEx_CommutCallback               0x0800141e   Section        0  stm32f1xx_hal_tim_ex.o(i.HAL_TIMEx_CommutCallback)
    i.HAL_TIM_Base_Init                      0x08001420   Section        0  stm32f1xx_hal_tim.o(i.HAL_TIM_Base_Init)
    i.HAL_TIM_Base_MspInit                   0x0800147a   Section        0  stm32f1xx_hal_tim.o(i.HAL_TIM_Base_MspInit)
    i.HAL_TIM_Base_Start_IT                  0x0800147c   Section        0  stm32f1xx_hal_tim.o(i.HAL_TIM_Base_Start_IT)
    i.HAL_TIM_IC_CaptureCallback             0x080014d4   Section        0  stm32f1xx_hal_tim.o(i.HAL_TIM_IC_CaptureCallback)
    i.HAL_TIM_IRQHandler                     0x080014d6   Section        0  stm32f1xx_hal_tim.o(i.HAL_TIM_IRQHandler)
    i.HAL_TIM_OC_DelayElapsedCallback        0x08001606   Section        0  stm32f1xx_hal_tim.o(i.HAL_TIM_OC_DelayElapsedCallback)
    i.HAL_TIM_PWM_PulseFinishedCallback      0x08001608   Section        0  stm32f1xx_hal_tim.o(i.HAL_TIM_PWM_PulseFinishedCallback)
    i.HAL_TIM_PeriodElapsedCallback          0x0800160c   Section        0  main.o(i.HAL_TIM_PeriodElapsedCallback)
    i.HAL_TIM_TriggerCallback                0x08001620   Section        0  stm32f1xx_hal_tim.o(i.HAL_TIM_TriggerCallback)
    i.HAL_UARTEx_RxEventCallback             0x08001622   Section        0  stm32f1xx_hal_uart.o(i.HAL_UARTEx_RxEventCallback)
    i.HAL_UART_ErrorCallback                 0x08001624   Section        0  stm32f1xx_hal_uart.o(i.HAL_UART_ErrorCallback)
    i.HAL_UART_IRQHandler                    0x08001628   Section        0  stm32f1xx_hal_uart.o(i.HAL_UART_IRQHandler)
    i.HAL_UART_Init                          0x08001894   Section        0  stm32f1xx_hal_uart.o(i.HAL_UART_Init)
    i.HAL_UART_MspInit                       0x080018f8   Section        0  usart.o(i.HAL_UART_MspInit)
    i.HAL_UART_RxCpltCallback                0x08001978   Section        0  stm32f1xx_hal_uart.o(i.HAL_UART_RxCpltCallback)
    i.HAL_UART_TxCpltCallback                0x0800197a   Section        0  stm32f1xx_hal_uart.o(i.HAL_UART_TxCpltCallback)
    i.HardFault_Handler                      0x0800197c   Section        0  stm32f1xx_it.o(i.HardFault_Handler)
    i.IIC_Start                              0x08001980   Section        0  oled.o(i.IIC_Start)
    i.IIC_Stop                               0x080019b8   Section        0  oled.o(i.IIC_Stop)
    i.IIC_WaitAck                            0x080019e4   Section        0  oled.o(i.IIC_WaitAck)
    i.IIC_WriteByte                          0x08001a08   Section        0  oled.o(i.IIC_WriteByte)
    i.IIC_WriteCommand                       0x08001a64   Section        0  oled.o(i.IIC_WriteCommand)
    i.IIC_WriteData                          0x08001a92   Section        0  oled.o(i.IIC_WriteData)
    i.MX_ADC1_Init                           0x08001ac0   Section        0  adc.o(i.MX_ADC1_Init)
    i.MX_DMA_Init                            0x08001b0c   Section        0  dma.o(i.MX_DMA_Init)
    i.MX_FREERTOS_Init                       0x08001b38   Section        0  freertos.o(i.MX_FREERTOS_Init)
    i.MX_GPIO_Init                           0x08001b8c   Section        0  gpio.o(i.MX_GPIO_Init)
    i.MX_SPI1_Init                           0x08001c84   Section        0  spi.o(i.MX_SPI1_Init)
    i.MX_USART1_UART_Init                    0x08001ccc   Section        0  usart.o(i.MX_USART1_UART_Init)
    i.MemManage_Handler                      0x08001d04   Section        0  stm32f1xx_it.o(i.MemManage_Handler)
    i.NMI_Handler                            0x08001d06   Section        0  stm32f1xx_it.o(i.NMI_Handler)
    i.OLED_FillPicture                       0x08001d08   Section        0  oled.o(i.OLED_FillPicture)
    i.OLED_Init                              0x08001d44   Section        0  oled.o(i.OLED_Init)
    i.OLED_SetPos                            0x08001e34   Section        0  oled.o(i.OLED_SetPos)
    i.OLED_ShowChar                          0x08001e60   Section        0  oled.o(i.OLED_ShowChar)
    i.OLED_ShowString                        0x08001ee8   Section        0  oled.o(i.OLED_ShowString)
    i.OLED_WR_Byte                           0x08001f1e   Section        0  oled.o(i.OLED_WR_Byte)
    i.PWR_ON                                 0x08001f2c   Section        0  pwr_on.o(i.PWR_ON)
    i.PWR_ON_OFF                             0x08001f48   Section        0  pwr_on_off.o(i.PWR_ON_OFF)
    i.StartT_OLEDdisplay_Task                0x08001f84   Section        0  freertos.o(i.StartT_OLEDdisplay_Task)
    i.Start_LED_Task                         0x08001fe0   Section        0  freertos.o(i.Start_LED_Task)
    i.Start_PWR_Task                         0x08002000   Section        0  freertos.o(i.Start_PWR_Task)
    i.SysTick_Handler                        0x0800200c   Section        0  port.o(i.SysTick_Handler)
    i.SystemClock_Config                     0x08002038   Section        0  main.o(i.SystemClock_Config)
    i.SystemInit                             0x080020b0   Section        0  system_stm32f1xx.o(i.SystemInit)
    i.TIM4_IRQHandler                        0x080020b4   Section        0  stm32f1xx_it.o(i.TIM4_IRQHandler)
    i.TIM_Base_SetConfig                     0x080020c0   Section        0  stm32f1xx_hal_tim.o(i.TIM_Base_SetConfig)
    i.UART_DMAAbortOnError                   0x08002138   Section        0  stm32f1xx_hal_uart.o(i.UART_DMAAbortOnError)
    UART_DMAAbortOnError                     0x08002139   Thumb Code    16  stm32f1xx_hal_uart.o(i.UART_DMAAbortOnError)
    i.UART_EndRxTransfer                     0x08002148   Section        0  stm32f1xx_hal_uart.o(i.UART_EndRxTransfer)
    UART_EndRxTransfer                       0x08002149   Thumb Code    78  stm32f1xx_hal_uart.o(i.UART_EndRxTransfer)
    i.UART_Receive_IT                        0x08002196   Section        0  stm32f1xx_hal_uart.o(i.UART_Receive_IT)
    UART_Receive_IT                          0x08002197   Thumb Code   194  stm32f1xx_hal_uart.o(i.UART_Receive_IT)
    i.UART_SetConfig                         0x08002258   Section        0  stm32f1xx_hal_uart.o(i.UART_SetConfig)
    UART_SetConfig                           0x08002259   Thumb Code   178  stm32f1xx_hal_uart.o(i.UART_SetConfig)
    i.USART1_IRQHandler                      0x08002310   Section        0  stm32f1xx_it.o(i.USART1_IRQHandler)
    i.UsageFault_Handler                     0x0800231c   Section        0  stm32f1xx_it.o(i.UsageFault_Handler)
    i.__NVIC_SetPriority                     0x0800231e   Section        0  stm32f1xx_hal_cortex.o(i.__NVIC_SetPriority)
    __NVIC_SetPriority                       0x0800231f   Thumb Code    32  stm32f1xx_hal_cortex.o(i.__NVIC_SetPriority)
    i.main                                   0x0800233e   Section        0  main.o(i.main)
    i.makeFreeRtosPriority                   0x0800236c   Section        0  cmsis_os.o(i.makeFreeRtosPriority)
    makeFreeRtosPriority                     0x0800236d   Thumb Code    12  cmsis_os.o(i.makeFreeRtosPriority)
    i.osDelay                                0x08002378   Section        0  cmsis_os.o(i.osDelay)
    i.osKernelStart                          0x08002386   Section        0  cmsis_os.o(i.osKernelStart)
    i.osThreadCreate                         0x08002390   Section        0  cmsis_os.o(i.osThreadCreate)
    i.prvAddCurrentTaskToDelayedList         0x080023e4   Section        0  tasks.o(i.prvAddCurrentTaskToDelayedList)
    prvAddCurrentTaskToDelayedList           0x080023e5   Thumb Code   102  tasks.o(i.prvAddCurrentTaskToDelayedList)
    i.prvAddNewTaskToReadyList               0x08002454   Section        0  tasks.o(i.prvAddNewTaskToReadyList)
    prvAddNewTaskToReadyList                 0x08002455   Thumb Code   194  tasks.o(i.prvAddNewTaskToReadyList)
    i.prvDeleteTCB                           0x08002524   Section        0  tasks.o(i.prvDeleteTCB)
    prvDeleteTCB                             0x08002525   Thumb Code    52  tasks.o(i.prvDeleteTCB)
    i.prvHeapInit                            0x08002558   Section        0  heap_4.o(i.prvHeapInit)
    prvHeapInit                              0x08002559   Thumb Code    66  heap_4.o(i.prvHeapInit)
    i.prvIdleTask                            0x080025a4   Section        0  tasks.o(i.prvIdleTask)
    prvIdleTask                              0x080025a5   Thumb Code    82  tasks.o(i.prvIdleTask)
    i.prvInitialiseNewTask                   0x08002604   Section        0  tasks.o(i.prvInitialiseNewTask)
    prvInitialiseNewTask                     0x08002605   Thumb Code   152  tasks.o(i.prvInitialiseNewTask)
    i.prvInsertBlockIntoFreeList             0x0800269c   Section        0  heap_4.o(i.prvInsertBlockIntoFreeList)
    prvInsertBlockIntoFreeList               0x0800269d   Thumb Code    72  heap_4.o(i.prvInsertBlockIntoFreeList)
    i.prvResetNextTaskUnblockTime            0x080026e8   Section        0  tasks.o(i.prvResetNextTaskUnblockTime)
    prvResetNextTaskUnblockTime              0x080026e9   Thumb Code    26  tasks.o(i.prvResetNextTaskUnblockTime)
    i.prvTaskExitError                       0x08002708   Section        0  port.o(i.prvTaskExitError)
    prvTaskExitError                         0x08002709   Thumb Code    36  port.o(i.prvTaskExitError)
    i.pvPortMalloc                           0x08002730   Section        0  heap_4.o(i.pvPortMalloc)
    i.pxPortInitialiseStack                  0x0800280c   Section        0  port.o(i.pxPortInitialiseStack)
    i.uxListRemove                           0x08002830   Section        0  list.o(i.uxListRemove)
    i.vApplicationGetIdleTaskMemory          0x08002858   Section        0  freertos.o(i.vApplicationGetIdleTaskMemory)
    i.vListInitialise                        0x0800286c   Section        0  list.o(i.vListInitialise)
    i.vListInitialiseItem                    0x08002882   Section        0  list.o(i.vListInitialiseItem)
    i.vListInsert                            0x08002888   Section        0  list.o(i.vListInsert)
    i.vListInsertEnd                         0x080028b8   Section        0  list.o(i.vListInsertEnd)
    i.vPortEnterCritical                     0x080028d0   Section        0  port.o(i.vPortEnterCritical)
    i.vPortExitCritical                      0x08002910   Section        0  port.o(i.vPortExitCritical)
    i.vPortFree                              0x08002938   Section        0  heap_4.o(i.vPortFree)
    i.vPortSetupTimerInterrupt               0x0800299c   Section        0  port.o(i.vPortSetupTimerInterrupt)
    i.vTaskDelay                             0x080029c0   Section        0  tasks.o(i.vTaskDelay)
    i.vTaskStartScheduler                    0x08002a0c   Section        0  tasks.o(i.vTaskStartScheduler)
    i.vTaskSuspendAll                        0x08002a78   Section        0  tasks.o(i.vTaskSuspendAll)
    i.vTaskSwitchContext                     0x08002a88   Section        0  tasks.o(i.vTaskSwitchContext)
    i.xPortStartScheduler                    0x08002ae4   Section        0  port.o(i.xPortStartScheduler)
    i.xTaskCreate                            0x08002b8c   Section        0  tasks.o(i.xTaskCreate)
    i.xTaskCreateStatic                      0x08002be6   Section        0  tasks.o(i.xTaskCreateStatic)
    i.xTaskIncrementTick                     0x08002c3c   Section        0  tasks.o(i.xTaskIncrementTick)
    i.xTaskResumeAll                         0x08002d08   Section        0  tasks.o(i.xTaskResumeAll)
    .constdata                               0x08002dcc   Section       84  freertos.o(.constdata)
    .constdata                               0x08002e20   Section       18  stm32f1xx_hal_rcc.o(.constdata)
    aPredivFactorTable                       0x08002e20   Data           2  stm32f1xx_hal_rcc.o(.constdata)
    aPLLMULFactorTable                       0x08002e22   Data          16  stm32f1xx_hal_rcc.o(.constdata)
    .constdata                               0x08002e32   Section       16  system_stm32f1xx.o(.constdata)
    .constdata                               0x08002e42   Section        8  system_stm32f1xx.o(.constdata)
    .constdata                               0x08002e4a   Section     2072  oled.o(.constdata)
    .conststring                             0x08003664   Section       41  freertos.o(.conststring)
    .data                                    0x20000000   Section       12  freertos.o(.data)
    .data                                    0x2000000c   Section       12  stm32f1xx_hal.o(.data)
    .data                                    0x20000018   Section        4  system_stm32f1xx.o(.data)
    .data                                    0x2000001c   Section       60  tasks.o(.data)
    uxDeletedTasksWaitingCleanUp             0x20000020   Data           4  tasks.o(.data)
    uxCurrentNumberOfTasks                   0x20000024   Data           4  tasks.o(.data)
    xTickCount                               0x20000028   Data           4  tasks.o(.data)
    uxTopReadyPriority                       0x2000002c   Data           4  tasks.o(.data)
    xSchedulerRunning                        0x20000030   Data           4  tasks.o(.data)
    xPendedTicks                             0x20000034   Data           4  tasks.o(.data)
    xYieldPending                            0x20000038   Data           4  tasks.o(.data)
    xNumOfOverflows                          0x2000003c   Data           4  tasks.o(.data)
    uxTaskNumber                             0x20000040   Data           4  tasks.o(.data)
    xNextTaskUnblockTime                     0x20000044   Data           4  tasks.o(.data)
    xIdleTaskHandle                          0x20000048   Data           4  tasks.o(.data)
    uxSchedulerSuspended                     0x2000004c   Data           4  tasks.o(.data)
    pxDelayedTaskList                        0x20000050   Data           4  tasks.o(.data)
    pxOverflowDelayedTaskList                0x20000054   Data           4  tasks.o(.data)
    .data                                    0x20000058   Section       32  heap_4.o(.data)
    pxEnd                                    0x20000058   Data           4  heap_4.o(.data)
    xFreeBytesRemaining                      0x2000005c   Data           4  heap_4.o(.data)
    xMinimumEverFreeBytesRemaining           0x20000060   Data           4  heap_4.o(.data)
    xNumberOfSuccessfulAllocations           0x20000064   Data           4  heap_4.o(.data)
    xNumberOfSuccessfulFrees                 0x20000068   Data           4  heap_4.o(.data)
    xBlockAllocatedBit                       0x2000006c   Data           4  heap_4.o(.data)
    xStart                                   0x20000070   Data           8  heap_4.o(.data)
    .data                                    0x20000078   Section       12  port.o(.data)
    ucMaxSysCallPriority                     0x20000078   Data           1  port.o(.data)
    uxCriticalNesting                        0x2000007c   Data           4  port.o(.data)
    ulMaxPRIGROUPValue                       0x20000080   Data           4  port.o(.data)
    .bss                                     0x20000084   Section      608  freertos.o(.bss)
    xIdleTaskTCBBuffer                       0x20000084   Data          96  freertos.o(.bss)
    xIdleStack                               0x200000e4   Data         512  freertos.o(.bss)
    .bss                                     0x200002e4   Section      116  adc.o(.bss)
    .bss                                     0x20000358   Section       88  spi.o(.bss)
    .bss                                     0x200003b0   Section       72  usart.o(.bss)
    .bss                                     0x200003f8   Section       72  stm32f1xx_hal_timebase_tim.o(.bss)
    .bss                                     0x20000440   Section      240  tasks.o(.bss)
    pxReadyTasksLists                        0x20000440   Data         140  tasks.o(.bss)
    xDelayedTaskList1                        0x200004cc   Data          20  tasks.o(.bss)
    xDelayedTaskList2                        0x200004e0   Data          20  tasks.o(.bss)
    xPendingReadyList                        0x200004f4   Data          20  tasks.o(.bss)
    xTasksWaitingTermination                 0x20000508   Data          20  tasks.o(.bss)
    xSuspendedTaskList                       0x2000051c   Data          20  tasks.o(.bss)
    .bss                                     0x20000530   Section     4096  heap_4.o(.bss)
    ucHeap                                   0x20000530   Data        4096  heap_4.o(.bss)
    .bss                                     0x20001530   Section       96  libspace.o(.bss)
    HEAP                                     0x20001590   Section      512  startup_stm32f103xb.o(HEAP)
    Heap_Mem                                 0x20001590   Data         512  startup_stm32f103xb.o(HEAP)
    STACK                                    0x20001790   Section     1024  startup_stm32f103xb.o(STACK)
    Stack_Mem                                0x20001790   Data        1024  startup_stm32f103xb.o(STACK)
    __initial_sp                             0x20001b90   Data           0  startup_stm32f103xb.o(STACK)

    Global Symbols

    Symbol Name                              Value     Ov Type        Size  Object(Section)

    BuildAttributes$$THM_ISAv4$P$D$K$B$S$PE$A:L22UL41UL21$X:L11$S22US41US21$IEEE1$IW$USESV6$~STKCKD$USESV7$~SHL$OSPACE$ROPI$EBA8$UX$STANDARDLIB$REQ8$PRES8$EABIv2 0x00000000   Number         0  anon$$obj.o ABSOLUTE
    __ARM_use_no_argv                        0x00000000   Number         0  main.o ABSOLUTE
    __ARM_exceptions_init                     - Undefined Weak Reference
    __alloca_initialize                       - Undefined Weak Reference
    __arm_fini_                               - Undefined Weak Reference
    __arm_preinit_                            - Undefined Weak Reference
    __cpp_initialize__aeabi_                  - Undefined Weak Reference
    __cxa_finalize                            - Undefined Weak Reference
    __rt_locale                               - Undefined Weak Reference
    __sigvec_lookup                           - Undefined Weak Reference
    _atexit_init                              - Undefined Weak Reference
    _call_atexit_fns                          - Undefined Weak Reference
    _clock_init                               - Undefined Weak Reference
    _fp_trap_init                             - Undefined Weak Reference
    _fp_trap_shutdown                         - Undefined Weak Reference
    _get_lc_collate                           - Undefined Weak Reference
    _get_lc_ctype                             - Undefined Weak Reference
    _get_lc_monetary                          - Undefined Weak Reference
    _get_lc_numeric                           - Undefined Weak Reference
    _get_lc_time                              - Undefined Weak Reference
    _getenv_init                              - Undefined Weak Reference
    _handle_redirection                       - Undefined Weak Reference
    _init_alloc                               - Undefined Weak Reference
    _init_user_alloc                          - Undefined Weak Reference
    _initio                                   - Undefined Weak Reference
    _rand_init                                - Undefined Weak Reference
    _signal_finish                            - Undefined Weak Reference
    _signal_init                              - Undefined Weak Reference
    _terminate_alloc                          - Undefined Weak Reference
    _terminate_user_alloc                     - Undefined Weak Reference
    _terminateio                              - Undefined Weak Reference
    __Vectors_Size                           0x000000ec   Number         0  startup_stm32f103xb.o ABSOLUTE
    __Vectors                                0x08000000   Data           4  startup_stm32f103xb.o(RESET)
    __Vectors_End                            0x080000ec   Data           0  startup_stm32f103xb.o(RESET)
    __main                                   0x080000ed   Thumb Code     8  __main.o(!!!main)
    __scatterload                            0x080000f5   Thumb Code     0  __scatter.o(!!!scatter)
    __scatterload_rt2                        0x080000f5   Thumb Code    44  __scatter.o(!!!scatter)
    __scatterload_rt2_thumb_only             0x080000f5   Thumb Code     0  __scatter.o(!!!scatter)
    __scatterload_null                       0x08000103   Thumb Code     0  __scatter.o(!!!scatter)
    __scatterload_copy                       0x08000129   Thumb Code    26  __scatter_copy.o(!!handler_copy)
    __scatterload_zeroinit                   0x08000145   Thumb Code    28  __scatter_zi.o(!!handler_zi)
    __rt_lib_init                            0x08000161   Thumb Code     0  libinit.o(.ARM.Collect$$libinit$$00000000)
    __rt_lib_init_alloca_1                   0x08000163   Thumb Code     0  libinit2.o(.ARM.Collect$$libinit$$0000002E)
    __rt_lib_init_argv_1                     0x08000163   Thumb Code     0  libinit2.o(.ARM.Collect$$libinit$$0000002C)
    __rt_lib_init_atexit_1                   0x08000163   Thumb Code     0  libinit2.o(.ARM.Collect$$libinit$$0000001B)
    __rt_lib_init_clock_1                    0x08000163   Thumb Code     0  libinit2.o(.ARM.Collect$$libinit$$00000021)
    __rt_lib_init_cpp_1                      0x08000163   Thumb Code     0  libinit2.o(.ARM.Collect$$libinit$$00000032)
    __rt_lib_init_exceptions_1               0x08000163   Thumb Code     0  libinit2.o(.ARM.Collect$$libinit$$00000030)
    __rt_lib_init_fp_1                       0x08000163   Thumb Code     0  libinit2.o(.ARM.Collect$$libinit$$00000002)
    __rt_lib_init_fp_trap_1                  0x08000163   Thumb Code     0  libinit2.o(.ARM.Collect$$libinit$$0000001F)
    __rt_lib_init_getenv_1                   0x08000163   Thumb Code     0  libinit2.o(.ARM.Collect$$libinit$$00000023)
    __rt_lib_init_heap_1                     0x08000163   Thumb Code     0  libinit2.o(.ARM.Collect$$libinit$$0000000A)
    __rt_lib_init_lc_collate_1               0x08000163   Thumb Code     0  libinit2.o(.ARM.Collect$$libinit$$00000011)
    __rt_lib_init_lc_ctype_1                 0x08000163   Thumb Code     0  libinit2.o(.ARM.Collect$$libinit$$00000013)
    __rt_lib_init_lc_monetary_1              0x08000163   Thumb Code     0  libinit2.o(.ARM.Collect$$libinit$$00000015)
    __rt_lib_init_lc_numeric_1               0x08000163   Thumb Code     0  libinit2.o(.ARM.Collect$$libinit$$00000017)
    __rt_lib_init_lc_time_1                  0x08000163   Thumb Code     0  libinit2.o(.ARM.Collect$$libinit$$00000019)
    __rt_lib_init_preinit_1                  0x08000163   Thumb Code     0  libinit2.o(.ARM.Collect$$libinit$$00000004)
    __rt_lib_init_rand_1                     0x08000163   Thumb Code     0  libinit2.o(.ARM.Collect$$libinit$$0000000E)
    __rt_lib_init_return                     0x08000163   Thumb Code     0  libinit2.o(.ARM.Collect$$libinit$$00000033)
    __rt_lib_init_signal_1                   0x08000163   Thumb Code     0  libinit2.o(.ARM.Collect$$libinit$$0000001D)
    __rt_lib_init_stdio_1                    0x08000163   Thumb Code     0  libinit2.o(.ARM.Collect$$libinit$$00000025)
    __rt_lib_init_user_alloc_1               0x08000163   Thumb Code     0  libinit2.o(.ARM.Collect$$libinit$$0000000C)
    __rt_lib_shutdown                        0x08000165   Thumb Code     0  libshutdown.o(.ARM.Collect$$libshutdown$$00000000)
    __rt_lib_shutdown_cpp_1                  0x08000167   Thumb Code     0  libshutdown2.o(.ARM.Collect$$libshutdown$$00000004)
    __rt_lib_shutdown_fini_1                 0x08000167   Thumb Code     0  libshutdown2.o(.ARM.Collect$$libshutdown$$00000002)
    __rt_lib_shutdown_fp_trap_1              0x08000167   Thumb Code     0  libshutdown2.o(.ARM.Collect$$libshutdown$$00000009)
    __rt_lib_shutdown_heap_1                 0x08000167   Thumb Code     0  libshutdown2.o(.ARM.Collect$$libshutdown$$00000011)
    __rt_lib_shutdown_return                 0x08000167   Thumb Code     0  libshutdown2.o(.ARM.Collect$$libshutdown$$00000012)
    __rt_lib_shutdown_signal_1               0x08000167   Thumb Code     0  libshutdown2.o(.ARM.Collect$$libshutdown$$0000000C)
    __rt_lib_shutdown_stdio_1                0x08000167   Thumb Code     0  libshutdown2.o(.ARM.Collect$$libshutdown$$00000006)
    __rt_lib_shutdown_user_alloc_1           0x08000167   Thumb Code     0  libshutdown2.o(.ARM.Collect$$libshutdown$$0000000E)
    __rt_entry                               0x08000169   Thumb Code     0  __rtentry.o(.ARM.Collect$$rtentry$$00000000)
    __rt_entry_presh_1                       0x08000169   Thumb Code     0  __rtentry2.o(.ARM.Collect$$rtentry$$00000002)
    __rt_entry_sh                            0x08000169   Thumb Code     0  __rtentry4.o(.ARM.Collect$$rtentry$$00000004)
    __rt_entry_li                            0x0800016f   Thumb Code     0  __rtentry2.o(.ARM.Collect$$rtentry$$0000000A)
    __rt_entry_postsh_1                      0x0800016f   Thumb Code     0  __rtentry2.o(.ARM.Collect$$rtentry$$00000009)
    __rt_entry_main                          0x08000173   Thumb Code     0  __rtentry2.o(.ARM.Collect$$rtentry$$0000000D)
    __rt_entry_postli_1                      0x08000173   Thumb Code     0  __rtentry2.o(.ARM.Collect$$rtentry$$0000000C)
    __rt_exit                                0x0800017b   Thumb Code     0  rtexit.o(.ARM.Collect$$rtexit$$00000000)
    __rt_exit_ls                             0x0800017d   Thumb Code     0  rtexit2.o(.ARM.Collect$$rtexit$$00000003)
    __rt_exit_prels_1                        0x0800017d   Thumb Code     0  rtexit2.o(.ARM.Collect$$rtexit$$00000002)
    __rt_exit_exit                           0x08000181   Thumb Code     0  rtexit2.o(.ARM.Collect$$rtexit$$00000004)
    SVC_Handler                              0x08000189   Thumb Code    32  port.o(.emb_text)
    __asm___6_port_c_39a90d8d__prvStartFirstTask 0x080001ad   Thumb Code    28  port.o(.emb_text)
    PendSV_Handler                           0x080001cd   Thumb Code    72  port.o(.emb_text)
    vPortGetIPSR                             0x08000219   Thumb Code     6  port.o(.emb_text)
    Reset_Handler                            0x08000221   Thumb Code     8  startup_stm32f103xb.o(.text)
    ADC1_2_IRQHandler                        0x0800023b   Thumb Code     0  startup_stm32f103xb.o(.text)
    CAN1_RX1_IRQHandler                      0x0800023b   Thumb Code     0  startup_stm32f103xb.o(.text)
    CAN1_SCE_IRQHandler                      0x0800023b   Thumb Code     0  startup_stm32f103xb.o(.text)
    DMA1_Channel2_IRQHandler                 0x0800023b   Thumb Code     0  startup_stm32f103xb.o(.text)
    DMA1_Channel3_IRQHandler                 0x0800023b   Thumb Code     0  startup_stm32f103xb.o(.text)
    DMA1_Channel4_IRQHandler                 0x0800023b   Thumb Code     0  startup_stm32f103xb.o(.text)
    DMA1_Channel5_IRQHandler                 0x0800023b   Thumb Code     0  startup_stm32f103xb.o(.text)
    DMA1_Channel6_IRQHandler                 0x0800023b   Thumb Code     0  startup_stm32f103xb.o(.text)
    DMA1_Channel7_IRQHandler                 0x0800023b   Thumb Code     0  startup_stm32f103xb.o(.text)
    EXTI0_IRQHandler                         0x0800023b   Thumb Code     0  startup_stm32f103xb.o(.text)
    EXTI15_10_IRQHandler                     0x0800023b   Thumb Code     0  startup_stm32f103xb.o(.text)
    EXTI2_IRQHandler                         0x0800023b   Thumb Code     0  startup_stm32f103xb.o(.text)
    EXTI3_IRQHandler                         0x0800023b   Thumb Code     0  startup_stm32f103xb.o(.text)
    EXTI4_IRQHandler                         0x0800023b   Thumb Code     0  startup_stm32f103xb.o(.text)
    EXTI9_5_IRQHandler                       0x0800023b   Thumb Code     0  startup_stm32f103xb.o(.text)
    FLASH_IRQHandler                         0x0800023b   Thumb Code     0  startup_stm32f103xb.o(.text)
    I2C1_ER_IRQHandler                       0x0800023b   Thumb Code     0  startup_stm32f103xb.o(.text)
    I2C1_EV_IRQHandler                       0x0800023b   Thumb Code     0  startup_stm32f103xb.o(.text)
    I2C2_ER_IRQHandler                       0x0800023b   Thumb Code     0  startup_stm32f103xb.o(.text)
    I2C2_EV_IRQHandler                       0x0800023b   Thumb Code     0  startup_stm32f103xb.o(.text)
    PVD_IRQHandler                           0x0800023b   Thumb Code     0  startup_stm32f103xb.o(.text)
    RCC_IRQHandler                           0x0800023b   Thumb Code     0  startup_stm32f103xb.o(.text)
    RTC_Alarm_IRQHandler                     0x0800023b   Thumb Code     0  startup_stm32f103xb.o(.text)
    RTC_IRQHandler                           0x0800023b   Thumb Code     0  startup_stm32f103xb.o(.text)
    SPI1_IRQHandler                          0x0800023b   Thumb Code     0  startup_stm32f103xb.o(.text)
    SPI2_IRQHandler                          0x0800023b   Thumb Code     0  startup_stm32f103xb.o(.text)
    TAMPER_IRQHandler                        0x0800023b   Thumb Code     0  startup_stm32f103xb.o(.text)
    TIM1_BRK_IRQHandler                      0x0800023b   Thumb Code     0  startup_stm32f103xb.o(.text)
    TIM1_CC_IRQHandler                       0x0800023b   Thumb Code     0  startup_stm32f103xb.o(.text)
    TIM1_TRG_COM_IRQHandler                  0x0800023b   Thumb Code     0  startup_stm32f103xb.o(.text)
    TIM1_UP_IRQHandler                       0x0800023b   Thumb Code     0  startup_stm32f103xb.o(.text)
    TIM2_IRQHandler                          0x0800023b   Thumb Code     0  startup_stm32f103xb.o(.text)
    TIM3_IRQHandler                          0x0800023b   Thumb Code     0  startup_stm32f103xb.o(.text)
    USART2_IRQHandler                        0x0800023b   Thumb Code     0  startup_stm32f103xb.o(.text)
    USART3_IRQHandler                        0x0800023b   Thumb Code     0  startup_stm32f103xb.o(.text)
    USBWakeUp_IRQHandler                     0x0800023b   Thumb Code     0  startup_stm32f103xb.o(.text)
    USB_HP_CAN1_TX_IRQHandler                0x0800023b   Thumb Code     0  startup_stm32f103xb.o(.text)
    USB_LP_CAN1_RX0_IRQHandler               0x0800023b   Thumb Code     0  startup_stm32f103xb.o(.text)
    WWDG_IRQHandler                          0x0800023b   Thumb Code     0  startup_stm32f103xb.o(.text)
    __user_initial_stackheap                 0x0800023d   Thumb Code     0  startup_stm32f103xb.o(.text)
    __aeabi_memcpy4                          0x08000261   Thumb Code     0  rt_memcpy_w.o(.text)
    __aeabi_memcpy8                          0x08000261   Thumb Code     0  rt_memcpy_w.o(.text)
    __rt_memcpy_w                            0x08000261   Thumb Code   100  rt_memcpy_w.o(.text)
    _memcpy_lastbytes_aligned                0x080002a9   Thumb Code     0  rt_memcpy_w.o(.text)
    __aeabi_memclr4                          0x080002c5   Thumb Code     0  rt_memclr_w.o(.text)
    __aeabi_memclr8                          0x080002c5   Thumb Code     0  rt_memclr_w.o(.text)
    __rt_memclr_w                            0x080002c5   Thumb Code    78  rt_memclr_w.o(.text)
    _memset_w                                0x080002c9   Thumb Code     0  rt_memclr_w.o(.text)
    __use_two_region_memory                  0x08000313   Thumb Code     2  heapauxi.o(.text)
    __rt_heap_escrow$2region                 0x08000315   Thumb Code     2  heapauxi.o(.text)
    __rt_heap_expand$2region                 0x08000317   Thumb Code     2  heapauxi.o(.text)
    __user_setup_stackheap                   0x08000319   Thumb Code    74  sys_stackheap_outer.o(.text)
    exit                                     0x08000363   Thumb Code    18  exit.o(.text)
    __user_libspace                          0x08000375   Thumb Code     8  libspace.o(.text)
    __user_perproc_libspace                  0x08000375   Thumb Code     0  libspace.o(.text)
    __user_perthread_libspace                0x08000375   Thumb Code     0  libspace.o(.text)
    _sys_exit                                0x0800037d   Thumb Code     8  sys_exit.o(.text)
    __I$use$semihosting                      0x08000389   Thumb Code     0  use_no_semi.o(.text)
    __use_no_semihosting_swi                 0x08000389   Thumb Code     2  use_no_semi.o(.text)
    __semihosting_library_function           0x0800038b   Thumb Code     0  indicate_semi.o(.text)
    ADC_ConversionStop_Disable               0x0800038d   Thumb Code    86  stm32f1xx_hal_adc.o(i.ADC_ConversionStop_Disable)
    BusFault_Handler                         0x080003e3   Thumb Code     2  stm32f1xx_it.o(i.BusFault_Handler)
    DMA1_Channel1_IRQHandler                 0x080003e5   Thumb Code     6  stm32f1xx_it.o(i.DMA1_Channel1_IRQHandler)
    DebugMon_Handler                         0x080003f1   Thumb Code     2  stm32f1xx_it.o(i.DebugMon_Handler)
    EXTI1_IRQHandler                         0x080003f3   Thumb Code     2  si24r1.o(i.EXTI1_IRQHandler)
    Error_Handler                            0x080003f5   Thumb Code     4  main.o(i.Error_Handler)
    HAL_ADC_ConfigChannel                    0x080003f9   Thumb Code   240  stm32f1xx_hal_adc.o(i.HAL_ADC_ConfigChannel)
    HAL_ADC_Init                             0x080004f5   Thumb Code   272  stm32f1xx_hal_adc.o(i.HAL_ADC_Init)
    HAL_ADC_MspInit                          0x08000611   Thumb Code   120  adc.o(i.HAL_ADC_MspInit)
    HAL_DMA_Abort                            0x0800069d   Thumb Code    70  stm32f1xx_hal_dma.o(i.HAL_DMA_Abort)
    HAL_DMA_Abort_IT                         0x080006e5   Thumb Code   148  stm32f1xx_hal_dma.o(i.HAL_DMA_Abort_IT)
    HAL_DMA_IRQHandler                       0x0800077d   Thumb Code   316  stm32f1xx_hal_dma.o(i.HAL_DMA_IRQHandler)
    HAL_DMA_Init                             0x080008d1   Thumb Code    84  stm32f1xx_hal_dma.o(i.HAL_DMA_Init)
    HAL_Delay                                0x0800092d   Thumb Code    32  stm32f1xx_hal.o(i.HAL_Delay)
    HAL_GPIO_Init                            0x08000951   Thumb Code   446  stm32f1xx_hal_gpio.o(i.HAL_GPIO_Init)
    HAL_GPIO_ReadPin                         0x08000b31   Thumb Code    10  stm32f1xx_hal_gpio.o(i.HAL_GPIO_ReadPin)
    HAL_GPIO_TogglePin                       0x08000b3b   Thumb Code    16  stm32f1xx_hal_gpio.o(i.HAL_GPIO_TogglePin)
    HAL_GPIO_WritePin                        0x08000b4b   Thumb Code    10  stm32f1xx_hal_gpio.o(i.HAL_GPIO_WritePin)
    HAL_GetTick                              0x08000b55   Thumb Code     6  stm32f1xx_hal.o(i.HAL_GetTick)
    HAL_IncTick                              0x08000b61   Thumb Code    12  stm32f1xx_hal.o(i.HAL_IncTick)
    HAL_Init                                 0x08000b71   Thumb Code    32  stm32f1xx_hal.o(i.HAL_Init)
    HAL_InitTick                             0x08000b95   Thumb Code   132  stm32f1xx_hal_timebase_tim.o(i.HAL_InitTick)
    HAL_MspInit                              0x08000c2d   Thumb Code    62  stm32f1xx_hal_msp.o(i.HAL_MspInit)
    HAL_NVIC_EnableIRQ                       0x08000c75   Thumb Code    26  stm32f1xx_hal_cortex.o(i.HAL_NVIC_EnableIRQ)
    HAL_NVIC_SetPriority                     0x08000c91   Thumb Code    60  stm32f1xx_hal_cortex.o(i.HAL_NVIC_SetPriority)
    HAL_NVIC_SetPriorityGrouping             0x08000cd1   Thumb Code    26  stm32f1xx_hal_cortex.o(i.HAL_NVIC_SetPriorityGrouping)
    HAL_RCCEx_PeriphCLKConfig                0x08000cf5   Thumb Code   224  stm32f1xx_hal_rcc_ex.o(i.HAL_RCCEx_PeriphCLKConfig)
    HAL_RCC_ClockConfig                      0x08000de1   Thumb Code   280  stm32f1xx_hal_rcc.o(i.HAL_RCC_ClockConfig)
    HAL_RCC_GetClockConfig                   0x08000f0d   Thumb Code    54  stm32f1xx_hal_rcc.o(i.HAL_RCC_GetClockConfig)
    HAL_RCC_GetPCLK1Freq                     0x08000f4d   Thumb Code    20  stm32f1xx_hal_rcc.o(i.HAL_RCC_GetPCLK1Freq)
    HAL_RCC_GetPCLK2Freq                     0x08000f6d   Thumb Code    20  stm32f1xx_hal_rcc.o(i.HAL_RCC_GetPCLK2Freq)
    HAL_RCC_GetSysClockFreq                  0x08000f8d   Thumb Code    58  stm32f1xx_hal_rcc.o(i.HAL_RCC_GetSysClockFreq)
    HAL_RCC_OscConfig                        0x08000fd9   Thumb Code   778  stm32f1xx_hal_rcc.o(i.HAL_RCC_OscConfig)
    HAL_SPI_Init                             0x080012f9   Thumb Code   178  stm32f1xx_hal_spi.o(i.HAL_SPI_Init)
    HAL_SPI_MspInit                          0x080013ad   Thumb Code    98  spi.o(i.HAL_SPI_MspInit)
    HAL_TIMEx_BreakCallback                  0x0800141d   Thumb Code     2  stm32f1xx_hal_tim_ex.o(i.HAL_TIMEx_BreakCallback)
    HAL_TIMEx_CommutCallback                 0x0800141f   Thumb Code     2  stm32f1xx_hal_tim_ex.o(i.HAL_TIMEx_CommutCallback)
    HAL_TIM_Base_Init                        0x08001421   Thumb Code    90  stm32f1xx_hal_tim.o(i.HAL_TIM_Base_Init)
    HAL_TIM_Base_MspInit                     0x0800147b   Thumb Code     2  stm32f1xx_hal_tim.o(i.HAL_TIM_Base_MspInit)
    HAL_TIM_Base_Start_IT                    0x0800147d   Thumb Code    76  stm32f1xx_hal_tim.o(i.HAL_TIM_Base_Start_IT)
    HAL_TIM_IC_CaptureCallback               0x080014d5   Thumb Code     2  stm32f1xx_hal_tim.o(i.HAL_TIM_IC_CaptureCallback)
    HAL_TIM_IRQHandler                       0x080014d7   Thumb Code   304  stm32f1xx_hal_tim.o(i.HAL_TIM_IRQHandler)
    HAL_TIM_OC_DelayElapsedCallback          0x08001607   Thumb Code     2  stm32f1xx_hal_tim.o(i.HAL_TIM_OC_DelayElapsedCallback)
    HAL_TIM_PWM_PulseFinishedCallback        0x08001609   Thumb Code     2  stm32f1xx_hal_tim.o(i.HAL_TIM_PWM_PulseFinishedCallback)
    HAL_TIM_PeriodElapsedCallback            0x0800160d   Thumb Code    14  main.o(i.HAL_TIM_PeriodElapsedCallback)
    HAL_TIM_TriggerCallback                  0x08001621   Thumb Code     2  stm32f1xx_hal_tim.o(i.HAL_TIM_TriggerCallback)
    HAL_UARTEx_RxEventCallback               0x08001623   Thumb Code     2  stm32f1xx_hal_uart.o(i.HAL_UARTEx_RxEventCallback)
    HAL_UART_ErrorCallback                   0x08001625   Thumb Code     2  stm32f1xx_hal_uart.o(i.HAL_UART_ErrorCallback)
    HAL_UART_IRQHandler                      0x08001629   Thumb Code   616  stm32f1xx_hal_uart.o(i.HAL_UART_IRQHandler)
    HAL_UART_Init                            0x08001895   Thumb Code   100  stm32f1xx_hal_uart.o(i.HAL_UART_Init)
    HAL_UART_MspInit                         0x080018f9   Thumb Code   116  usart.o(i.HAL_UART_MspInit)
    HAL_UART_RxCpltCallback                  0x08001979   Thumb Code     2  stm32f1xx_hal_uart.o(i.HAL_UART_RxCpltCallback)
    HAL_UART_TxCpltCallback                  0x0800197b   Thumb Code     2  stm32f1xx_hal_uart.o(i.HAL_UART_TxCpltCallback)
    HardFault_Handler                        0x0800197d   Thumb Code     2  stm32f1xx_it.o(i.HardFault_Handler)
    IIC_Start                                0x08001981   Thumb Code    52  oled.o(i.IIC_Start)
    IIC_Stop                                 0x080019b9   Thumb Code    40  oled.o(i.IIC_Stop)
    IIC_WaitAck                              0x080019e5   Thumb Code    30  oled.o(i.IIC_WaitAck)
    IIC_WriteByte                            0x08001a09   Thumb Code    86  oled.o(i.IIC_WriteByte)
    IIC_WriteCommand                         0x08001a65   Thumb Code    46  oled.o(i.IIC_WriteCommand)
    IIC_WriteData                            0x08001a93   Thumb Code    46  oled.o(i.IIC_WriteData)
    MX_ADC1_Init                             0x08001ac1   Thumb Code    68  adc.o(i.MX_ADC1_Init)
    MX_DMA_Init                              0x08001b0d   Thumb Code    40  dma.o(i.MX_DMA_Init)
    MX_FREERTOS_Init                         0x08001b39   Thumb Code    74  freertos.o(i.MX_FREERTOS_Init)
    MX_GPIO_Init                             0x08001b8d   Thumb Code   232  gpio.o(i.MX_GPIO_Init)
    MX_SPI1_Init                             0x08001c85   Thumb Code    62  spi.o(i.MX_SPI1_Init)
    MX_USART1_UART_Init                      0x08001ccd   Thumb Code    48  usart.o(i.MX_USART1_UART_Init)
    MemManage_Handler                        0x08001d05   Thumb Code     2  stm32f1xx_it.o(i.MemManage_Handler)
    NMI_Handler                              0x08001d07   Thumb Code     2  stm32f1xx_it.o(i.NMI_Handler)
    OLED_FillPicture                         0x08001d09   Thumb Code    60  oled.o(i.OLED_FillPicture)
    OLED_Init                                0x08001d45   Thumb Code   240  oled.o(i.OLED_Init)
    OLED_SetPos                              0x08001e35   Thumb Code    42  oled.o(i.OLED_SetPos)
    OLED_ShowChar                            0x08001e61   Thumb Code   128  oled.o(i.OLED_ShowChar)
    OLED_ShowString                          0x08001ee9   Thumb Code    54  oled.o(i.OLED_ShowString)
    OLED_WR_Byte                             0x08001f1f   Thumb Code    12  oled.o(i.OLED_WR_Byte)
    PWR_ON                                   0x08001f2d   Thumb Code    22  pwr_on.o(i.PWR_ON)
    PWR_ON_OFF                               0x08001f49   Thumb Code    56  pwr_on_off.o(i.PWR_ON_OFF)
    StartT_OLEDdisplay_Task                  0x08001f85   Thumb Code    38  freertos.o(i.StartT_OLEDdisplay_Task)
    Start_LED_Task                           0x08001fe1   Thumb Code    26  freertos.o(i.Start_LED_Task)
    Start_PWR_Task                           0x08002001   Thumb Code    12  freertos.o(i.Start_PWR_Task)
    SysTick_Handler                          0x0800200d   Thumb Code    38  port.o(i.SysTick_Handler)
    SystemClock_Config                       0x08002039   Thumb Code   120  main.o(i.SystemClock_Config)
    SystemInit                               0x080020b1   Thumb Code     2  system_stm32f1xx.o(i.SystemInit)
    TIM4_IRQHandler                          0x080020b5   Thumb Code     6  stm32f1xx_it.o(i.TIM4_IRQHandler)
    TIM_Base_SetConfig                       0x080020c1   Thumb Code   108  stm32f1xx_hal_tim.o(i.TIM_Base_SetConfig)
    USART1_IRQHandler                        0x08002311   Thumb Code     6  stm32f1xx_it.o(i.USART1_IRQHandler)
    UsageFault_Handler                       0x0800231d   Thumb Code     2  stm32f1xx_it.o(i.UsageFault_Handler)
    main                                     0x0800233f   Thumb Code    46  main.o(i.main)
    osDelay                                  0x08002379   Thumb Code    14  cmsis_os.o(i.osDelay)
    osKernelStart                            0x08002387   Thumb Code    10  cmsis_os.o(i.osKernelStart)
    osThreadCreate                           0x08002391   Thumb Code    84  cmsis_os.o(i.osThreadCreate)
    pvPortMalloc                             0x08002731   Thumb Code   216  heap_4.o(i.pvPortMalloc)
    pxPortInitialiseStack                    0x0800280d   Thumb Code    32  port.o(i.pxPortInitialiseStack)
    uxListRemove                             0x08002831   Thumb Code    38  list.o(i.uxListRemove)
    vApplicationGetIdleTaskMemory            0x08002859   Thumb Code    16  freertos.o(i.vApplicationGetIdleTaskMemory)
    vListInitialise                          0x0800286d   Thumb Code    22  list.o(i.vListInitialise)
    vListInitialiseItem                      0x08002883   Thumb Code     6  list.o(i.vListInitialiseItem)
    vListInsert                              0x08002889   Thumb Code    48  list.o(i.vListInsert)
    vListInsertEnd                           0x080028b9   Thumb Code    24  list.o(i.vListInsertEnd)
    vPortEnterCritical                       0x080028d1   Thumb Code    54  port.o(i.vPortEnterCritical)
    vPortExitCritical                        0x08002911   Thumb Code    34  port.o(i.vPortExitCritical)
    vPortFree                                0x08002939   Thumb Code    94  heap_4.o(i.vPortFree)
    vPortSetupTimerInterrupt                 0x0800299d   Thumb Code    32  port.o(i.vPortSetupTimerInterrupt)
    vTaskDelay                               0x080029c1   Thumb Code    66  tasks.o(i.vTaskDelay)
    vTaskStartScheduler                      0x08002a0d   Thumb Code    90  tasks.o(i.vTaskStartScheduler)
    vTaskSuspendAll                          0x08002a79   Thumb Code    10  tasks.o(i.vTaskSuspendAll)
    vTaskSwitchContext                       0x08002a89   Thumb Code    82  tasks.o(i.vTaskSwitchContext)
    xPortStartScheduler                      0x08002ae5   Thumb Code   154  port.o(i.xPortStartScheduler)
    xTaskCreate                              0x08002b8d   Thumb Code    90  tasks.o(i.xTaskCreate)
    xTaskCreateStatic                        0x08002be7   Thumb Code    86  tasks.o(i.xTaskCreateStatic)
    xTaskIncrementTick                       0x08002c3d   Thumb Code   194  tasks.o(i.xTaskIncrementTick)
    xTaskResumeAll                           0x08002d09   Thumb Code   182  tasks.o(i.xTaskResumeAll)
    AHBPrescTable                            0x08002e32   Data          16  system_stm32f1xx.o(.constdata)
    APBPrescTable                            0x08002e42   Data           8  system_stm32f1xx.o(.constdata)
    F6x8                                     0x08002e4a   Data         552  oled.o(.constdata)
    F8X16                                    0x08003072   Data        1520  oled.o(.constdata)
    Region$$Table$$Base                      0x08003690   Number         0  anon$$obj.o(Region$$Table)
    Region$$Table$$Limit                     0x080036b0   Number         0  anon$$obj.o(Region$$Table)
    PWR_TaskHandle                           0x20000000   Data           4  freertos.o(.data)
    LED_TaskHandle                           0x20000004   Data           4  freertos.o(.data)
    OLEDdisplay_TaskHandle                   0x20000008   Data           4  freertos.o(.data)
    uwTickFreq                               0x2000000c   Data           1  stm32f1xx_hal.o(.data)
    uwTickPrio                               0x20000010   Data           4  stm32f1xx_hal.o(.data)
    uwTick                                   0x20000014   Data           4  stm32f1xx_hal.o(.data)
    SystemCoreClock                          0x20000018   Data           4  system_stm32f1xx.o(.data)
    pxCurrentTCB                             0x2000001c   Data           4  tasks.o(.data)
    hadc1                                    0x200002e4   Data          48  adc.o(.bss)
    hdma_adc1                                0x20000314   Data          68  adc.o(.bss)
    hspi1                                    0x20000358   Data          88  spi.o(.bss)
    huart1                                   0x200003b0   Data          72  usart.o(.bss)
    htim4                                    0x200003f8   Data          72  stm32f1xx_hal_timebase_tim.o(.bss)
    __libspace_start                         0x20001530   Data          96  libspace.o(.bss)
    __temporary_stack_top$libspace           0x20001590   Data           0  libspace.o(.bss)



==============================================================================

Memory Map of the image

  Image Entry point : 0x080000ed

  Load Region LR_IROM1 (Base: 0x08000000, Size: 0x00003734, Max: 0x00010000, ABSOLUTE)

    Execution Region ER_IROM1 (Exec base: 0x08000000, Load base: 0x08000000, Size: 0x000036b0, Max: 0x00010000, ABSOLUTE)

    Exec Addr    Load Addr    Size         Type   Attr      Idx    E Section Name        Object

    0x08000000   0x08000000   0x000000ec   Data   RO            3    RESET               startup_stm32f103xb.o
    0x080000ec   0x080000ec   0x00000008   Code   RO         5576  * !!!main             c_w.l(__main.o)
    0x080000f4   0x080000f4   0x00000034   Code   RO         5764    !!!scatter          c_w.l(__scatter.o)
    0x08000128   0x08000128   0x0000001a   Code   RO         5766    !!handler_copy      c_w.l(__scatter_copy.o)
    0x08000142   0x08000142   0x00000002   PAD
    0x08000144   0x08000144   0x0000001c   Code   RO         5768    !!handler_zi        c_w.l(__scatter_zi.o)
    0x08000160   0x08000160   0x00000002   Code   RO         5632    .ARM.Collect$$libinit$$00000000  c_w.l(libinit.o)
    0x08000162   0x08000162   0x00000000   Code   RO         5639    .ARM.Collect$$libinit$$00000002  c_w.l(libinit2.o)
    0x08000162   0x08000162   0x00000000   Code   RO         5641    .ARM.Collect$$libinit$$00000004  c_w.l(libinit2.o)
    0x08000162   0x08000162   0x00000000   Code   RO         5644    .ARM.Collect$$libinit$$0000000A  c_w.l(libinit2.o)
    0x08000162   0x08000162   0x00000000   Code   RO         5646    .ARM.Collect$$libinit$$0000000C  c_w.l(libinit2.o)
    0x08000162   0x08000162   0x00000000   Code   RO         5648    .ARM.Collect$$libinit$$0000000E  c_w.l(libinit2.o)
    0x08000162   0x08000162   0x00000000   Code   RO         5651    .ARM.Collect$$libinit$$00000011  c_w.l(libinit2.o)
    0x08000162   0x08000162   0x00000000   Code   RO         5653    .ARM.Collect$$libinit$$00000013  c_w.l(libinit2.o)
    0x08000162   0x08000162   0x00000000   Code   RO         5655    .ARM.Collect$$libinit$$00000015  c_w.l(libinit2.o)
    0x08000162   0x08000162   0x00000000   Code   RO         5657    .ARM.Collect$$libinit$$00000017  c_w.l(libinit2.o)
    0x08000162   0x08000162   0x00000000   Code   RO         5659    .ARM.Collect$$libinit$$00000019  c_w.l(libinit2.o)
    0x08000162   0x08000162   0x00000000   Code   RO         5661    .ARM.Collect$$libinit$$0000001B  c_w.l(libinit2.o)
    0x08000162   0x08000162   0x00000000   Code   RO         5663    .ARM.Collect$$libinit$$0000001D  c_w.l(libinit2.o)
    0x08000162   0x08000162   0x00000000   Code   RO         5665    .ARM.Collect$$libinit$$0000001F  c_w.l(libinit2.o)
    0x08000162   0x08000162   0x00000000   Code   RO         5667    .ARM.Collect$$libinit$$00000021  c_w.l(libinit2.o)
    0x08000162   0x08000162   0x00000000   Code   RO         5669    .ARM.Collect$$libinit$$00000023  c_w.l(libinit2.o)
    0x08000162   0x08000162   0x00000000   Code   RO         5671    .ARM.Collect$$libinit$$00000025  c_w.l(libinit2.o)
    0x08000162   0x08000162   0x00000000   Code   RO         5675    .ARM.Collect$$libinit$$0000002C  c_w.l(libinit2.o)
    0x08000162   0x08000162   0x00000000   Code   RO         5677    .ARM.Collect$$libinit$$0000002E  c_w.l(libinit2.o)
    0x08000162   0x08000162   0x00000000   Code   RO         5679    .ARM.Collect$$libinit$$00000030  c_w.l(libinit2.o)
    0x08000162   0x08000162   0x00000000   Code   RO         5681    .ARM.Collect$$libinit$$00000032  c_w.l(libinit2.o)
    0x08000162   0x08000162   0x00000002   Code   RO         5682    .ARM.Collect$$libinit$$00000033  c_w.l(libinit2.o)
    0x08000164   0x08000164   0x00000002   Code   RO         5702    .ARM.Collect$$libshutdown$$00000000  c_w.l(libshutdown.o)
    0x08000166   0x08000166   0x00000000   Code   RO         5715    .ARM.Collect$$libshutdown$$00000002  c_w.l(libshutdown2.o)
    0x08000166   0x08000166   0x00000000   Code   RO         5717    .ARM.Collect$$libshutdown$$00000004  c_w.l(libshutdown2.o)
    0x08000166   0x08000166   0x00000000   Code   RO         5719    .ARM.Collect$$libshutdown$$00000006  c_w.l(libshutdown2.o)
    0x08000166   0x08000166   0x00000000   Code   RO         5722    .ARM.Collect$$libshutdown$$00000009  c_w.l(libshutdown2.o)
    0x08000166   0x08000166   0x00000000   Code   RO         5725    .ARM.Collect$$libshutdown$$0000000C  c_w.l(libshutdown2.o)
    0x08000166   0x08000166   0x00000000   Code   RO         5727    .ARM.Collect$$libshutdown$$0000000E  c_w.l(libshutdown2.o)
    0x08000166   0x08000166   0x00000000   Code   RO         5730    .ARM.Collect$$libshutdown$$00000011  c_w.l(libshutdown2.o)
    0x08000166   0x08000166   0x00000002   Code   RO         5731    .ARM.Collect$$libshutdown$$00000012  c_w.l(libshutdown2.o)
    0x08000168   0x08000168   0x00000000   Code   RO         5600    .ARM.Collect$$rtentry$$00000000  c_w.l(__rtentry.o)
    0x08000168   0x08000168   0x00000000   Code   RO         5609    .ARM.Collect$$rtentry$$00000002  c_w.l(__rtentry2.o)
    0x08000168   0x08000168   0x00000006   Code   RO         5621    .ARM.Collect$$rtentry$$00000004  c_w.l(__rtentry4.o)
    0x0800016e   0x0800016e   0x00000000   Code   RO         5611    .ARM.Collect$$rtentry$$00000009  c_w.l(__rtentry2.o)
    0x0800016e   0x0800016e   0x00000004   Code   RO         5612    .ARM.Collect$$rtentry$$0000000A  c_w.l(__rtentry2.o)
    0x08000172   0x08000172   0x00000000   Code   RO         5614    .ARM.Collect$$rtentry$$0000000C  c_w.l(__rtentry2.o)
    0x08000172   0x08000172   0x00000008   Code   RO         5615    .ARM.Collect$$rtentry$$0000000D  c_w.l(__rtentry2.o)
    0x0800017a   0x0800017a   0x00000002   Code   RO         5636    .ARM.Collect$$rtexit$$00000000  c_w.l(rtexit.o)
    0x0800017c   0x0800017c   0x00000000   Code   RO         5684    .ARM.Collect$$rtexit$$00000002  c_w.l(rtexit2.o)
    0x0800017c   0x0800017c   0x00000004   Code   RO         5685    .ARM.Collect$$rtexit$$00000003  c_w.l(rtexit2.o)
    0x08000180   0x08000180   0x00000006   Code   RO         5686    .ARM.Collect$$rtexit$$00000004  c_w.l(rtexit2.o)
    0x08000186   0x08000186   0x00000002   PAD
    0x08000188   0x08000188   0x00000096   Code   RO         4854    .emb_text           port.o
    0x0800021e   0x0800021e   0x00000002   PAD
    0x08000220   0x08000220   0x00000040   Code   RO            4    .text               startup_stm32f103xb.o
    0x08000260   0x08000260   0x00000064   Code   RO         5568    .text               c_w.l(rt_memcpy_w.o)
    0x080002c4   0x080002c4   0x0000004e   Code   RO         5572    .text               c_w.l(rt_memclr_w.o)
    0x08000312   0x08000312   0x00000006   Code   RO         5574    .text               c_w.l(heapauxi.o)
    0x08000318   0x08000318   0x0000004a   Code   RO         5623    .text               c_w.l(sys_stackheap_outer.o)
    0x08000362   0x08000362   0x00000012   Code   RO         5625    .text               c_w.l(exit.o)
    0x08000374   0x08000374   0x00000008   Code   RO         5633    .text               c_w.l(libspace.o)
    0x0800037c   0x0800037c   0x0000000c   Code   RO         5694    .text               c_w.l(sys_exit.o)
    0x08000388   0x08000388   0x00000002   Code   RO         5705    .text               c_w.l(use_no_semi.o)
    0x0800038a   0x0800038a   0x00000000   Code   RO         5707    .text               c_w.l(indicate_semi.o)
    0x0800038a   0x0800038a   0x00000002   PAD
    0x0800038c   0x0800038c   0x00000056   Code   RO          688    i.ADC_ConversionStop_Disable  stm32f1xx_hal_adc.o
    0x080003e2   0x080003e2   0x00000002   Code   RO          513    i.BusFault_Handler  stm32f1xx_it.o
    0x080003e4   0x080003e4   0x0000000c   Code   RO          514    i.DMA1_Channel1_IRQHandler  stm32f1xx_it.o
    0x080003f0   0x080003f0   0x00000002   Code   RO          515    i.DebugMon_Handler  stm32f1xx_it.o
    0x080003f2   0x080003f2   0x00000002   Code   RO         5150    i.EXTI1_IRQHandler  si24r1.o
    0x080003f4   0x080003f4   0x00000004   Code   RO           13    i.Error_Handler     main.o
    0x080003f8   0x080003f8   0x000000fc   Code   RO          694    i.HAL_ADC_ConfigChannel  stm32f1xx_hal_adc.o
    0x080004f4   0x080004f4   0x0000011c   Code   RO          703    i.HAL_ADC_Init      stm32f1xx_hal_adc.o
    0x08000610   0x08000610   0x0000008c   Code   RO          321    i.HAL_ADC_MspInit   adc.o
    0x0800069c   0x0800069c   0x00000046   Code   RO         1345    i.HAL_DMA_Abort     stm32f1xx_hal_dma.o
    0x080006e2   0x080006e2   0x00000002   PAD
    0x080006e4   0x080006e4   0x00000098   Code   RO         1346    i.HAL_DMA_Abort_IT  stm32f1xx_hal_dma.o
    0x0800077c   0x0800077c   0x00000154   Code   RO         1350    i.HAL_DMA_IRQHandler  stm32f1xx_hal_dma.o
    0x080008d0   0x080008d0   0x0000005c   Code   RO         1351    i.HAL_DMA_Init      stm32f1xx_hal_dma.o
    0x0800092c   0x0800092c   0x00000024   Code   RO          971    i.HAL_Delay         stm32f1xx_hal.o
    0x08000950   0x08000950   0x000001e0   Code   RO         1281    i.HAL_GPIO_Init     stm32f1xx_hal_gpio.o
    0x08000b30   0x08000b30   0x0000000a   Code   RO         1283    i.HAL_GPIO_ReadPin  stm32f1xx_hal_gpio.o
    0x08000b3a   0x08000b3a   0x00000010   Code   RO         1284    i.HAL_GPIO_TogglePin  stm32f1xx_hal_gpio.o
    0x08000b4a   0x08000b4a   0x0000000a   Code   RO         1285    i.HAL_GPIO_WritePin  stm32f1xx_hal_gpio.o
    0x08000b54   0x08000b54   0x0000000c   Code   RO          975    i.HAL_GetTick       stm32f1xx_hal.o
    0x08000b60   0x08000b60   0x00000010   Code   RO          981    i.HAL_IncTick       stm32f1xx_hal.o
    0x08000b70   0x08000b70   0x00000024   Code   RO          982    i.HAL_Init          stm32f1xx_hal.o
    0x08000b94   0x08000b94   0x00000098   Code   RO          613    i.HAL_InitTick      stm32f1xx_hal_timebase_tim.o
    0x08000c2c   0x08000c2c   0x00000048   Code   RO          589    i.HAL_MspInit       stm32f1xx_hal_msp.o
    0x08000c74   0x08000c74   0x0000001a   Code   RO         1441    i.HAL_NVIC_EnableIRQ  stm32f1xx_hal_cortex.o
    0x08000c8e   0x08000c8e   0x00000002   PAD
    0x08000c90   0x08000c90   0x00000040   Code   RO         1447    i.HAL_NVIC_SetPriority  stm32f1xx_hal_cortex.o
    0x08000cd0   0x08000cd0   0x00000024   Code   RO         1448    i.HAL_NVIC_SetPriorityGrouping  stm32f1xx_hal_cortex.o
    0x08000cf4   0x08000cf4   0x000000ec   Code   RO         1243    i.HAL_RCCEx_PeriphCLKConfig  stm32f1xx_hal_rcc_ex.o
    0x08000de0   0x08000de0   0x0000012c   Code   RO         1139    i.HAL_RCC_ClockConfig  stm32f1xx_hal_rcc.o
    0x08000f0c   0x08000f0c   0x00000040   Code   RO         1143    i.HAL_RCC_GetClockConfig  stm32f1xx_hal_rcc.o
    0x08000f4c   0x08000f4c   0x00000020   Code   RO         1146    i.HAL_RCC_GetPCLK1Freq  stm32f1xx_hal_rcc.o
    0x08000f6c   0x08000f6c   0x00000020   Code   RO         1147    i.HAL_RCC_GetPCLK2Freq  stm32f1xx_hal_rcc.o
    0x08000f8c   0x08000f8c   0x0000004c   Code   RO         1148    i.HAL_RCC_GetSysClockFreq  stm32f1xx_hal_rcc.o
    0x08000fd8   0x08000fd8   0x00000320   Code   RO         1151    i.HAL_RCC_OscConfig  stm32f1xx_hal_rcc.o
    0x080012f8   0x080012f8   0x000000b2   Code   RO         1952    i.HAL_SPI_Init      stm32f1xx_hal_spi.o
    0x080013aa   0x080013aa   0x00000002   PAD
    0x080013ac   0x080013ac   0x00000070   Code   RO          390    i.HAL_SPI_MspInit   spi.o
    0x0800141c   0x0800141c   0x00000002   Code   RO         2969    i.HAL_TIMEx_BreakCallback  stm32f1xx_hal_tim_ex.o
    0x0800141e   0x0800141e   0x00000002   Code   RO         2970    i.HAL_TIMEx_CommutCallback  stm32f1xx_hal_tim_ex.o
    0x08001420   0x08001420   0x0000005a   Code   RO         2265    i.HAL_TIM_Base_Init  stm32f1xx_hal_tim.o
    0x0800147a   0x0800147a   0x00000002   Code   RO         2267    i.HAL_TIM_Base_MspInit  stm32f1xx_hal_tim.o
    0x0800147c   0x0800147c   0x00000058   Code   RO         2270    i.HAL_TIM_Base_Start_IT  stm32f1xx_hal_tim.o
    0x080014d4   0x080014d4   0x00000002   Code   RO         2299    i.HAL_TIM_IC_CaptureCallback  stm32f1xx_hal_tim.o
    0x080014d6   0x080014d6   0x00000130   Code   RO         2313    i.HAL_TIM_IRQHandler  stm32f1xx_hal_tim.o
    0x08001606   0x08001606   0x00000002   Code   RO         2316    i.HAL_TIM_OC_DelayElapsedCallback  stm32f1xx_hal_tim.o
    0x08001608   0x08001608   0x00000002   Code   RO         2343    i.HAL_TIM_PWM_PulseFinishedCallback  stm32f1xx_hal_tim.o
    0x0800160a   0x0800160a   0x00000002   PAD
    0x0800160c   0x0800160c   0x00000014   Code   RO           14    i.HAL_TIM_PeriodElapsedCallback  main.o
    0x08001620   0x08001620   0x00000002   Code   RO         2356    i.HAL_TIM_TriggerCallback  stm32f1xx_hal_tim.o
    0x08001622   0x08001622   0x00000002   Code   RO         3248    i.HAL_UARTEx_RxEventCallback  stm32f1xx_hal_uart.o
    0x08001624   0x08001624   0x00000002   Code   RO         3262    i.HAL_UART_ErrorCallback  stm32f1xx_hal_uart.o
    0x08001626   0x08001626   0x00000002   PAD
    0x08001628   0x08001628   0x0000026c   Code   RO         3265    i.HAL_UART_IRQHandler  stm32f1xx_hal_uart.o
    0x08001894   0x08001894   0x00000064   Code   RO         3266    i.HAL_UART_Init     stm32f1xx_hal_uart.o
    0x080018f8   0x080018f8   0x00000080   Code   RO          472    i.HAL_UART_MspInit  usart.o
    0x08001978   0x08001978   0x00000002   Code   RO         3272    i.HAL_UART_RxCpltCallback  stm32f1xx_hal_uart.o
    0x0800197a   0x0800197a   0x00000002   Code   RO         3277    i.HAL_UART_TxCpltCallback  stm32f1xx_hal_uart.o
    0x0800197c   0x0800197c   0x00000002   Code   RO          516    i.HardFault_Handler  stm32f1xx_it.o
    0x0800197e   0x0800197e   0x00000002   PAD
    0x08001980   0x08001980   0x00000038   Code   RO         4988    i.IIC_Start         oled.o
    0x080019b8   0x080019b8   0x0000002c   Code   RO         4989    i.IIC_Stop          oled.o
    0x080019e4   0x080019e4   0x00000024   Code   RO         4990    i.IIC_WaitAck       oled.o
    0x08001a08   0x08001a08   0x0000005c   Code   RO         4991    i.IIC_WriteByte     oled.o
    0x08001a64   0x08001a64   0x0000002e   Code   RO         4992    i.IIC_WriteCommand  oled.o
    0x08001a92   0x08001a92   0x0000002e   Code   RO         4993    i.IIC_WriteData     oled.o
    0x08001ac0   0x08001ac0   0x0000004c   Code   RO          322    i.MX_ADC1_Init      adc.o
    0x08001b0c   0x08001b0c   0x0000002c   Code   RO          365    i.MX_DMA_Init       dma.o
    0x08001b38   0x08001b38   0x00000054   Code   RO          258    i.MX_FREERTOS_Init  freertos.o
    0x08001b8c   0x08001b8c   0x000000f8   Code   RO          234    i.MX_GPIO_Init      gpio.o
    0x08001c84   0x08001c84   0x00000048   Code   RO          391    i.MX_SPI1_Init      spi.o
    0x08001ccc   0x08001ccc   0x00000038   Code   RO          473    i.MX_USART1_UART_Init  usart.o
    0x08001d04   0x08001d04   0x00000002   Code   RO          517    i.MemManage_Handler  stm32f1xx_it.o
    0x08001d06   0x08001d06   0x00000002   Code   RO          518    i.NMI_Handler       stm32f1xx_it.o
    0x08001d08   0x08001d08   0x0000003c   Code   RO         4999    i.OLED_FillPicture  oled.o
    0x08001d44   0x08001d44   0x000000f0   Code   RO         5000    i.OLED_Init         oled.o
    0x08001e34   0x08001e34   0x0000002a   Code   RO         5002    i.OLED_SetPos       oled.o
    0x08001e5e   0x08001e5e   0x00000002   PAD
    0x08001e60   0x08001e60   0x00000088   Code   RO         5006    i.OLED_ShowChar     oled.o
    0x08001ee8   0x08001ee8   0x00000036   Code   RO         5008    i.OLED_ShowString   oled.o
    0x08001f1e   0x08001f1e   0x0000000c   Code   RO         5009    i.OLED_WR_Byte      oled.o
    0x08001f2a   0x08001f2a   0x00000002   PAD
    0x08001f2c   0x08001f2c   0x0000001c   Code   RO         4961    i.PWR_ON            pwr_on.o
    0x08001f48   0x08001f48   0x0000003c   Code   RO         4934    i.PWR_ON_OFF        pwr_on_off.o
    0x08001f84   0x08001f84   0x0000005c   Code   RO          259    i.StartT_OLEDdisplay_Task  freertos.o
    0x08001fe0   0x08001fe0   0x00000020   Code   RO          260    i.Start_LED_Task    freertos.o
    0x08002000   0x08002000   0x0000000c   Code   RO          261    i.Start_PWR_Task    freertos.o
    0x0800200c   0x0800200c   0x0000002c   Code   RO         4855    i.SysTick_Handler   port.o
    0x08002038   0x08002038   0x00000078   Code   RO           15    i.SystemClock_Config  main.o
    0x080020b0   0x080020b0   0x00000002   Code   RO         3600    i.SystemInit        system_stm32f1xx.o
    0x080020b2   0x080020b2   0x00000002   PAD
    0x080020b4   0x080020b4   0x0000000c   Code   RO          519    i.TIM4_IRQHandler   stm32f1xx_it.o
    0x080020c0   0x080020c0   0x00000078   Code   RO         2358    i.TIM_Base_SetConfig  stm32f1xx_hal_tim.o
    0x08002138   0x08002138   0x00000010   Code   RO         3279    i.UART_DMAAbortOnError  stm32f1xx_hal_uart.o
    0x08002148   0x08002148   0x0000004e   Code   RO         3289    i.UART_EndRxTransfer  stm32f1xx_hal_uart.o
    0x08002196   0x08002196   0x000000c2   Code   RO         3291    i.UART_Receive_IT   stm32f1xx_hal_uart.o
    0x08002258   0x08002258   0x000000b8   Code   RO         3292    i.UART_SetConfig    stm32f1xx_hal_uart.o
    0x08002310   0x08002310   0x0000000c   Code   RO          520    i.USART1_IRQHandler  stm32f1xx_it.o
    0x0800231c   0x0800231c   0x00000002   Code   RO          521    i.UsageFault_Handler  stm32f1xx_it.o
    0x0800231e   0x0800231e   0x00000020   Code   RO         1454    i.__NVIC_SetPriority  stm32f1xx_hal_cortex.o
    0x0800233e   0x0800233e   0x0000002e   Code   RO           16    i.main              main.o
    0x0800236c   0x0800236c   0x0000000c   Code   RO         4420    i.makeFreeRtosPriority  cmsis_os.o
    0x08002378   0x08002378   0x0000000e   Code   RO         4422    i.osDelay           cmsis_os.o
    0x08002386   0x08002386   0x0000000a   Code   RO         4425    i.osKernelStart     cmsis_os.o
    0x08002390   0x08002390   0x00000054   Code   RO         4459    i.osThreadCreate    cmsis_os.o
    0x080023e4   0x080023e4   0x00000070   Code   RO         4102    i.prvAddCurrentTaskToDelayedList  tasks.o
    0x08002454   0x08002454   0x000000d0   Code   RO         4103    i.prvAddNewTaskToReadyList  tasks.o
    0x08002524   0x08002524   0x00000034   Code   RO         4104    i.prvDeleteTCB      tasks.o
    0x08002558   0x08002558   0x0000004c   Code   RO         4787    i.prvHeapInit       heap_4.o
    0x080025a4   0x080025a4   0x00000060   Code   RO         4105    i.prvIdleTask       tasks.o
    0x08002604   0x08002604   0x00000098   Code   RO         4106    i.prvInitialiseNewTask  tasks.o
    0x0800269c   0x0800269c   0x0000004c   Code   RO         4788    i.prvInsertBlockIntoFreeList  heap_4.o
    0x080026e8   0x080026e8   0x00000020   Code   RO         4107    i.prvResetNextTaskUnblockTime  tasks.o
    0x08002708   0x08002708   0x00000028   Code   RO         4856    i.prvTaskExitError  port.o
    0x08002730   0x08002730   0x000000dc   Code   RO         4789    i.pvPortMalloc      heap_4.o
    0x0800280c   0x0800280c   0x00000024   Code   RO         4857    i.pxPortInitialiseStack  port.o
    0x08002830   0x08002830   0x00000026   Code   RO         3738    i.uxListRemove      list.o
    0x08002856   0x08002856   0x00000002   PAD
    0x08002858   0x08002858   0x00000014   Code   RO          262    i.vApplicationGetIdleTaskMemory  freertos.o
    0x0800286c   0x0800286c   0x00000016   Code   RO         3739    i.vListInitialise   list.o
    0x08002882   0x08002882   0x00000006   Code   RO         3740    i.vListInitialiseItem  list.o
    0x08002888   0x08002888   0x00000030   Code   RO         3741    i.vListInsert       list.o
    0x080028b8   0x080028b8   0x00000018   Code   RO         3742    i.vListInsertEnd    list.o
    0x080028d0   0x080028d0   0x00000040   Code   RO         4859    i.vPortEnterCritical  port.o
    0x08002910   0x08002910   0x00000028   Code   RO         4860    i.vPortExitCritical  port.o
    0x08002938   0x08002938   0x00000064   Code   RO         4790    i.vPortFree         heap_4.o
    0x0800299c   0x0800299c   0x00000024   Code   RO         4861    i.vPortSetupTimerInterrupt  port.o
    0x080029c0   0x080029c0   0x0000004c   Code   RO         4116    i.vTaskDelay        tasks.o
    0x08002a0c   0x08002a0c   0x0000006c   Code   RO         4129    i.vTaskStartScheduler  tasks.o
    0x08002a78   0x08002a78   0x00000010   Code   RO         4131    i.vTaskSuspendAll   tasks.o
    0x08002a88   0x08002a88   0x0000005c   Code   RO         4132    i.vTaskSwitchContext  tasks.o
    0x08002ae4   0x08002ae4   0x000000a8   Code   RO         4863    i.xPortStartScheduler  port.o
    0x08002b8c   0x08002b8c   0x0000005a   Code   RO         4135    i.xTaskCreate       tasks.o
    0x08002be6   0x08002be6   0x00000056   Code   RO         4136    i.xTaskCreateStatic  tasks.o
    0x08002c3c   0x08002c3c   0x000000cc   Code   RO         4143    i.xTaskIncrementTick  tasks.o
    0x08002d08   0x08002d08   0x000000c4   Code   RO         4149    i.xTaskResumeAll    tasks.o
    0x08002dcc   0x08002dcc   0x00000054   Data   RO          264    .constdata          freertos.o
    0x08002e20   0x08002e20   0x00000012   Data   RO         1152    .constdata          stm32f1xx_hal_rcc.o
    0x08002e32   0x08002e32   0x00000010   Data   RO         3601    .constdata          system_stm32f1xx.o
    0x08002e42   0x08002e42   0x00000008   Data   RO         3602    .constdata          system_stm32f1xx.o
    0x08002e4a   0x08002e4a   0x00000818   Data   RO         5011    .constdata          oled.o
    0x08003662   0x08003662   0x00000002   PAD
    0x08003664   0x08003664   0x00000029   Data   RO          265    .conststring        freertos.o
    0x0800368d   0x0800368d   0x00000003   PAD
    0x08003690   0x08003690   0x00000020   Data   RO         5762    Region$$Table       anon$$obj.o


    Execution Region RW_IRAM1 (Exec base: 0x20000000, Load base: 0x080036b0, Size: 0x00001b90, Max: 0x00005000, ABSOLUTE)

    Exec Addr    Load Addr    Size         Type   Attr      Idx    E Section Name        Object

    0x20000000   0x080036b0   0x0000000c   Data   RW          266    .data               freertos.o
    0x2000000c   0x080036bc   0x0000000c   Data   RW          989    .data               stm32f1xx_hal.o
    0x20000018   0x080036c8   0x00000004   Data   RW         3603    .data               system_stm32f1xx.o
    0x2000001c   0x080036cc   0x0000003c   Data   RW         4152    .data               tasks.o
    0x20000058   0x08003708   0x00000020   Data   RW         4796    .data               heap_4.o
    0x20000078   0x08003728   0x0000000c   Data   RW         4864    .data               port.o
    0x20000084        -       0x00000260   Zero   RW          263    .bss                freertos.o
    0x200002e4        -       0x00000074   Zero   RW          323    .bss                adc.o
    0x20000358        -       0x00000058   Zero   RW          398    .bss                spi.o
    0x200003b0        -       0x00000048   Zero   RW          474    .bss                usart.o
    0x200003f8        -       0x00000048   Zero   RW          616    .bss                stm32f1xx_hal_timebase_tim.o
    0x20000440        -       0x000000f0   Zero   RW         4151    .bss                tasks.o
    0x20000530        -       0x00001000   Zero   RW         4795    .bss                heap_4.o
    0x20001530        -       0x00000060   Zero   RW         5634    .bss                c_w.l(libspace.o)
    0x20001590        -       0x00000200   Zero   RW            2    HEAP                startup_stm32f103xb.o
    0x20001790        -       0x00000400   Zero   RW            1    STACK               startup_stm32f103xb.o


==============================================================================

Image component sizes


      Code (inc. data)   RO Data    RW Data    ZI Data      Debug   Object Name

       216         28          0          0        116       2087   adc.o
       120          0          0          0          0      23645   cmsis_os.o
        44          4          0          0          0        830   dma.o
         0          0          0          0          0      17172   event_groups.o
       240         74        125         12        608       3866   freertos.o
       248         16          0          0          0       1071   gpio.o
       472         24          0         32       4096       7575   heap_4.o
       138          0          0          0          0       3602   list.o
       190          6          0          0          0     485052   main.o
       864         28       2072          0          0       8553   oled.o
       578         60          0         12          0      10648   port.o
        28          6          0          0          0        493   pwr_on.o
        60          4          0          0          0        569   pwr_on_off.o
         2          0          0          0          0        467   si24r1.o
       184         24          0          0         88       2019   spi.o
        64         26        236          0       1536        848   startup_stm32f103xb.o
       100         18          0         12          0       5494   stm32f1xx_hal.o
       622         24          0          0          0       3444   stm32f1xx_hal_adc.o
       158         14          0          0          0      28358   stm32f1xx_hal_cortex.o
       654         36          0          0          0       3567   stm32f1xx_hal_dma.o
       516         34          0          0          0       4312   stm32f1xx_hal_gpio.o
        72         10          0          0          0        942   stm32f1xx_hal_msp.o
      1304         94         18          0          0       5989   stm32f1xx_hal_rcc.o
       236         12          0          0          0       1452   stm32f1xx_hal_rcc_ex.o
       178          0          0          0          0       1231   stm32f1xx_hal_spi.o
       612         24          0          0          0       7532   stm32f1xx_hal_tim.o
         4          0          0          0          0       1689   stm32f1xx_hal_tim_ex.o
       152         20          0          0         72       1583   stm32f1xx_hal_timebase_tim.o
      1200         10          0          0          0       8376   stm32f1xx_hal_uart.o
        48         18          0          0          0       4222   stm32f1xx_it.o
         0          0          0          0          0        384   stream_buffer.o
         2          0         24          4          0       1227   system_stm32f1xx.o
      1520        112          0         60        240      19670   tasks.o
       184         20          0          0         72       1830   usart.o

    ----------------------------------------------------------------------
     11032        746       2512        132       6828     669799   Object Totals
         0          0         32          0          0          0   (incl. Generated)
        22          0          5          0          0          0   (incl. Padding)

    ----------------------------------------------------------------------

      Code (inc. data)   RO Data    RW Data    ZI Data      Debug   Library Member Name

         8          0          0          0          0         68   __main.o
         0          0          0          0          0          0   __rtentry.o
        12          0          0          0          0          0   __rtentry2.o
         6          0          0          0          0          0   __rtentry4.o
        52          8          0          0          0          0   __scatter.o
        26          0          0          0          0          0   __scatter_copy.o
        28          0          0          0          0          0   __scatter_zi.o
        18          0          0          0          0         80   exit.o
         6          0          0          0          0        152   heapauxi.o
         0          0          0          0          0          0   indicate_semi.o
         2          0          0          0          0          0   libinit.o
         2          0          0          0          0          0   libinit2.o
         2          0          0          0          0          0   libshutdown.o
         2          0          0          0          0          0   libshutdown2.o
         8          4          0          0         96         68   libspace.o
        78          0          0          0          0         80   rt_memclr_w.o
       100          0          0          0          0         80   rt_memcpy_w.o
         2          0          0          0          0          0   rtexit.o
        10          0          0          0          0          0   rtexit2.o
        12          4          0          0          0         68   sys_exit.o
        74          0          0          0          0         80   sys_stackheap_outer.o
         2          0          0          0          0         68   use_no_semi.o

    ----------------------------------------------------------------------
       456         16          0          0         96        744   Library Totals
         6          0          0          0          0          0   (incl. Padding)

    ----------------------------------------------------------------------

      Code (inc. data)   RO Data    RW Data    ZI Data      Debug   Library Name

       450         16          0          0         96        744   c_w.l

    ----------------------------------------------------------------------
       456         16          0          0         96        744   Library Totals

    ----------------------------------------------------------------------

==============================================================================


      Code (inc. data)   RO Data    RW Data    ZI Data      Debug   

     11488        762       2512        132       6924     663883   Grand Totals
     11488        762       2512        132       6924     663883   ELF Image Totals
     11488        762       2512        132          0          0   ROM Totals

==============================================================================

    Total RO  Size (Code + RO Data)                14000 (  13.67kB)
    Total RW  Size (RW Data + ZI Data)              7056 (   6.89kB)
    Total ROM Size (Code + RO Data + RW Data)      14132 (  13.80kB)

==============================================================================

