Component: ARM Compiler 5.06 update 6 (build 750) Tool: armlink [4d35ed]

==============================================================================

Section Cross References

    startup_stm32f103xb.o(RESET) refers to startup_stm32f103xb.o(STACK) for __initial_sp
    startup_stm32f103xb.o(RESET) refers to startup_stm32f103xb.o(.text) for Reset_Handler
    startup_stm32f103xb.o(RESET) refers to stm32f1xx_it.o(i.NMI_Handler) for NMI_Handler
    startup_stm32f103xb.o(RESET) refers to stm32f1xx_it.o(i.HardFault_Handler) for HardFault_Handler
    startup_stm32f103xb.o(RESET) refers to stm32f1xx_it.o(i.MemManage_Handler) for MemManage_Handler
    startup_stm32f103xb.o(RESET) refers to stm32f1xx_it.o(i.BusFault_Handler) for BusFault_Handler
    startup_stm32f103xb.o(RESET) refers to stm32f1xx_it.o(i.UsageFault_Handler) for UsageFault_Handler
    startup_stm32f103xb.o(RESET) refers to port.o(.emb_text) for SVC_Handler
    startup_stm32f103xb.o(RESET) refers to stm32f1xx_it.o(i.DebugMon_Handler) for DebugMon_Handler
    startup_stm32f103xb.o(RESET) refers to port.o(i.SysTick_Handler) for SysTick_Handler
    startup_stm32f103xb.o(RESET) refers to si24r1.o(i.EXTI1_IRQHandler) for EXTI1_IRQHandler
    startup_stm32f103xb.o(RESET) refers to stm32f1xx_it.o(i.DMA1_Channel1_IRQHandler) for DMA1_Channel1_IRQHandler
    startup_stm32f103xb.o(RESET) refers to stm32f1xx_it.o(i.TIM4_IRQHandler) for TIM4_IRQHandler
    startup_stm32f103xb.o(RESET) refers to stm32f1xx_it.o(i.USART1_IRQHandler) for USART1_IRQHandler
    startup_stm32f103xb.o(.text) refers to system_stm32f1xx.o(i.SystemInit) for SystemInit
    startup_stm32f103xb.o(.text) refers to entry.o(.ARM.Collect$$$$00000000) for __main
    main.o(i.HAL_TIM_PeriodElapsedCallback) refers to stm32f1xx_hal.o(i.HAL_IncTick) for HAL_IncTick
    main.o(i.SystemClock_Config) refers to memseta.o(.text) for __aeabi_memclr4
    main.o(i.SystemClock_Config) refers to stm32f1xx_hal_rcc.o(i.HAL_RCC_OscConfig) for HAL_RCC_OscConfig
    main.o(i.SystemClock_Config) refers to stm32f1xx_hal_rcc.o(i.HAL_RCC_ClockConfig) for HAL_RCC_ClockConfig
    main.o(i.SystemClock_Config) refers to stm32f1xx_hal_rcc_ex.o(i.HAL_RCCEx_PeriphCLKConfig) for HAL_RCCEx_PeriphCLKConfig
    main.o(i.main) refers to stm32f1xx_hal.o(i.HAL_Init) for HAL_Init
    main.o(i.main) refers to main.o(i.SystemClock_Config) for SystemClock_Config
    main.o(i.main) refers to gpio.o(i.MX_GPIO_Init) for MX_GPIO_Init
    main.o(i.main) refers to dma.o(i.MX_DMA_Init) for MX_DMA_Init
    main.o(i.main) refers to spi.o(i.MX_SPI1_Init) for MX_SPI1_Init
    main.o(i.main) refers to usart.o(i.MX_USART1_UART_Init) for MX_USART1_UART_Init
    main.o(i.main) refers to adc.o(i.MX_ADC1_Init) for MX_ADC1_Init
    main.o(i.main) refers to pwr_on.o(i.PWR_ON) for PWR_ON
    main.o(i.main) refers to oled.o(i.OLED_Init) for OLED_Init
    main.o(i.main) refers to si24r1.o(i.SI24R1_Config) for SI24R1_Config
    main.o(i.main) refers to stm32f1xx_hal_adc_ex.o(i.HAL_ADCEx_Calibration_Start) for HAL_ADCEx_Calibration_Start
    main.o(i.main) refers to stm32f1xx_hal_adc.o(i.HAL_ADC_Start_DMA) for HAL_ADC_Start_DMA
    main.o(i.main) refers to si24r1.o(i.WaitFlY_Connection) for WaitFlY_Connection
    main.o(i.main) refers to oleddispaly.o(i.Display_init) for Display_init
    main.o(i.main) refers to freertos.o(i.MX_FREERTOS_Init) for MX_FREERTOS_Init
    main.o(i.main) refers to cmsis_os.o(i.osKernelStart) for osKernelStart
    main.o(i.main) refers to adc.o(.bss) for hadc1
    main.o(i.main) refers to main.o(.data) for .data
    gpio.o(i.MX_GPIO_Init) refers to stm32f1xx_hal_gpio.o(i.HAL_GPIO_WritePin) for HAL_GPIO_WritePin
    gpio.o(i.MX_GPIO_Init) refers to stm32f1xx_hal_gpio.o(i.HAL_GPIO_Init) for HAL_GPIO_Init
    freertos.o(i.MX_FREERTOS_Init) refers to memcpya.o(.text) for __aeabi_memcpy4
    freertos.o(i.MX_FREERTOS_Init) refers to cmsis_os.o(i.osThreadCreate) for osThreadCreate
    freertos.o(i.MX_FREERTOS_Init) refers to freertos.o(.constdata) for .constdata
    freertos.o(i.MX_FREERTOS_Init) refers to freertos.o(.data) for .data
    freertos.o(i.StartT_OLEDdisplay_Task) refers to oleddispaly.o(i.Display_Update) for Display_Update
    freertos.o(i.StartT_OLEDdisplay_Task) refers to si24r1.o(i.ReconnectionFly) for ReconnectionFly
    freertos.o(i.Start_LED_Task) refers to stm32f1xx_hal_gpio.o(i.HAL_GPIO_TogglePin) for HAL_GPIO_TogglePin
    freertos.o(i.Start_LED_Task) refers to cmsis_os.o(i.osDelay) for osDelay
    freertos.o(i.Start_PWR_Task) refers to pwr_on_off.o(i.PWR_ON_OFF) for PWR_ON_OFF
    freertos.o(i.Start_PWR_Task) refers to cmsis_os.o(i.osDelay) for osDelay
    freertos.o(i.vApplicationGetIdleTaskMemory) refers to freertos.o(.bss) for .bss
    freertos.o(.constdata) refers to freertos.o(.conststring) for .conststring
    freertos.o(.constdata) refers to freertos.o(i.Start_PWR_Task) for Start_PWR_Task
    freertos.o(.constdata) refers to freertos.o(i.Start_LED_Task) for Start_LED_Task
[...]
    i.HAL_TIM_PWM_PulseFinishedCallback      0x0800223c   Section        0  stm32f1xx_hal_tim.o(i.HAL_TIM_PWM_PulseFinishedCallback)
    i.HAL_TIM_PeriodElapsedCallback          0x08002240   Section        0  main.o(i.HAL_TIM_PeriodElapsedCallback)
    i.HAL_TIM_TriggerCallback                0x08002254   Section        0  stm32f1xx_hal_tim.o(i.HAL_TIM_TriggerCallback)
    i.HAL_UARTEx_RxEventCallback             0x08002256   Section        0  stm32f1xx_hal_uart.o(i.HAL_UARTEx_RxEventCallback)
    i.HAL_UART_ErrorCallback                 0x08002258   Section        0  stm32f1xx_hal_uart.o(i.HAL_UART_ErrorCallback)
    i.HAL_UART_IRQHandler                    0x0800225c   Section        0  stm32f1xx_hal_uart.o(i.HAL_UART_IRQHandler)
    i.HAL_UART_Init                          0x080024c8   Section        0  stm32f1xx_hal_uart.o(i.HAL_UART_Init)
    i.HAL_UART_MspInit                       0x0800252c   Section        0  usart.o(i.HAL_UART_MspInit)
    i.HAL_UART_RxCpltCallback                0x080025ac   Section        0  stm32f1xx_hal_uart.o(i.HAL_UART_RxCpltCallback)
    i.HAL_UART_Transmit                      0x080025ae   Section        0  stm32f1xx_hal_uart.o(i.HAL_UART_Transmit)
    i.HAL_UART_TxCpltCallback                0x0800264e   Section        0  stm32f1xx_hal_uart.o(i.HAL_UART_TxCpltCallback)
    i.HardFault_Handler                      0x08002650   Section        0  stm32f1xx_it.o(i.HardFault_Handler)
    i.IIC_Start                              0x08002654   Section        0  oled.o(i.IIC_Start)
    i.IIC_Stop                               0x0800268c   Section        0  oled.o(i.IIC_Stop)
    i.IIC_WaitAck                            0x080026b8   Section        0  oled.o(i.IIC_WaitAck)
    i.IIC_WriteByte                          0x080026dc   Section        0  oled.o(i.IIC_WriteByte)
    i.IIC_WriteCommand                       0x08002738   Section        0  oled.o(i.IIC_WriteCommand)
    i.IIC_WriteData                          0x08002766   Section        0  oled.o(i.IIC_WriteData)
    i.MX_ADC1_Init                           0x08002794   Section        0  adc.o(i.MX_ADC1_Init)
    i.MX_DMA_Init                            0x08002820   Section        0  dma.o(i.MX_DMA_Init)
    i.MX_FREERTOS_Init                       0x0800284c   Section        0  freertos.o(i.MX_FREERTOS_Init)
    i.MX_GPIO_Init                           0x080028a0   Section        0  gpio.o(i.MX_GPIO_Init)
    i.MX_SPI1_Init                           0x08002998   Section        0  spi.o(i.MX_SPI1_Init)
    i.MX_USART1_UART_Init                    0x080029e0   Section        0  usart.o(i.MX_USART1_UART_Init)
    i.MemManage_Handler                      0x08002a18   Section        0  stm32f1xx_it.o(i.MemManage_Handler)
    i.ModeSelectDisplay                      0x08002a1c   Section        0  oleddispaly.o(i.ModeSelectDisplay)
    i.NMI_Handler                            0x08002a9c   Section        0  stm32f1xx_it.o(i.NMI_Handler)
    i.OLED_Clear                             0x08002a9e   Section        0  oled.o(i.OLED_Clear)
    i.OLED_ClearBlue                         0x08002ad8   Section        0  oled.o(i.OLED_ClearBlue)
    i.OLED_FillPicture                       0x08002b12   Section        0  oled.o(i.OLED_FillPicture)
    i.OLED_Init                              0x08002b4e   Section        0  oled.o(i.OLED_Init)
    i.OLED_SetPos                            0x08002c3e   Section        0  oled.o(i.OLED_SetPos)
    i.OLED_ShowCHinese                       0x08002c68   Section        0  oled.o(i.OLED_ShowCHinese)
    i.OLED_ShowCHinese7x7                    0x08002cb0   Section        0  oled.o(i.OLED_ShowCHinese7x7)
    i.OLED_ShowCHineseString                 0x08002cf8   Section        0  oled.o(i.OLED_ShowCHineseString)
    i.OLED_ShowChar                          0x08002d24   Section        0  oled.o(i.OLED_ShowChar)
    i.OLED_ShowNum                           0x08002dac   Section        0  oled.o(i.OLED_ShowNum)
    i.OLED_ShowString                        0x08002e16   Section        0  oled.o(i.OLED_ShowString)
    i.OLED_WR_Byte                           0x08002e4c   Section        0  oled.o(i.OLED_WR_Byte)
    i.PID_ReadFlash                          0x08002e58   Section        0  paramsave.o(i.PID_ReadFlash)
    i.PID_WriteFlash                         0x08002e74   Section        0  paramsave.o(i.PID_WriteFlash)
    i.PWR_ON                                 0x08002e90   Section        0  pwr_on.o(i.PWR_ON)
    i.PWR_ON_OFF                             0x08002eac   Section        0  pwr_on_off.o(i.PWR_ON_OFF)
    i.ParamsToTable                          0x08002ee8   Section        0  paramsave.o(i.ParamsToTable)
    i.ReceiveDataAnalysis                    0x08002f1c   Section        0  deal_datapacket.o(i.ReceiveDataAnalysis)
    i.ReconnectionFly                        0x08002f90   Section        0  si24r1.o(i.ReconnectionFly)
    i.SI24R1_Config                          0x08002fb8   Section        0  si24r1.o(i.SI24R1_Config)
    i.SPI_EndRxTxTransaction                 0x08003118   Section        0  stm32f1xx_hal_spi.o(i.SPI_EndRxTxTransaction)
    SPI_EndRxTxTransaction                   0x08003119   Thumb Code    52  stm32f1xx_hal_spi.o(i.SPI_EndRxTxTransaction)
    i.SPI_Read_Byte                          0x0800314c   Section        0  spi.o(i.SPI_Read_Byte)
    i.SPI_WaitFlagStateUntilTimeout          0x0800317c   Section        0  stm32f1xx_hal_spi.o(i.SPI_WaitFlagStateUntilTimeout)
    SPI_WaitFlagStateUntilTimeout            0x0800317d   Thumb Code   180  stm32f1xx_hal_spi.o(i.SPI_WaitFlagStateUntilTimeout)
    i.SPI_Write_Buf                          0x08003234   Section        0  spi.o(i.SPI_Write_Buf)
    i.SPI_Write_Byte                         0x08003280   Section        0  spi.o(i.SPI_Write_Byte)
    i.STMFLASH_Read                          0x080032b8   Section        0  stmflash.o(i.STMFLASH_Read)
    i.STMFLASH_Write                         0x080032d4   Section        0  stmflash.o(i.STMFLASH_Write)
    i.STMFLASH_Write_NoCheck                 0x080033b4   Section        0  stmflash.o(i.STMFLASH_Write_NoCheck)
    i.SenserOffsetDisplay                    0x080033e0   Section        0  oleddispaly.o(i.SenserOffsetDisplay)
    i.SignalIntensityDisplay                 0x080034a4   Section        0  oleddispaly.o(i.SignalIntensityDisplay)
    i.StartT_OLEDdisplay_Task                0x08003500   Section        0  freertos.o(i.StartT_OLEDdisplay_Task)
    i.Start_LED_Task                         0x0800350c   Section        0  freertos.o(i.Start_LED_Task)
    i.Start_PWR_Task                         0x0800352c   Section        0  freertos.o(i.Start_PWR_Task)
    i.SysTick_Handler                        0x08003538   Section        0  port.o(i.SysTick_Handler)
    i.SystemClock_Config                     0x08003564   Section        0  main.o(i.SystemClock_Config)
    i.SystemInit                             0x080035dc   Section        0  system_stm32f1xx.o(i.SystemInit)
    i.TIM4_IRQHandler                        0x080035e0   Section        0  stm32f1xx_it.o(i.TIM4_IRQHandler)
    i.TIM_Base_SetConfig                     0x080035ec   Section        0  stm32f1xx_hal_tim.o(i.TIM_Base_SetConfig)
    i.TableToParams                          0x08003664   Section        0  paramsave.o(i.TableToParams)
    i.UART_DMAAbortOnError                   0x08003698   Section        0  stm32f1xx_hal_uart.o(i.UART_DMAAbortOnError)
    UART_DMAAbortOnError                     0x08003699   Thumb Code    16  stm32f1xx_hal_uart.o(i.UART_DMAAbortOnError)
    i.UART_EndRxTransfer                     0x080036a8   Section        0  stm32f1xx_hal_uart.o(i.UART_EndRxTransfer)
    UART_EndRxTransfer                       0x080036a9   Thumb Code    78  stm32f1xx_hal_uart.o(i.UART_EndRxTransfer)
    i.UART_Receive_IT                        0x080036f6   Section        0  stm32f1xx_hal_uart.o(i.UART_Receive_IT)
    UART_Receive_IT                          0x080036f7   Thumb Code   194  stm32f1xx_hal_uart.o(i.UART_Receive_IT)
    i.UART_SetConfig                         0x080037b8   Section        0  stm32f1xx_hal_uart.o(i.UART_SetConfig)
    UART_SetConfig                           0x080037b9   Thumb Code   178  stm32f1xx_hal_uart.o(i.UART_SetConfig)
    i.UART_WaitOnFlagUntilTimeout            0x08003870   Section        0  stm32f1xx_hal_uart.o(i.UART_WaitOnFlagUntilTimeout)
    UART_WaitOnFlagUntilTimeout              0x08003871   Thumb Code   114  stm32f1xx_hal_uart.o(i.UART_WaitOnFlagUntilTimeout)
    i.USART1_IRQHandler                      0x080038e4   Section        0  stm32f1xx_it.o(i.USART1_IRQHandler)
    i.UsageFault_Handler                     0x080038f0   Section        0  stm32f1xx_it.o(i.UsageFault_Handler)
    i.WaitFlY_Connection                     0x080038f4   Section        0  si24r1.o(i.WaitFlY_Connection)
    i.WiFiOnOffDisplay                       0x080039b0   Section        0  oleddispaly.o(i.WiFiOnOffDisplay)
    i.__0printf$5                            0x08003a50   Section        0  printf5.o(i.__0printf$5)
    i.__NVIC_SetPriority                     0x08003a70   Section        0  stm32f1xx_hal_cortex.o(i.__NVIC_SetPriority)
    __NVIC_SetPriority                       0x08003a71   Thumb Code    32  stm32f1xx_hal_cortex.o(i.__NVIC_SetPriority)
    i.__scatterload_copy                     0x08003a90   Section       14  handlers.o(i.__scatterload_copy)
    i.__scatterload_null                     0x08003a9e   Section        2  handlers.o(i.__scatterload_null)
    i.__scatterload_zeroinit                 0x08003aa0   Section       14  handlers.o(i.__scatterload_zeroinit)
    i._printf_core                           0x08003ab0   Section        0  printf5.o(i._printf_core)
    _printf_core                             0x08003ab1   Thumb Code   658  printf5.o(i._printf_core)
    i.delay_ms                               0x08003d70   Section        0  delay.o(i.delay_ms)
    i.delay_us                               0x08003d8c   Section        0  delay.o(i.delay_us)
    i.fputc                                  0x08003dc0   Section        0  usart.o(i.fputc)
    i.main                                   0x08003dd8   Section        0  main.o(i.main)
    i.makeFreeRtosPriority                   0x08003e2c   Section        0  cmsis_os.o(i.makeFreeRtosPriority)
    makeFreeRtosPriority                     0x08003e2d   Thumb Code    12  cmsis_os.o(i.makeFreeRtosPriority)
    i.oled_pow                               0x08003e38   Section        0  oled.o(i.oled_pow)
    i.osDelay                                0x08003e48   Section        0  cmsis_os.o(i.osDelay)
    i.osKernelStart                          0x08003e56   Section        0  cmsis_os.o(i.osKernelStart)
    i.osThreadCreate                         0x08003e60   Section        0  cmsis_os.o(i.osThreadCreate)
    i.prvAddCurrentTaskToDelayedList         0x08003eb4   Section        0  tasks.o(i.prvAddCurrentTaskToDelayedList)
    prvAddCurrentTaskToDelayedList           0x08003eb5   Thumb Code   102  tasks.o(i.prvAddCurrentTaskToDelayedList)
    i.prvAddNewTaskToReadyList               0x08003f24   Section        0  tasks.o(i.prvAddNewTaskToReadyList)
    prvAddNewTaskToReadyList                 0x08003f25   Thumb Code   194  tasks.o(i.prvAddNewTaskToReadyList)
    i.prvDeleteTCB                           0x08003ff4   Section        0  tasks.o(i.prvDeleteTCB)
    prvDeleteTCB                             0x08003ff5   Thumb Code    52  tasks.o(i.prvDeleteTCB)
    i.prvHeapInit                            0x08004028   Section        0  heap_4.o(i.prvHeapInit)
    prvHeapInit                              0x08004029   Thumb Code    66  heap_4.o(i.prvHeapInit)
    i.prvIdleTask                            0x08004074   Section        0  tasks.o(i.prvIdleTask)
    prvIdleTask                              0x08004075   Thumb Code    82  tasks.o(i.prvIdleTask)
    i.prvInitialiseNewTask                   0x080040d4   Section        0  tasks.o(i.prvInitialiseNewTask)
    prvInitialiseNewTask                     0x080040d5   Thumb Code   152  tasks.o(i.prvInitialiseNewTask)
    i.prvInsertBlockIntoFreeList             0x0800416c   Section        0  heap_4.o(i.prvInsertBlockIntoFreeList)
    prvInsertBlockIntoFreeList               0x0800416d   Thumb Code    72  heap_4.o(i.prvInsertBlockIntoFreeList)
    i.prvResetNextTaskUnblockTime            0x080041b8   Section        0  tasks.o(i.prvResetNextTaskUnblockTime)
    prvResetNextTaskUnblockTime              0x080041b9   Thumb Code    26  tasks.o(i.prvResetNextTaskUnblockTime)
    i.prvTaskExitError                       0x080041d8   Section        0  port.o(i.prvTaskExitError)
    prvTaskExitError                         0x080041d9   Thumb Code    36  port.o(i.prvTaskExitError)
    i.pvPortMalloc                           0x08004200   Section        0  heap_4.o(i.pvPortMalloc)
    i.pxPortInitialiseStack                  0x080042dc   Section        0  port.o(i.pxPortInitialiseStack)
    i.spi1_read_write_byte                   0x08004300   Section        0  spi.o(i.spi1_read_write_byte)
    i.uxListRemove                           0x08004320   Section        0  list.o(i.uxListRemove)
    i.vApplicationGetIdleTaskMemory          0x08004348   Section        0  freertos.o(i.vApplicationGetIdleTaskMemory)
    i.vListInitialise                        0x0800435c   Section        0  list.o(i.vListInitialise)
    i.vListInitialiseItem                    0x08004372   Section        0  list.o(i.vListInitialiseItem)
    i.vListInsert                            0x08004378   Section        0  list.o(i.vListInsert)
    i.vListInsertEnd                         0x080043a8   Section        0  list.o(i.vListInsertEnd)
    i.vPortEnterCritical                     0x080043c0   Section        0  port.o(i.vPortEnterCritical)
    i.vPortExitCritical                      0x08004400   Section        0  port.o(i.vPortExitCritical)
    i.vPortFree                              0x08004428   Section        0  heap_4.o(i.vPortFree)
    i.vPortSetupTimerInterrupt               0x0800448c   Section        0  port.o(i.vPortSetupTimerInterrupt)
    i.vTaskDelay                             0x080044b0   Section        0  tasks.o(i.vTaskDelay)
    i.vTaskStartScheduler                    0x080044fc   Section        0  tasks.o(i.vTaskStartScheduler)
    i.vTaskSuspendAll                        0x08004568   Section        0  tasks.o(i.vTaskSuspendAll)
    i.vTaskSwitchContext                     0x08004578   Section        0  tasks.o(i.vTaskSwitchContext)
    i.xPortStartScheduler                    0x080045d4   Section        0  port.o(i.xPortStartScheduler)
    i.xTaskCreate                            0x0800467c   Section        0  tasks.o(i.xTaskCreate)
    i.xTaskCreateStatic                      0x080046d6   Section        0  tasks.o(i.xTaskCreateStatic)
    i.xTaskIncrementTick                     0x0800472c   Section        0  tasks.o(i.xTaskIncrementTick)
    i.xTaskResumeAll                         0x080047f8   Section        0  tasks.o(i.xTaskResumeAll)
    .constdata                               0x080048bc   Section       84  freertos.o(.constdata)
    .constdata                               0x08004910   Section       18  stm32f1xx_hal_rcc.o(.constdata)
    aPredivFactorTable                       0x08004910   Data           2  stm32f1xx_hal_rcc.o(.constdata)
    aPLLMULFactorTable                       0x08004912   Data          16  stm32f1xx_hal_rcc.o(.constdata)
    .constdata                               0x08004922   Section       18  stm32f1xx_hal_rcc_ex.o(.constdata)
    aPredivFactorTable                       0x08004922   Data           2  stm32f1xx_hal_rcc_ex.o(.constdata)
    aPLLMULFactorTable                       0x08004924   Data          16  stm32f1xx_hal_rcc_ex.o(.constdata)
    .constdata                               0x08004934   Section       16  system_stm32f1xx.o(.constdata)
    .constdata                               0x08004944   Section        8  system_stm32f1xx.o(.constdata)
    .constdata                               0x0800494c   Section     2072  oled.o(.constdata)
    .constdata                               0x08005164   Section     1088  oleddispaly.o(.constdata)
    .conststring                             0x080055a4   Section       41  freertos.o(.conststring)
    .data                                    0x20000000   Section        8  main.o(.data)
    .data                                    0x20000008   Section       12  freertos.o(.data)
    .data                                    0x20000014   Section        1  adc.o(.data)
    .data                                    0x20000016   Section        8  adc.o(.data)
    .data                                    0x2000001e   Section        1  spi.o(.data)
    .data                                    0x20000020   Section       12  stm32f1xx_hal.o(.data)
    .data                                    0x2000002c   Section        4  system_stm32f1xx.o(.data)
    .data                                    0x20000030   Section       60  tasks.o(.data)
    uxDeletedTasksWaitingCleanUp             0x20000034   Data           4  tasks.o(.data)
    uxCurrentNumberOfTasks                   0x20000038   Data           4  tasks.o(.data)
    xTickCount                               0x2000003c   Data           4  tasks.o(.data)
    uxTopReadyPriority                       0x20000040   Data           4  tasks.o(.data)
    xSchedulerRunning                        0x20000044   Data           4  tasks.o(.data)
    xPendedTicks                             0x20000048   Data           4  tasks.o(.data)
    xYieldPending                            0x2000004c   Data           4  tasks.o(.data)
    xNumOfOverflows                          0x20000050   Data           4  tasks.o(.data)
    uxTaskNumber                             0x20000054   Data           4  tasks.o(.data)
    xNextTaskUnblockTime                     0x20000058   Data           4  tasks.o(.data)
    xIdleTaskHandle                          0x2000005c   Data           4  tasks.o(.data)
    uxSchedulerSuspended                     0x20000060   Data           4  tasks.o(.data)
    pxDelayedTaskList                        0x20000064   Data           4  tasks.o(.data)
    pxOverflowDelayedTaskList                0x20000068   Data           4  tasks.o(.data)
    .data                                    0x2000006c   Section       32  heap_4.o(.data)
    pxEnd                                    0x2000006c   Data           4  heap_4.o(.data)
    xFreeBytesRemaining                      0x20000070   Data           4  heap_4.o(.data)
    xMinimumEverFreeBytesRemaining           0x20000074   Data           4  heap_4.o(.data)
    xNumberOfSuccessfulAllocations           0x20000078   Data           4  heap_4.o(.data)
    xNumberOfSuccessfulFrees                 0x2000007c   Data           4  heap_4.o(.data)
    xBlockAllocatedBit                       0x20000080   Data           4  heap_4.o(.data)
    xStart                                   0x20000084   Data           8  heap_4.o(.data)
    .data                                    0x2000008c   Section       12  port.o(.data)
    ucMaxSysCallPriority                     0x2000008c   Data           1  port.o(.data)
    uxCriticalNesting                        0x20000090   Data           4  port.o(.data)
    ulMaxPRIGROUPValue                       0x20000094   Data           4  port.o(.data)
    .data                                    0x20000098   Section       14  si24r1.o(.data)
    cnt                                      0x2000009a   Data           1  si24r1.o(.data)
    preaddr                                  0x2000009b   Data           1  si24r1.o(.data)
    .data                                    0x200000a6   Section        1  si24r1.o(.data)
    .data                                    0x200000a7   Section        2  oleddispaly.o(.data)
    WiFi_flag                                0x200000a7   Data           1  oleddispaly.o(.data)
    Mode_flag                                0x200000a8   Data           1  oleddispaly.o(.data)
    .data                                    0x200000ac   Section        4  deal_datapacket.o(.data)
    .data                                    0x200000b0   Section       10  deal_datapacket.o(.data)
    .data                                    0x200000bc   Section        4  delay.o(.data)
    fac_us                                   0x200000bc   Data           4  delay.o(.data)
    .data                                    0x200000c0   Section        4  stdout.o(.data)
    .bss                                     0x200000c4   Section      608  freertos.o(.bss)
    xIdleTaskTCBBuffer                       0x200000c4   Data          96  freertos.o(.bss)
    xIdleStack                               0x20000124   Data         512  freertos.o(.bss)
    .bss                                     0x20000324   Section      116  adc.o(.bss)
    .bss                                     0x20000398   Section       88  spi.o(.bss)
    .bss                                     0x200003f0   Section       72  usart.o(.bss)
    .bss                                     0x20000438   Section       72  stm32f1xx_hal_timebase_tim.o(.bss)
    .bss                                     0x20000480   Section       32  stm32f1xx_hal_flash.o(.bss)
    .bss                                     0x200004a0   Section      240  tasks.o(.bss)
    pxReadyTasksLists                        0x200004a0   Data         140  tasks.o(.bss)
    xDelayedTaskList1                        0x2000052c   Data          20  tasks.o(.bss)
    xDelayedTaskList2                        0x20000540   Data          20  tasks.o(.bss)
    xPendingReadyList                        0x20000554   Data          20  tasks.o(.bss)
    xTasksWaitingTermination                 0x20000568   Data          20  tasks.o(.bss)
    xSuspendedTaskList                       0x2000057c   Data          20  tasks.o(.bss)
    .bss                                     0x20000590   Section     4096  heap_4.o(.bss)
    ucHeap                                   0x20000590   Data        4096  heap_4.o(.bss)
    .bss                                     0x20001590   Section       32  si24r1.o(.bss)
    .bss                                     0x200015b0   Section       12  paramsave.o(.bss)
    .bss                                     0x200015bc   Section       24  deal_datapacket.o(.bss)
    .bss                                     0x200015d8   Section     1056  stmflash.o(.bss)
    STACK                                    0x200019f8   Section     1024  startup_stm32f103xb.o(STACK)

    Global Symbols

    Symbol Name                              Value     Ov Type        Size  Object(Section)

    BuildAttributes$$THM_ISAv4$P$D$K$B$S$PE$A:L22UL41UL21$X:L11$S22US41US21$IEEE1$IW$USESV6$~STKCKD$USESV7$~SHL$OTIME$ROPI$EBA8$MICROLIB$REQ8$PRES8$EABIv2 0x00000000   Number         0  anon$$obj.o ABSOLUTE
    __ARM_use_no_argv                        0x00000000   Number         0  main.o ABSOLUTE
    _printf_a                                0x00000000   Number         0  stubs.o ABSOLUTE
    _printf_c                                0x00000000   Number         0  stubs.o ABSOLUTE
    _printf_charcount                        0x00000000   Number         0  stubs.o ABSOLUTE
    _printf_d                                0x00000000   Number         0  stubs.o ABSOLUTE
    _printf_e                                0x00000000   Number         0  stubs.o ABSOLUTE
    _printf_f                                0x00000000   Number         0  stubs.o ABSOLUTE
    _printf_flags                            0x00000000   Number         0  stubs.o ABSOLUTE
    _printf_fp_dec                           0x00000000   Number         0  stubs.o ABSOLUTE
    _printf_fp_hex                           0x00000000   Number         0  stubs.o ABSOLUTE
    _printf_g                                0x00000000   Number         0  stubs.o ABSOLUTE
    _printf_i                                0x00000000   Number         0  stubs.o ABSOLUTE
    _printf_int_dec                          0x00000000   Number         0  stubs.o ABSOLUTE
    _printf_l                                0x00000000   Number         0  stubs.o ABSOLUTE
    _printf_lc                               0x00000000   Number         0  stubs.o ABSOLUTE
    _printf_ll                               0x00000000   Number         0  stubs.o ABSOLUTE
    _printf_lld                              0x00000000   Number         0  stubs.o ABSOLUTE
    _printf_lli                              0x00000000   Number         0  stubs.o ABSOLUTE
    _printf_llo                              0x00000000   Number         0  stubs.o ABSOLUTE
    _printf_llu                              0x00000000   Number         0  stubs.o ABSOLUTE
    _printf_llx                              0x00000000   Number         0  stubs.o ABSOLUTE
    _printf_longlong_dec                     0x00000000   Number         0  stubs.o ABSOLUTE
    _printf_longlong_hex                     0x00000000   Number         0  stubs.o ABSOLUTE
    _printf_longlong_oct                     0x00000000   Number         0  stubs.o ABSOLUTE
    _printf_ls                               0x00000000   Number         0  stubs.o ABSOLUTE
    _printf_mbtowc                           0x00000000   Number         0  stubs.o ABSOLUTE
    _printf_n                                0x00000000   Number         0  stubs.o ABSOLUTE
    _printf_o                                0x00000000   Number         0  stubs.o ABSOLUTE
    _printf_p                                0x00000000   Number         0  stubs.o ABSOLUTE
    _printf_percent                          0x00000000   Number         0  stubs.o ABSOLUTE
    _printf_pre_padding                      0x00000000   Number         0  stubs.o ABSOLUTE
    _printf_return_value                     0x00000000   Number         0  stubs.o ABSOLUTE
    _printf_s                                0x00000000   Number         0  stubs.o ABSOLUTE
    _printf_sizespec                         0x00000000   Number         0  stubs.o ABSOLUTE
    _printf_str                              0x00000000   Number         0  stubs.o ABSOLUTE
    _printf_truncate_signed                  0x00000000   Number         0  stubs.o ABSOLUTE
    _printf_truncate_unsigned                0x00000000   Number         0  stubs.o ABSOLUTE
    _printf_u                                0x00000000   Number         0  stubs.o ABSOLUTE
    _printf_wc                               0x00000000   Number         0  stubs.o ABSOLUTE
    _printf_wctomb                           0x00000000   Number         0  stubs.o ABSOLUTE
    _printf_widthprec                        0x00000000   Number         0  stubs.o ABSOLUTE
    _printf_x                                0x00000000   Number         0  stubs.o ABSOLUTE
    __cpp_initialize__aeabi_                  - Undefined Weak Reference
    __cxa_finalize                            - Undefined Weak Reference
    __decompress                              - Undefined Weak Reference
    _clock_init                               - Undefined Weak Reference
    _microlib_exit                            - Undefined Weak Reference
    __Vectors_Size                           0x000000ec   Number         0  startup_stm32f103xb.o ABSOLUTE
    __Vectors                                0x08000000   Data           4  startup_stm32f103xb.o(RESET)
    __Vectors_End                            0x080000ec   Data           0  startup_stm32f103xb.o(RESET)
    __main                                   0x080000ed   Thumb Code     0  entry.o(.ARM.Collect$$$$00000000)
    _main_stk                                0x080000ed   Thumb Code     0  entry2.o(.ARM.Collect$$$$00000001)
    _main_scatterload                        0x080000f1   Thumb Code     0  entry5.o(.ARM.Collect$$$$00000004)
    __main_after_scatterload                 0x080000f5   Thumb Code     0  entry5.o(.ARM.Collect$$$$00000004)
    _main_clock                              0x080000f5   Thumb Code     0  entry7b.o(.ARM.Collect$$$$00000008)
    _main_cpp_init                           0x080000f5   Thumb Code     0  entry8b.o(.ARM.Collect$$$$0000000A)
    _main_init                               0x080000f5   Thumb Code     0  entry9a.o(.ARM.Collect$$$$0000000B)
    __rt_final_cpp                           0x080000fd   Thumb Code     0  entry10a.o(.ARM.Collect$$$$0000000D)
    __rt_final_exit                          0x080000fd   Thumb Code     0  entry11a.o(.ARM.Collect$$$$0000000F)
    SVC_Handler                              0x08000101   Thumb Code    32  port.o(.emb_text)
    __asm___6_port_c_39a90d8d__prvStartFirstTask 0x08000125   Thumb Code    28  port.o(.emb_text)
    PendSV_Handler                           0x08000145   Thumb Code    72  port.o(.emb_text)
    vPortGetIPSR                             0x08000191   Thumb Code     6  port.o(.emb_text)
    Reset_Handler                            0x08000199   Thumb Code     8  startup_stm32f103xb.o(.text)
    ADC1_2_IRQHandler                        0x080001b3   Thumb Code     0  startup_stm32f103xb.o(.text)
    CAN1_RX1_IRQHandler                      0x080001b3   Thumb Code     0  startup_stm32f103xb.o(.text)
    CAN1_SCE_IRQHandler                      0x080001b3   Thumb Code     0  startup_stm32f103xb.o(.text)
    DMA1_Channel2_IRQHandler                 0x080001b3   Thumb Code     0  startup_stm32f103xb.o(.text)
    DMA1_Channel3_IRQHandler                 0x080001b3   Thumb Code     0  startup_stm32f103xb.o(.text)
    DMA1_Channel4_IRQHandler                 0x080001b3   Thumb Code     0  startup_stm32f103xb.o(.text)
    DMA1_Channel5_IRQHandler                 0x080001b3   Thumb Code     0  startup_stm32f103xb.o(.text)
    DMA1_Channel6_IRQHandler                 0x080001b3   Thumb Code     0  startup_stm32f103xb.o(.text)
    DMA1_Channel7_IRQHandler                 0x080001b3   Thumb Code     0  startup_stm32f103xb.o(.text)
    EXTI0_IRQHandler                         0x080001b3   Thumb Code     0  startup_stm32f103xb.o(.text)
    EXTI15_10_IRQHandler                     0x080001b3   Thumb Code     0  startup_stm32f103xb.o(.text)
    EXTI2_IRQHandler                         0x080001b3   Thumb Code     0  startup_stm32f103xb.o(.text)
    EXTI3_IRQHandler                         0x080001b3   Thumb Code     0  startup_stm32f103xb.o(.text)
    EXTI4_IRQHandler                         0x080001b3   Thumb Code     0  startup_stm32f103xb.o(.text)
    EXTI9_5_IRQHandler                       0x080001b3   Thumb Code     0  startup_stm32f103xb.o(.text)
    FLASH_IRQHandler                         0x080001b3   Thumb Code     0  startup_stm32f103xb.o(.text)
    I2C1_ER_IRQHandler                       0x080001b3   Thumb Code     0  startup_stm32f103xb.o(.text)
    I2C1_EV_IRQHandler                       0x080001b3   Thumb Code     0  startup_stm32f103xb.o(.text)
    I2C2_ER_IRQHandler                       0x080001b3   Thumb Code     0  startup_stm32f103xb.o(.text)
    I2C2_EV_IRQHandler                       0x080001b3   Thumb Code     0  startup_stm32f103xb.o(.text)
    PVD_IRQHandler                           0x080001b3   Thumb Code     0  startup_stm32f103xb.o(.text)
    RCC_IRQHandler                           0x080001b3   Thumb Code     0  startup_stm32f103xb.o(.text)
    RTC_Alarm_IRQHandler                     0x080001b3   Thumb Code     0  startup_stm32f103xb.o(.text)
    RTC_IRQHandler                           0x080001b3   Thumb Code     0  startup_stm32f103xb.o(.text)
    SPI1_IRQHandler                          0x080001b3   Thumb Code     0  startup_stm32f103xb.o(.text)
    SPI2_IRQHandler                          0x080001b3   Thumb Code     0  startup_stm32f103xb.o(.text)
    TAMPER_IRQHandler                        0x080001b3   Thumb Code     0  startup_stm32f103xb.o(.text)
    TIM1_BRK_IRQHandler                      0x080001b3   Thumb Code     0  startup_stm32f103xb.o(.text)
    TIM1_CC_IRQHandler                       0x080001b3   Thumb Code     0  startup_stm32f103xb.o(.text)
    TIM1_TRG_COM_IRQHandler                  0x080001b3   Thumb Code     0  startup_stm32f103xb.o(.text)
    TIM1_UP_IRQHandler                       0x080001b3   Thumb Code     0  startup_stm32f103xb.o(.text)
    TIM2_IRQHandler                          0x080001b3   Thumb Code     0  startup_stm32f103xb.o(.text)
    TIM3_IRQHandler                          0x080001b3   Thumb Code     0  startup_stm32f103xb.o(.text)
    USART2_IRQHandler                        0x080001b3   Thumb Code     0  startup_stm32f103xb.o(.text)
    USART3_IRQHandler                        0x080001b3   Thumb Code     0  startup_stm32f103xb.o(.text)
    USBWakeUp_IRQHandler                     0x080001b3   Thumb Code     0  startup_stm32f103xb.o(.text)
    USB_HP_CAN1_TX_IRQHandler                0x080001b3   Thumb Code     0  startup_stm32f103xb.o(.text)
    USB_LP_CAN1_RX0_IRQHandler               0x080001b3   Thumb Code     0  startup_stm32f103xb.o(.text)
    WWDG_IRQHandler                          0x080001b3   Thumb Code     0  startup_stm32f103xb.o(.text)
    __aeabi_llsr                             0x080001bd   Thumb Code    32  llushr.o(.text)
    _ll_ushift_r                             0x080001bd   Thumb Code     0  llushr.o(.text)
    __aeabi_memcpy                           0x080001dd   Thumb Code    36  memcpya.o(.text)
    __aeabi_memcpy4                          0x080001dd   Thumb Code     0  memcpya.o(.text)
    __aeabi_memcpy8                          0x080001dd   Thumb Code     0  memcpya.o(.text)
    __aeabi_memset                           0x08000201   Thumb Code    14  memseta.o(.text)
    __aeabi_memset4                          0x08000201   Thumb Code     0  memseta.o(.text)
    __aeabi_memset8                          0x08000201   Thumb Code     0  memseta.o(.text)
    __aeabi_memclr                           0x0800020f   Thumb Code     4  memseta.o(.text)
    __aeabi_memclr4                          0x0800020f   Thumb Code     0  memseta.o(.text)
    __aeabi_memclr8                          0x0800020f   Thumb Code     0  memseta.o(.text)
    memset                                   0x08000213   Thumb Code    18  memseta.o(.text)
    __aeabi_fadd                             0x08000225   Thumb Code   164  fadd.o(.text)
    __aeabi_fsub                             0x080002c9   Thumb Code     6  fadd.o(.text)
    __aeabi_frsub                            0x080002cf   Thumb Code     6  fadd.o(.text)
    __aeabi_fmul                             0x080002d5   Thumb Code   100  fmul.o(.text)
    __aeabi_fdiv                             0x08000339   Thumb Code   124  fdiv.o(.text)
    __aeabi_i2f                              0x080003b5   Thumb Code    18  fflti.o(.text)
    __aeabi_f2uiz                            0x080003c7   Thumb Code    40  ffixui.o(.text)
    __aeabi_uldivmod                         0x080003ef   Thumb Code    98  uldiv.o(.text)
    __I$use$fp                               0x08000451   Thumb Code     0  iusefp.o(.text)
    _float_round                             0x08000451   Thumb Code    18  fepilogue.o(.text)
    _float_epilogue                          0x08000463   Thumb Code    92  fepilogue.o(.text)
    __scatterload                            0x080004c1   Thumb Code    28  init.o(.text)
    __scatterload_rt2                        0x080004c1   Thumb Code     0  init.o(.text)
    __aeabi_llsl                             0x080004e5   Thumb Code    30  llshl.o(.text)
    _ll_shift_l                              0x080004e5   Thumb Code     0  llshl.o(.text)
    ADC_ConversionStop_Disable               0x08000505   Thumb Code    86  stm32f1xx_hal_adc.o(i.ADC_ConversionStop_Disable)
    ADC_DMAConvCplt                          0x0800055b   Thumb Code    78  stm32f1xx_hal_adc.o(i.ADC_DMAConvCplt)
    ADC_DMAError                             0x080005a9   Thumb Code    26  stm32f1xx_hal_adc.o(i.ADC_DMAError)
    ADC_DMAHalfConvCplt                      0x080005c3   Thumb Code    10  stm32f1xx_hal_adc.o(i.ADC_DMAHalfConvCplt)
    ADC_Enable                               0x080005cd   Thumb Code   114  stm32f1xx_hal_adc.o(i.ADC_Enable)
    BusFault_Handler                         0x08000649   Thumb Code     2  stm32f1xx_it.o(i.BusFault_Handler)
    ButtonCMDDisplay                         0x0800064d   Thumb Code    46  oleddispaly.o(i.ButtonCMDDisplay)
    ConnectingDisplay                        0x08000691   Thumb Code    90  oleddispaly.o(i.ConnectingDisplay)
    DMA1_Channel1_IRQHandler                 0x08000711   Thumb Code     6  stm32f1xx_it.o(i.DMA1_Channel1_IRQHandler)
    DebugMon_Handler                         0x08000747   Thumb Code     2  stm32f1xx_it.o(i.DebugMon_Handler)
    Display_Update                           0x08000749   Thumb Code   282  oleddispaly.o(i.Display_Update)
    Display_init                             0x080008a9   Thumb Code   150  oleddispaly.o(i.Display_init)
    EXTI1_IRQHandler                         0x08000985   Thumb Code     2  si24r1.o(i.EXTI1_IRQHandler)
    Error_Handler                            0x08000987   Thumb Code     4  main.o(i.Error_Handler)
    FLASH_WaitForLastOperation               0x08000a05   Thumb Code    80  stm32f1xx_hal_flash.o(i.FLASH_WaitForLastOperation)
    Flash_PageErase                          0x08000a59   Thumb Code    28  stmflash.o(i.Flash_PageErase)
    HAL_ADCEx_Calibration_Start              0x08000a7d   Thumb Code   210  stm32f1xx_hal_adc_ex.o(i.HAL_ADCEx_Calibration_Start)
    HAL_ADC_ConfigChannel                    0x08000b55   Thumb Code   240  stm32f1xx_hal_adc.o(i.HAL_ADC_ConfigChannel)
    HAL_ADC_ConvCpltCallback                 0x08000c51   Thumb Code     2  stm32f1xx_hal_adc.o(i.HAL_ADC_ConvCpltCallback)
    HAL_ADC_ConvHalfCpltCallback             0x08000c53   Thumb Code     2  stm32f1xx_hal_adc.o(i.HAL_ADC_ConvHalfCpltCallback)
    HAL_ADC_ErrorCallback                    0x08000c55   Thumb Code     2  stm32f1xx_hal_adc.o(i.HAL_ADC_ErrorCallback)
    HAL_ADC_Init                             0x08000c59   Thumb Code   272  stm32f1xx_hal_adc.o(i.HAL_ADC_Init)
    HAL_ADC_MspInit                          0x08000d75   Thumb Code   122  adc.o(i.HAL_ADC_MspInit)
    HAL_ADC_Start_DMA                        0x08000e05   Thumb Code   246  stm32f1xx_hal_adc.o(i.HAL_ADC_Start_DMA)
    HAL_DMA_Abort                            0x08000f11   Thumb Code    70  stm32f1xx_hal_dma.o(i.HAL_DMA_Abort)
    HAL_DMA_Abort_IT                         0x08000f59   Thumb Code   148  stm32f1xx_hal_dma.o(i.HAL_DMA_Abort_IT)
    HAL_DMA_IRQHandler                       0x08000ff1   Thumb Code   316  stm32f1xx_hal_dma.o(i.HAL_DMA_IRQHandler)
    HAL_DMA_Init                             0x08001145   Thumb Code    84  stm32f1xx_hal_dma.o(i.HAL_DMA_Init)
    HAL_DMA_Start_IT                         0x080011a1   Thumb Code   112  stm32f1xx_hal_dma.o(i.HAL_DMA_Start_IT)
    HAL_Delay                                0x08001211   Thumb Code    32  stm32f1xx_hal.o(i.HAL_Delay)
    HAL_FLASH_Lock                           0x08001235   Thumb Code    14  stm32f1xx_hal_flash.o(i.HAL_FLASH_Lock)
    HAL_FLASH_Program                        0x08001249   Thumb Code   120  stm32f1xx_hal_flash.o(i.HAL_FLASH_Program)
    HAL_FLASH_Unlock                         0x080012c9   Thumb Code    28  stm32f1xx_hal_flash.o(i.HAL_FLASH_Unlock)
    HAL_GPIO_Init                            0x080012f1   Thumb Code   446  stm32f1xx_hal_gpio.o(i.HAL_GPIO_Init)
    HAL_GPIO_ReadPin                         0x080014d1   Thumb Code    10  stm32f1xx_hal_gpio.o(i.HAL_GPIO_ReadPin)
    HAL_GPIO_TogglePin                       0x080014db   Thumb Code    16  stm32f1xx_hal_gpio.o(i.HAL_GPIO_TogglePin)
    HAL_GPIO_WritePin                        0x080014eb   Thumb Code    10  stm32f1xx_hal_gpio.o(i.HAL_GPIO_WritePin)
    HAL_GetTick                              0x080014f5   Thumb Code     6  stm32f1xx_hal.o(i.HAL_GetTick)
    HAL_IncTick                              0x08001501   Thumb Code    12  stm32f1xx_hal.o(i.HAL_IncTick)
    HAL_Init                                 0x08001511   Thumb Code    32  stm32f1xx_hal.o(i.HAL_Init)
    HAL_InitTick                             0x08001535   Thumb Code   132  stm32f1xx_hal_timebase_tim.o(i.HAL_InitTick)
    HAL_MspInit                              0x080015cd   Thumb Code    62  stm32f1xx_hal_msp.o(i.HAL_MspInit)
    HAL_NVIC_EnableIRQ                       0x08001615   Thumb Code    26  stm32f1xx_hal_cortex.o(i.HAL_NVIC_EnableIRQ)
    HAL_NVIC_SetPriority                     0x08001631   Thumb Code    60  stm32f1xx_hal_cortex.o(i.HAL_NVIC_SetPriority)
    HAL_NVIC_SetPriorityGrouping             0x08001671   Thumb Code    26  stm32f1xx_hal_cortex.o(i.HAL_NVIC_SetPriorityGrouping)
    HAL_RCCEx_GetPeriphCLKFreq               0x08001695   Thumb Code   148  stm32f1xx_hal_rcc_ex.o(i.HAL_RCCEx_GetPeriphCLKFreq)
    HAL_RCCEx_PeriphCLKConfig                0x08001739   Thumb Code   224  stm32f1xx_hal_rcc_ex.o(i.HAL_RCCEx_PeriphCLKConfig)
    HAL_RCC_ClockConfig                      0x08001825   Thumb Code   280  stm32f1xx_hal_rcc.o(i.HAL_RCC_ClockConfig)
    HAL_RCC_GetClockConfig                   0x08001951   Thumb Code    54  stm32f1xx_hal_rcc.o(i.HAL_RCC_GetClockConfig)
    HAL_RCC_GetPCLK1Freq                     0x08001991   Thumb Code    20  stm32f1xx_hal_rcc.o(i.HAL_RCC_GetPCLK1Freq)
    HAL_RCC_GetPCLK2Freq                     0x080019b1   Thumb Code    20  stm32f1xx_hal_rcc.o(i.HAL_RCC_GetPCLK2Freq)
    HAL_RCC_GetSysClockFreq                  0x080019d1   Thumb Code    58  stm32f1xx_hal_rcc.o(i.HAL_RCC_GetSysClockFreq)
    HAL_RCC_OscConfig                        0x08001a1d   Thumb Code   778  stm32f1xx_hal_rcc.o(i.HAL_RCC_OscConfig)
    HAL_SPI_Init                             0x08001d3d   Thumb Code   178  stm32f1xx_hal_spi.o(i.HAL_SPI_Init)
    HAL_SPI_MspInit                          0x08001df1   Thumb Code    98  spi.o(i.HAL_SPI_MspInit)
    HAL_SPI_TransmitReceive                  0x08001e61   Thumb Code   496  stm32f1xx_hal_spi.o(i.HAL_SPI_TransmitReceive)
    HAL_TIMEx_BreakCallback                  0x08002051   Thumb Code     2  stm32f1xx_hal_tim_ex.o(i.HAL_TIMEx_BreakCallback)
    HAL_TIMEx_CommutCallback                 0x08002053   Thumb Code     2  stm32f1xx_hal_tim_ex.o(i.HAL_TIMEx_CommutCallback)
    HAL_TIM_Base_Init                        0x08002055   Thumb Code    90  stm32f1xx_hal_tim.o(i.HAL_TIM_Base_Init)
    HAL_TIM_Base_MspInit                     0x080020af   Thumb Code     2  stm32f1xx_hal_tim.o(i.HAL_TIM_Base_MspInit)
    HAL_TIM_Base_Start_IT                    0x080020b1   Thumb Code    76  stm32f1xx_hal_tim.o(i.HAL_TIM_Base_Start_IT)
    HAL_TIM_IC_CaptureCallback               0x08002109   Thumb Code     2  stm32f1xx_hal_tim.o(i.HAL_TIM_IC_CaptureCallback)
    HAL_TIM_IRQHandler                       0x0800210b   Thumb Code   304  stm32f1xx_hal_tim.o(i.HAL_TIM_IRQHandler)
    HAL_TIM_OC_DelayElapsedCallback          0x0800223b   Thumb Code     2  stm32f1xx_hal_tim.o(i.HAL_TIM_OC_DelayElapsedCallback)
    HAL_TIM_PWM_PulseFinishedCallback        0x0800223d   Thumb Code     2  stm32f1xx_hal_tim.o(i.HAL_TIM_PWM_PulseFinishedCallback)
    HAL_TIM_PeriodElapsedCallback            0x08002241   Thumb Code    14  main.o(i.HAL_TIM_PeriodElapsedCallback)
    HAL_TIM_TriggerCallback                  0x08002255   Thumb Code     2  stm32f1xx_hal_tim.o(i.HAL_TIM_TriggerCallback)
    HAL_UARTEx_RxEventCallback               0x08002257   Thumb Code     2  stm32f1xx_hal_uart.o(i.HAL_UARTEx_RxEventCallback)
    HAL_UART_ErrorCallback                   0x08002259   Thumb Code     2  stm32f1xx_hal_uart.o(i.HAL_UART_ErrorCallback)
    HAL_UART_IRQHandler                      0x0800225d   Thumb Code   616  stm32f1xx_hal_uart.o(i.HAL_UART_IRQHandler)
    HAL_UART_Init                            0x080024c9   Thumb Code   100  stm32f1xx_hal_uart.o(i.HAL_UART_Init)
    HAL_UART_MspInit                         0x0800252d   Thumb Code   116  usart.o(i.HAL_UART_MspInit)
    HAL_UART_RxCpltCallback                  0x080025ad   Thumb Code     2  stm32f1xx_hal_uart.o(i.HAL_UART_RxCpltCallback)
    HAL_UART_Transmit                        0x080025af   Thumb Code   160  stm32f1xx_hal_uart.o(i.HAL_UART_Transmit)
    HAL_UART_TxCpltCallback                  0x0800264f   Thumb Code     2  stm32f1xx_hal_uart.o(i.HAL_UART_TxCpltCallback)
    HardFault_Handler                        0x08002651   Thumb Code     2  stm32f1xx_it.o(i.HardFault_Handler)
    IIC_Start                                0x08002655   Thumb Code    52  oled.o(i.IIC_Start)
    IIC_Stop                                 0x0800268d   Thumb Code    40  oled.o(i.IIC_Stop)
    IIC_WaitAck                              0x080026b9   Thumb Code    30  oled.o(i.IIC_WaitAck)
    IIC_WriteByte                            0x080026dd   Thumb Code    86  oled.o(i.IIC_WriteByte)
    IIC_WriteCommand                         0x08002739   Thumb Code    46  oled.o(i.IIC_WriteCommand)
    IIC_WriteData                            0x08002767   Thumb Code    46  oled.o(i.IIC_WriteData)
    MX_ADC1_Init                             0x08002795   Thumb Code   132  adc.o(i.MX_ADC1_Init)
    MX_DMA_Init                              0x08002821   Thumb Code    40  dma.o(i.MX_DMA_Init)
    MX_FREERTOS_Init                         0x0800284d   Thumb Code    74  freertos.o(i.MX_FREERTOS_Init)
    MX_GPIO_Init                             0x080028a1   Thumb Code   232  gpio.o(i.MX_GPIO_Init)
    MX_SPI1_Init                             0x08002999   Thumb Code    62  spi.o(i.MX_SPI1_Init)
    MX_USART1_UART_Init                      0x080029e1   Thumb Code    48  usart.o(i.MX_USART1_UART_Init)
    MemManage_Handler                        0x08002a19   Thumb Code     2  stm32f1xx_it.o(i.MemManage_Handler)
    ModeSelectDisplay                        0x08002a1d   Thumb Code   114  oleddispaly.o(i.ModeSelectDisplay)
    NMI_Handler                              0x08002a9d   Thumb Code     2  stm32f1xx_it.o(i.NMI_Handler)
    OLED_Clear                               0x08002a9f   Thumb Code    58  oled.o(i.OLED_Clear)
    OLED_ClearBlue                           0x08002ad9   Thumb Code    58  oled.o(i.OLED_ClearBlue)
    OLED_FillPicture                         0x08002b13   Thumb Code    60  oled.o(i.OLED_FillPicture)
    OLED_Init                                0x08002b4f   Thumb Code   240  oled.o(i.OLED_Init)
    OLED_SetPos                              0x08002c3f   Thumb Code    42  oled.o(i.OLED_SetPos)
    OLED_ShowCHinese                         0x08002c69   Thumb Code    72  oled.o(i.OLED_ShowCHinese)
    OLED_ShowCHinese7x7                      0x08002cb1   Thumb Code    72  oled.o(i.OLED_ShowCHinese7x7)
    OLED_ShowCHineseString                   0x08002cf9   Thumb Code    44  oled.o(i.OLED_ShowCHineseString)
    OLED_ShowChar                            0x08002d25   Thumb Code   128  oled.o(i.OLED_ShowChar)
    OLED_ShowNum                             0x08002dad   Thumb Code   106  oled.o(i.OLED_ShowNum)
    OLED_ShowString                          0x08002e17   Thumb Code    54  oled.o(i.OLED_ShowString)
    OLED_WR_Byte                             0x08002e4d   Thumb Code    12  oled.o(i.OLED_WR_Byte)
    PID_ReadFlash                            0x08002e59   Thumb Code    20  paramsave.o(i.PID_ReadFlash)
    PID_WriteFlash                           0x08002e75   Thumb Code    20  paramsave.o(i.PID_WriteFlash)
    PWR_ON                                   0x08002e91   Thumb Code    22  pwr_on.o(i.PWR_ON)
    PWR_ON_OFF                               0x08002ead   Thumb Code    56  pwr_on_off.o(i.PWR_ON_OFF)
    ParamsToTable                            0x08002ee9   Thumb Code    34  paramsave.o(i.ParamsToTable)
    ReceiveDataAnalysis                      0x08002f1d   Thumb Code   102  deal_datapacket.o(i.ReceiveDataAnalysis)
    ReconnectionFly                          0x08002f91   Thumb Code    36  si24r1.o(i.ReconnectionFly)
    SI24R1_Config                            0x08002fb9   Thumb Code   226  si24r1.o(i.SI24R1_Config)
    SPI_Read_Byte                            0x0800314d   Thumb Code    44  spi.o(i.SPI_Read_Byte)
    SPI_Write_Buf                            0x08003235   Thumb Code    66  spi.o(i.SPI_Write_Buf)
    SPI_Write_Byte                           0x08003281   Thumb Code    48  spi.o(i.SPI_Write_Byte)
    STMFLASH_Read                            0x080032b9   Thumb Code    26  stmflash.o(i.STMFLASH_Read)
    STMFLASH_Write                           0x080032d5   Thumb Code   216  stmflash.o(i.STMFLASH_Write)
    STMFLASH_Write_NoCheck                   0x080033b5   Thumb Code    44  stmflash.o(i.STMFLASH_Write_NoCheck)
    SenserOffsetDisplay                      0x080033e1   Thumb Code   186  oleddispaly.o(i.SenserOffsetDisplay)
    SignalIntensityDisplay                   0x080034a5   Thumb Code    66  oleddispaly.o(i.SignalIntensityDisplay)
    StartT_OLEDdisplay_Task                  0x08003501   Thumb Code    10  freertos.o(i.StartT_OLEDdisplay_Task)
    Start_LED_Task                           0x0800350d   Thumb Code    26  freertos.o(i.Start_LED_Task)
    Start_PWR_Task                           0x0800352d   Thumb Code    12  freertos.o(i.Start_PWR_Task)
    SysTick_Handler                          0x08003539   Thumb Code    38  port.o(i.SysTick_Handler)
    SystemClock_Config                       0x08003565   Thumb Code   120  main.o(i.SystemClock_Config)
    SystemInit                               0x080035dd   Thumb Code     2  system_stm32f1xx.o(i.SystemInit)
    TIM4_IRQHandler                          0x080035e1   Thumb Code     6  stm32f1xx_it.o(i.TIM4_IRQHandler)
    TIM_Base_SetConfig                       0x080035ed   Thumb Code   108  stm32f1xx_hal_tim.o(i.TIM_Base_SetConfig)
    TableToParams                            0x08003665   Thumb Code    34  paramsave.o(i.TableToParams)
    USART1_IRQHandler                        0x080038e5   Thumb Code     6  stm32f1xx_it.o(i.USART1_IRQHandler)
    UsageFault_Handler                       0x080038f1   Thumb Code     2  stm32f1xx_it.o(i.UsageFault_Handler)
    WaitFlY_Connection                       0x080038f5   Thumb Code   152  si24r1.o(i.WaitFlY_Connection)
    WiFiOnOffDisplay                         0x080039b1   Thumb Code   138  oleddispaly.o(i.WiFiOnOffDisplay)
    __0printf$5                              0x08003a51   Thumb Code    22  printf5.o(i.__0printf$5)
    __1printf$5                              0x08003a51   Thumb Code     0  printf5.o(i.__0printf$5)
    __2printf                                0x08003a51   Thumb Code     0  printf5.o(i.__0printf$5)
    __scatterload_copy                       0x08003a91   Thumb Code    14  handlers.o(i.__scatterload_copy)
    __scatterload_null                       0x08003a9f   Thumb Code     2  handlers.o(i.__scatterload_null)
    __scatterload_zeroinit                   0x08003aa1   Thumb Code    14  handlers.o(i.__scatterload_zeroinit)
    delay_ms                                 0x08003d71   Thumb Code    26  delay.o(i.delay_ms)
    delay_us                                 0x08003d8d   Thumb Code    48  delay.o(i.delay_us)
    fputc                                    0x08003dc1   Thumb Code    20  usart.o(i.fputc)
    main                                     0x08003dd9   Thumb Code    74  main.o(i.main)
    oled_pow                                 0x08003e39   Thumb Code    16  oled.o(i.oled_pow)
    osDelay                                  0x08003e49   Thumb Code    14  cmsis_os.o(i.osDelay)
    osKernelStart                            0x08003e57   Thumb Code    10  cmsis_os.o(i.osKernelStart)
    osThreadCreate                           0x08003e61   Thumb Code    84  cmsis_os.o(i.osThreadCreate)
    pvPortMalloc                             0x08004201   Thumb Code   216  heap_4.o(i.pvPortMalloc)
    pxPortInitialiseStack                    0x080042dd   Thumb Code    32  port.o(i.pxPortInitialiseStack)
    spi1_read_write_byte                     0x08004301   Thumb Code    28  spi.o(i.spi1_read_write_byte)
    uxListRemove                             0x08004321   Thumb Code    38  list.o(i.uxListRemove)
    vApplicationGetIdleTaskMemory            0x08004349   Thumb Code    16  freertos.o(i.vApplicationGetIdleTaskMemory)
    vListInitialise                          0x0800435d   Thumb Code    22  list.o(i.vListInitialise)
    vListInitialiseItem                      0x08004373   Thumb Code     6  list.o(i.vListInitialiseItem)
    vListInsert                              0x08004379   Thumb Code    48  list.o(i.vListInsert)
    vListInsertEnd                           0x080043a9   Thumb Code    24  list.o(i.vListInsertEnd)
    vPortEnterCritical                       0x080043c1   Thumb Code    54  port.o(i.vPortEnterCritical)
    vPortExitCritical                        0x08004401   Thumb Code    34  port.o(i.vPortExitCritical)
    vPortFree                                0x08004429   Thumb Code    94  heap_4.o(i.vPortFree)
    vPortSetupTimerInterrupt                 0x0800448d   Thumb Code    32  port.o(i.vPortSetupTimerInterrupt)
    vTaskDelay                               0x080044b1   Thumb Code    66  tasks.o(i.vTaskDelay)
    vTaskStartScheduler                      0x080044fd   Thumb Code    90  tasks.o(i.vTaskStartScheduler)
    vTaskSuspendAll                          0x08004569   Thumb Code    10  tasks.o(i.vTaskSuspendAll)
    vTaskSwitchContext                       0x08004579   Thumb Code    82  tasks.o(i.vTaskSwitchContext)
    xPortStartScheduler                      0x080045d5   Thumb Code   154  port.o(i.xPortStartScheduler)
    xTaskCreate                              0x0800467d   Thumb Code    90  tasks.o(i.xTaskCreate)
    xTaskCreateStatic                        0x080046d7   Thumb Code    86  tasks.o(i.xTaskCreateStatic)
    xTaskIncrementTick                       0x0800472d   Thumb Code   194  tasks.o(i.xTaskIncrementTick)
    xTaskResumeAll                           0x080047f9   Thumb Code   182  tasks.o(i.xTaskResumeAll)
    AHBPrescTable                            0x08004934   Data          16  system_stm32f1xx.o(.constdata)
    APBPrescTable                            0x08004944   Data           8  system_stm32f1xx.o(.constdata)
    F6x8                                     0x0800494c   Data         552  oled.o(.constdata)
    F8X16                                    0x08004b74   Data        1520  oled.o(.constdata)
    JZCG                                     0x08005164   Data         128  oleddispaly.o(.constdata)
    JaSuDu                                   0x080051e4   Data          96  oleddispaly.o(.constdata)
    TuoLuoYi                                 0x08005244   Data          96  oleddispaly.o(.constdata)
    QiYaJi                                   0x080052a4   Data          96  oleddispaly.o(.constdata)
    KaiQi                                    0x08005304   Data          96  oleddispaly.o(.constdata)
    GuanBi                                   0x08005364   Data          96  oleddispaly.o(.constdata)
    YouTouMoShi                              0x080053c4   Data         128  oleddispaly.o(.constdata)
    WuTouMoShi                               0x08005444   Data         128  oleddispaly.o(.constdata)
    BATT                                     0x080054c4   Data          32  oleddispaly.o(.constdata)
    WiFi                                     0x080054e4   Data         192  oleddispaly.o(.constdata)
    Region$$Table$$Base                      0x080055d0   Number         0  anon$$obj.o(Region$$Table)
    Region$$Table$$Limit                     0x080055f0   Number         0  anon$$obj.o(Region$$Table)
    AdcBuf                                   0x20000000   Data           8  main.o(.data)
    PWR_TaskHandle                           0x20000008   Data           4  freertos.o(.data)
    LED_TaskHandle                           0x2000000c   Data           4  freertos.o(.data)
    OLEDdisplay_TaskHandle                   0x20000010   Data           4  freertos.o(.data)
    ADC_CALIBRATOR_OK                        0x20000014   Data           1  adc.o(.data)
    ADC_Calibrator                           0x20000016   Data           8  adc.o(.data)
    status                                   0x2000001e   Data           1  spi.o(.data)
    uwTickFreq                               0x20000020   Data           1  stm32f1xx_hal.o(.data)
    uwTickPrio                               0x20000024   Data           4  stm32f1xx_hal.o(.data)
    uwTick                                   0x20000028   Data           4  stm32f1xx_hal.o(.data)
    SystemCoreClock                          0x2000002c   Data           4  system_stm32f1xx.o(.data)
    pxCurrentTCB                             0x20000030   Data           4  tasks.o(.data)
    FLY_Connect_OK                           0x20000098   Data           1  si24r1.o(.data)
    Reconnection_flag                        0x20000099   Data           1  si24r1.o(.data)
    TX_ADDRESS                               0x2000009c   Data           5  si24r1.o(.data)
    RX_ADDRESS                               0x200000a1   Data           5  si24r1.o(.data)
    FLYDataRx_OK                             0x200000a6   Data           1  si24r1.o(.data)
    TX_ERROR_PERCENT                         0x200000ac   Data           4  deal_datapacket.o(.data)
    dataPID                                  0x200000b0   Data           1  deal_datapacket.o(.data)
    SENSER_OFFSET_FLAG                       0x200000b1   Data           1  deal_datapacket.o(.data)
    ADC_Value                                0x200000b2   Data           8  deal_datapacket.o(.data)
    __stdout                                 0x200000c0   Data           4  stdout.o(.data)
    hadc1                                    0x20000324   Data          48  adc.o(.bss)
    hdma_adc1                                0x20000354   Data          68  adc.o(.bss)
    hspi1                                    0x20000398   Data          88  spi.o(.bss)
    huart1                                   0x200003f0   Data          72  usart.o(.bss)
    htim4                                    0x20000438   Data          72  stm32f1xx_hal_timebase_tim.o(.bss)
    pFlash                                   0x20000480   Data          32  stm32f1xx_hal_flash.o(.bss)
    RxBuf                                    0x20001590   Data          32  si24r1.o(.bss)
    flash                                    0x200015b0   Data          12  paramsave.o(.bss)
    FLY                                      0x200015bc   Data          12  deal_datapacket.o(.bss)
    packetData                               0x200015c8   Data          12  deal_datapacket.o(.bss)
    p_Flash                                  0x200015d8   Data          32  stmflash.o(.bss)
    STMFLASH_BUF                             0x200015f8   Data        1024  stmflash.o(.bss)
    __initial_sp                             0x20001df8   Data           0  startup_stm32f103xb.o(STACK)



==============================================================================

Memory Map of the image

  Image Entry point : 0x080000ed

  Load Region LR_IROM1 (Base: 0x08000000, Size: 0x000056b4, Max: 0x00010000, ABSOLUTE)

    Execution Region ER_IROM1 (Exec base: 0x08000000, Load base: 0x08000000, Size: 0x000055f0, Max: 0x00010000, ABSOLUTE)

    Exec Addr    Load Addr    Size         Type   Attr      Idx    E Section Name        Object

    0x08000000   0x08000000   0x000000ec   Data   RO            3    RESET               startup_stm32f103xb.o
    0x080000ec   0x080000ec   0x00000000   Code   RO         5597  * .ARM.Collect$$$$00000000  mc_w.l(entry.o)
    0x080000ec   0x080000ec   0x00000004   Code   RO         5881    .ARM.Collect$$$$00000001  mc_w.l(entry2.o)
    0x080000f0   0x080000f0   0x00000004   Code   RO         5884    .ARM.Collect$$$$00000004  mc_w.l(entry5.o)
    0x080000f4   0x080000f4   0x00000000   Code   RO         5886    .ARM.Collect$$$$00000008  mc_w.l(entry7b.o)
    0x080000f4   0x080000f4   0x00000000   Code   RO         5888    .ARM.Collect$$$$0000000A  mc_w.l(entry8b.o)
    0x080000f4   0x080000f4   0x00000008   Code   RO         5889    .ARM.Collect$$$$0000000B  mc_w.l(entry9a.o)
    0x080000fc   0x080000fc   0x00000000   Code   RO         5891    .ARM.Collect$$$$0000000D  mc_w.l(entry10a.o)
    0x080000fc   0x080000fc   0x00000000   Code   RO         5893    .ARM.Collect$$$$0000000F  mc_w.l(entry11a.o)
    0x080000fc   0x080000fc   0x00000004   Code   RO         5882    .ARM.Collect$$$$00002712  mc_w.l(entry2.o)
    0x08000100   0x08000100   0x00000096   Code   RO         4892    .emb_text           port.o
    0x08000196   0x08000196   0x00000002   PAD
    0x08000198   0x08000198   0x00000024   Code   RO            4    .text               startup_stm32f103xb.o
    0x080001bc   0x080001bc   0x00000020   Code   RO         5600    .text               mc_w.l(llushr.o)
    0x080001dc   0x080001dc   0x00000024   Code   RO         5602    .text               mc_w.l(memcpya.o)
    0x08000200   0x08000200   0x00000024   Code   RO         5606    .text               mc_w.l(memseta.o)
    0x08000224   0x08000224   0x000000b0   Code   RO         5871    .text               mf_w.l(fadd.o)
    0x080002d4   0x080002d4   0x00000064   Code   RO         5873    .text               mf_w.l(fmul.o)
    0x08000338   0x08000338   0x0000007c   Code   RO         5875    .text               mf_w.l(fdiv.o)
    0x080003b4   0x080003b4   0x00000012   Code   RO         5877    .text               mf_w.l(fflti.o)
    0x080003c6   0x080003c6   0x00000028   Code   RO         5879    .text               mf_w.l(ffixui.o)
    0x080003ee   0x080003ee   0x00000062   Code   RO         5898    .text               mc_w.l(uldiv.o)
    0x08000450   0x08000450   0x00000000   Code   RO         5900    .text               mc_w.l(iusefp.o)
    0x08000450   0x08000450   0x0000006e   Code   RO         5901    .text               mf_w.l(fepilogue.o)
    0x080004be   0x080004be   0x00000002   PAD
    0x080004c0   0x080004c0   0x00000024   Code   RO         5913    .text               mc_w.l(init.o)
    0x080004e4   0x080004e4   0x0000001e   Code   RO         5915    .text               mc_w.l(llshl.o)
    0x08000502   0x08000502   0x00000002   PAD
    0x08000504   0x08000504   0x00000056   Code   RO          726    i.ADC_ConversionStop_Disable  stm32f1xx_hal_adc.o
    0x0800055a   0x0800055a   0x0000004e   Code   RO          727    i.ADC_DMAConvCplt   stm32f1xx_hal_adc.o
    0x080005a8   0x080005a8   0x0000001a   Code   RO          728    i.ADC_DMAError      stm32f1xx_hal_adc.o
    0x080005c2   0x080005c2   0x0000000a   Code   RO          729    i.ADC_DMAHalfConvCplt  stm32f1xx_hal_adc.o
    0x080005cc   0x080005cc   0x0000007c   Code   RO          730    i.ADC_Enable        stm32f1xx_hal_adc.o
    0x08000648   0x08000648   0x00000002   Code   RO          551    i.BusFault_Handler  stm32f1xx_it.o
    0x0800064a   0x0800064a   0x00000002   PAD
    0x0800064c   0x0800064c   0x00000044   Code   RO         5334    i.ButtonCMDDisplay  oleddispaly.o
    0x08000690   0x08000690   0x00000080   Code   RO         5335    i.ConnectingDisplay  oleddispaly.o
    0x08000710   0x08000710   0x0000000c   Code   RO          552    i.DMA1_Channel1_IRQHandler  stm32f1xx_it.o
    0x0800071c   0x0800071c   0x0000002a   Code   RO         1382    i.DMA_SetConfig     stm32f1xx_hal_dma.o
    0x08000746   0x08000746   0x00000002   Code   RO          553    i.DebugMon_Handler  stm32f1xx_it.o
    0x08000748   0x08000748   0x00000160   Code   RO         5336    i.Display_Update    oleddispaly.o
    0x080008a8   0x080008a8   0x000000dc   Code   RO         5337    i.Display_init      oleddispaly.o
    0x08000984   0x08000984   0x00000002   Code   RO         5188    i.EXTI1_IRQHandler  si24r1.o
    0x08000986   0x08000986   0x00000004   Code   RO           13    i.Error_Handler     main.o
    0x0800098a   0x0800098a   0x00000002   PAD
    0x0800098c   0x0800098c   0x0000001c   Code   RO         1719    i.FLASH_Program_HalfWord  stm32f1xx_hal_flash.o
    0x080009a8   0x080009a8   0x0000005c   Code   RO         1720    i.FLASH_SetErrorCode  stm32f1xx_hal_flash.o
    0x08000a04   0x08000a04   0x00000054   Code   RO         1721    i.FLASH_WaitForLastOperation  stm32f1xx_hal_flash.o
    0x08000a58   0x08000a58   0x00000024   Code   RO         5465    i.Flash_PageErase   stmflash.o
    0x08000a7c   0x08000a7c   0x000000d8   Code   RO          906    i.HAL_ADCEx_Calibration_Start  stm32f1xx_hal_adc_ex.o
    0x08000b54   0x08000b54   0x000000fc   Code   RO          732    i.HAL_ADC_ConfigChannel  stm32f1xx_hal_adc.o
    0x08000c50   0x08000c50   0x00000002   Code   RO          733    i.HAL_ADC_ConvCpltCallback  stm32f1xx_hal_adc.o
    0x08000c52   0x08000c52   0x00000002   Code   RO          734    i.HAL_ADC_ConvHalfCpltCallback  stm32f1xx_hal_adc.o
    0x08000c54   0x08000c54   0x00000002   Code   RO          736    i.HAL_ADC_ErrorCallback  stm32f1xx_hal_adc.o
    0x08000c56   0x08000c56   0x00000002   PAD
    0x08000c58   0x08000c58   0x0000011c   Code   RO          741    i.HAL_ADC_Init      stm32f1xx_hal_adc.o
    0x08000d74   0x08000d74   0x00000090   Code   RO          331    i.HAL_ADC_MspInit   adc.o
    0x08000e04   0x08000e04   0x0000010c   Code   RO          748    i.HAL_ADC_Start_DMA  stm32f1xx_hal_adc.o
    0x08000f10   0x08000f10   0x00000046   Code   RO         1383    i.HAL_DMA_Abort     stm32f1xx_hal_dma.o
    0x08000f56   0x08000f56   0x00000002   PAD
    0x08000f58   0x08000f58   0x00000098   Code   RO         1384    i.HAL_DMA_Abort_IT  stm32f1xx_hal_dma.o
    0x08000ff0   0x08000ff0   0x00000154   Code   RO         1388    i.HAL_DMA_IRQHandler  stm32f1xx_hal_dma.o
    0x08001144   0x08001144   0x0000005c   Code   RO         1389    i.HAL_DMA_Init      stm32f1xx_hal_dma.o
    0x080011a0   0x080011a0   0x00000070   Code   RO         1393    i.HAL_DMA_Start_IT  stm32f1xx_hal_dma.o
    0x08001210   0x08001210   0x00000024   Code   RO         1009    i.HAL_Delay         stm32f1xx_hal.o
    0x08001234   0x08001234   0x00000014   Code   RO         1725    i.HAL_FLASH_Lock    stm32f1xx_hal_flash.o
    0x08001248   0x08001248   0x00000080   Code   RO         1730    i.HAL_FLASH_Program  stm32f1xx_hal_flash.o
    0x080012c8   0x080012c8   0x00000028   Code   RO         1732    i.HAL_FLASH_Unlock  stm32f1xx_hal_flash.o
    0x080012f0   0x080012f0   0x000001e0   Code   RO         1319    i.HAL_GPIO_Init     stm32f1xx_hal_gpio.o
    0x080014d0   0x080014d0   0x0000000a   Code   RO         1321    i.HAL_GPIO_ReadPin  stm32f1xx_hal_gpio.o
    0x080014da   0x080014da   0x00000010   Code   RO         1322    i.HAL_GPIO_TogglePin  stm32f1xx_hal_gpio.o
    0x080014ea   0x080014ea   0x0000000a   Code   RO         1323    i.HAL_GPIO_WritePin  stm32f1xx_hal_gpio.o
    0x080014f4   0x080014f4   0x0000000c   Code   RO         1013    i.HAL_GetTick       stm32f1xx_hal.o
    0x08001500   0x08001500   0x00000010   Code   RO         1019    i.HAL_IncTick       stm32f1xx_hal.o
    0x08001510   0x08001510   0x00000024   Code   RO         1020    i.HAL_Init          stm32f1xx_hal.o
    0x08001534   0x08001534   0x00000098   Code   RO          651    i.HAL_InitTick      stm32f1xx_hal_timebase_tim.o
    0x080015cc   0x080015cc   0x00000048   Code   RO          627    i.HAL_MspInit       stm32f1xx_hal_msp.o
    0x08001614   0x08001614   0x0000001a   Code   RO         1479    i.HAL_NVIC_EnableIRQ  stm32f1xx_hal_cortex.o
    0x0800162e   0x0800162e   0x00000002   PAD
    0x08001630   0x08001630   0x00000040   Code   RO         1485    i.HAL_NVIC_SetPriority  stm32f1xx_hal_cortex.o
    0x08001670   0x08001670   0x00000024   Code   RO         1486    i.HAL_NVIC_SetPriorityGrouping  stm32f1xx_hal_cortex.o
    0x08001694   0x08001694   0x000000a4   Code   RO         1280    i.HAL_RCCEx_GetPeriphCLKFreq  stm32f1xx_hal_rcc_ex.o
    0x08001738   0x08001738   0x000000ec   Code   RO         1281    i.HAL_RCCEx_PeriphCLKConfig  stm32f1xx_hal_rcc_ex.o
    0x08001824   0x08001824   0x0000012c   Code   RO         1177    i.HAL_RCC_ClockConfig  stm32f1xx_hal_rcc.o
    0x08001950   0x08001950   0x00000040   Code   RO         1181    i.HAL_RCC_GetClockConfig  stm32f1xx_hal_rcc.o
    0x08001990   0x08001990   0x00000020   Code   RO         1184    i.HAL_RCC_GetPCLK1Freq  stm32f1xx_hal_rcc.o
    0x080019b0   0x080019b0   0x00000020   Code   RO         1185    i.HAL_RCC_GetPCLK2Freq  stm32f1xx_hal_rcc.o
    0x080019d0   0x080019d0   0x0000004c   Code   RO         1186    i.HAL_RCC_GetSysClockFreq  stm32f1xx_hal_rcc.o
    0x08001a1c   0x08001a1c   0x00000320   Code   RO         1189    i.HAL_RCC_OscConfig  stm32f1xx_hal_rcc.o
    0x08001d3c   0x08001d3c   0x000000b2   Code   RO         1990    i.HAL_SPI_Init      stm32f1xx_hal_spi.o
    0x08001dee   0x08001dee   0x00000002   PAD
    0x08001df0   0x08001df0   0x00000070   Code   RO          400    i.HAL_SPI_MspInit   spi.o
    0x08001e60   0x08001e60   0x000001f0   Code   RO         1999    i.HAL_SPI_TransmitReceive  stm32f1xx_hal_spi.o
    0x08002050   0x08002050   0x00000002   Code   RO         3007    i.HAL_TIMEx_BreakCallback  stm32f1xx_hal_tim_ex.o
    0x08002052   0x08002052   0x00000002   Code   RO         3008    i.HAL_TIMEx_CommutCallback  stm32f1xx_hal_tim_ex.o
    0x08002054   0x08002054   0x0000005a   Code   RO         2303    i.HAL_TIM_Base_Init  stm32f1xx_hal_tim.o
    0x080020ae   0x080020ae   0x00000002   Code   RO         2305    i.HAL_TIM_Base_MspInit  stm32f1xx_hal_tim.o
    0x080020b0   0x080020b0   0x00000058   Code   RO         2308    i.HAL_TIM_Base_Start_IT  stm32f1xx_hal_tim.o
    0x08002108   0x08002108   0x00000002   Code   RO         2337    i.HAL_TIM_IC_CaptureCallback  stm32f1xx_hal_tim.o
    0x0800210a   0x0800210a   0x00000130   Code   RO         2351    i.HAL_TIM_IRQHandler  stm32f1xx_hal_tim.o
    0x0800223a   0x0800223a   0x00000002   Code   RO         2354    i.HAL_TIM_OC_DelayElapsedCallback  stm32f1xx_hal_tim.o
    0x0800223c   0x0800223c   0x00000002   Code   RO         2381    i.HAL_TIM_PWM_PulseFinishedCallback  stm32f1xx_hal_tim.o
    0x0800223e   0x0800223e   0x00000002   PAD
    0x08002240   0x08002240   0x00000014   Code   RO           14    i.HAL_TIM_PeriodElapsedCallback  main.o
    0x08002254   0x08002254   0x00000002   Code   RO         2394    i.HAL_TIM_TriggerCallback  stm32f1xx_hal_tim.o
    0x08002256   0x08002256   0x00000002   Code   RO         3286    i.HAL_UARTEx_RxEventCallback  stm32f1xx_hal_uart.o
    0x08002258   0x08002258   0x00000002   Code   RO         3300    i.HAL_UART_ErrorCallback  stm32f1xx_hal_uart.o
    0x0800225a   0x0800225a   0x00000002   PAD
    0x0800225c   0x0800225c   0x0000026c   Code   RO         3303    i.HAL_UART_IRQHandler  stm32f1xx_hal_uart.o
    0x080024c8   0x080024c8   0x00000064   Code   RO         3304    i.HAL_UART_Init     stm32f1xx_hal_uart.o
    0x0800252c   0x0800252c   0x00000080   Code   RO          479    i.HAL_UART_MspInit  usart.o
    0x080025ac   0x080025ac   0x00000002   Code   RO         3310    i.HAL_UART_RxCpltCallback  stm32f1xx_hal_uart.o
    0x080025ae   0x080025ae   0x000000a0   Code   RO         3312    i.HAL_UART_Transmit  stm32f1xx_hal_uart.o
    0x0800264e   0x0800264e   0x00000002   Code   RO         3315    i.HAL_UART_TxCpltCallback  stm32f1xx_hal_uart.o
    0x08002650   0x08002650   0x00000002   Code   RO          554    i.HardFault_Handler  stm32f1xx_it.o
    0x08002652   0x08002652   0x00000002   PAD
    0x08002654   0x08002654   0x00000038   Code   RO         5026    i.IIC_Start         oled.o
    0x0800268c   0x0800268c   0x0000002c   Code   RO         5027    i.IIC_Stop          oled.o
    0x080026b8   0x080026b8   0x00000024   Code   RO         5028    i.IIC_WaitAck       oled.o
    0x080026dc   0x080026dc   0x0000005c   Code   RO         5029    i.IIC_WriteByte     oled.o
    0x08002738   0x08002738   0x0000002e   Code   RO         5030    i.IIC_WriteCommand  oled.o
    0x08002766   0x08002766   0x0000002e   Code   RO         5031    i.IIC_WriteData     oled.o
    0x08002794   0x08002794   0x0000008c   Code   RO          332    i.MX_ADC1_Init      adc.o
    0x08002820   0x08002820   0x0000002c   Code   RO          375    i.MX_DMA_Init       dma.o
    0x0800284c   0x0800284c   0x00000054   Code   RO          268    i.MX_FREERTOS_Init  freertos.o
    0x080028a0   0x080028a0   0x000000f8   Code   RO          244    i.MX_GPIO_Init      gpio.o
    0x08002998   0x08002998   0x00000048   Code   RO          401    i.MX_SPI1_Init      spi.o
    0x080029e0   0x080029e0   0x00000038   Code   RO          480    i.MX_USART1_UART_Init  usart.o
    0x08002a18   0x08002a18   0x00000002   Code   RO          555    i.MemManage_Handler  stm32f1xx_it.o
    0x08002a1a   0x08002a1a   0x00000002   PAD
    0x08002a1c   0x08002a1c   0x00000080   Code   RO         5338    i.ModeSelectDisplay  oleddispaly.o
    0x08002a9c   0x08002a9c   0x00000002   Code   RO          556    i.NMI_Handler       stm32f1xx_it.o
    0x08002a9e   0x08002a9e   0x0000003a   Code   RO         5032    i.OLED_Clear        oled.o
    0x08002ad8   0x08002ad8   0x0000003a   Code   RO         5033    i.OLED_ClearBlue    oled.o
    0x08002b12   0x08002b12   0x0000003c   Code   RO         5037    i.OLED_FillPicture  oled.o
    0x08002b4e   0x08002b4e   0x000000f0   Code   RO         5038    i.OLED_Init         oled.o
    0x08002c3e   0x08002c3e   0x0000002a   Code   RO         5040    i.OLED_SetPos       oled.o
    0x08002c68   0x08002c68   0x00000048   Code   RO         5041    i.OLED_ShowCHinese  oled.o
    0x08002cb0   0x08002cb0   0x00000048   Code   RO         5042    i.OLED_ShowCHinese7x7  oled.o
    0x08002cf8   0x08002cf8   0x0000002c   Code   RO         5043    i.OLED_ShowCHineseString  oled.o
    0x08002d24   0x08002d24   0x00000088   Code   RO         5044    i.OLED_ShowChar     oled.o
    0x08002dac   0x08002dac   0x0000006a   Code   RO         5045    i.OLED_ShowNum      oled.o
    0x08002e16   0x08002e16   0x00000036   Code   RO         5046    i.OLED_ShowString   oled.o
    0x08002e4c   0x08002e4c   0x0000000c   Code   RO         5047    i.OLED_WR_Byte      oled.o
    0x08002e58   0x08002e58   0x0000001c   Code   RO         5267    i.PID_ReadFlash     paramsave.o
    0x08002e74   0x08002e74   0x0000001c   Code   RO         5268    i.PID_WriteFlash    paramsave.o
    0x08002e90   0x08002e90   0x0000001c   Code   RO         4999    i.PWR_ON            pwr_on.o
    0x08002eac   0x08002eac   0x0000003c   Code   RO         4972    i.PWR_ON_OFF        pwr_on_off.o
    0x08002ee8   0x08002ee8   0x00000034   Code   RO         5270    i.ParamsToTable     paramsave.o
    0x08002f1c   0x08002f1c   0x00000074   Code   RO         5416    i.ReceiveDataAnalysis  deal_datapacket.o
    0x08002f90   0x08002f90   0x00000028   Code   RO         5190    i.ReconnectionFly   si24r1.o
    0x08002fb8   0x08002fb8   0x00000160   Code   RO         5191    i.SI24R1_Config     si24r1.o
    0x08003118   0x08003118   0x00000034   Code   RO         2028    i.SPI_EndRxTxTransaction  stm32f1xx_hal_spi.o
    0x0800314c   0x0800314c   0x00000030   Code   RO          403    i.SPI_Read_Byte     spi.o
    0x0800317c   0x0800317c   0x000000b8   Code   RO         2033    i.SPI_WaitFlagStateUntilTimeout  stm32f1xx_hal_spi.o
    0x08003234   0x08003234   0x0000004c   Code   RO          404    i.SPI_Write_Buf     spi.o
    0x08003280   0x08003280   0x00000038   Code   RO          405    i.SPI_Write_Byte    spi.o
    0x080032b8   0x080032b8   0x0000001a   Code   RO         5466    i.STMFLASH_Read     stmflash.o
    0x080032d2   0x080032d2   0x00000002   PAD
    0x080032d4   0x080032d4   0x000000e0   Code   RO         5468    i.STMFLASH_Write    stmflash.o
    0x080033b4   0x080033b4   0x0000002c   Code   RO         5469    i.STMFLASH_Write_NoCheck  stmflash.o
    0x080033e0   0x080033e0   0x000000c4   Code   RO         5339    i.SenserOffsetDisplay  oleddispaly.o
    0x080034a4   0x080034a4   0x0000005c   Code   RO         5340    i.SignalIntensityDisplay  oleddispaly.o
    0x08003500   0x08003500   0x0000000a   Code   RO          269    i.StartT_OLEDdisplay_Task  freertos.o
    0x0800350a   0x0800350a   0x00000002   PAD
    0x0800350c   0x0800350c   0x00000020   Code   RO          270    i.Start_LED_Task    freertos.o
    0x0800352c   0x0800352c   0x0000000c   Code   RO          271    i.Start_PWR_Task    freertos.o
    0x08003538   0x08003538   0x0000002c   Code   RO         4893    i.SysTick_Handler   port.o
    0x08003564   0x08003564   0x00000078   Code   RO           15    i.SystemClock_Config  main.o
    0x080035dc   0x080035dc   0x00000002   Code   RO         3638    i.SystemInit        system_stm32f1xx.o
    0x080035de   0x080035de   0x00000002   PAD
    0x080035e0   0x080035e0   0x0000000c   Code   RO          557    i.TIM4_IRQHandler   stm32f1xx_it.o
    0x080035ec   0x080035ec   0x00000078   Code   RO         2396    i.TIM_Base_SetConfig  stm32f1xx_hal_tim.o
    0x08003664   0x08003664   0x00000034   Code   RO         5271    i.TableToParams     paramsave.o
    0x08003698   0x08003698   0x00000010   Code   RO         3317    i.UART_DMAAbortOnError  stm32f1xx_hal_uart.o
    0x080036a8   0x080036a8   0x0000004e   Code   RO         3327    i.UART_EndRxTransfer  stm32f1xx_hal_uart.o
    0x080036f6   0x080036f6   0x000000c2   Code   RO         3329    i.UART_Receive_IT   stm32f1xx_hal_uart.o
    0x080037b8   0x080037b8   0x000000b8   Code   RO         3330    i.UART_SetConfig    stm32f1xx_hal_uart.o
    0x08003870   0x08003870   0x00000072   Code   RO         3333    i.UART_WaitOnFlagUntilTimeout  stm32f1xx_hal_uart.o
    0x080038e2   0x080038e2   0x00000002   PAD
    0x080038e4   0x080038e4   0x0000000c   Code   RO          558    i.USART1_IRQHandler  stm32f1xx_it.o
    0x080038f0   0x080038f0   0x00000002   Code   RO          559    i.UsageFault_Handler  stm32f1xx_it.o
    0x080038f2   0x080038f2   0x00000002   PAD
    0x080038f4   0x080038f4   0x000000bc   Code   RO         5194    i.WaitFlY_Connection  si24r1.o
    0x080039b0   0x080039b0   0x000000a0   Code   RO         5341    i.WiFiOnOffDisplay  oleddispaly.o
    0x08003a50   0x08003a50   0x00000020   Code   RO         5743    i.__0printf$5       mc_w.l(printf5.o)
    0x08003a70   0x08003a70   0x00000020   Code   RO         1492    i.__NVIC_SetPriority  stm32f1xx_hal_cortex.o
    0x08003a90   0x08003a90   0x0000000e   Code   RO         5923    i.__scatterload_copy  mc_w.l(handlers.o)
    0x08003a9e   0x08003a9e   0x00000002   Code   RO         5924    i.__scatterload_null  mc_w.l(handlers.o)
    0x08003aa0   0x08003aa0   0x0000000e   Code   RO         5925    i.__scatterload_zeroinit  mc_w.l(handlers.o)
    0x08003aae   0x08003aae   0x00000002   PAD
    0x08003ab0   0x08003ab0   0x000002c0   Code   RO         5750    i._printf_core      mc_w.l(printf5.o)
    0x08003d70   0x08003d70   0x0000001a   Code   RO         5565    i.delay_ms          delay.o
    0x08003d8a   0x08003d8a   0x00000002   PAD
    0x08003d8c   0x08003d8c   0x00000034   Code   RO         5566    i.delay_us          delay.o
    0x08003dc0   0x08003dc0   0x00000018   Code   RO          483    i.fputc             usart.o
    0x08003dd8   0x08003dd8   0x00000054   Code   RO           16    i.main              main.o
    0x08003e2c   0x08003e2c   0x0000000c   Code   RO         4458    i.makeFreeRtosPriority  cmsis_os.o
    0x08003e38   0x08003e38   0x00000010   Code   RO         5048    i.oled_pow          oled.o
    0x08003e48   0x08003e48   0x0000000e   Code   RO         4460    i.osDelay           cmsis_os.o
    0x08003e56   0x08003e56   0x0000000a   Code   RO         4463    i.osKernelStart     cmsis_os.o
    0x08003e60   0x08003e60   0x00000054   Code   RO         4497    i.osThreadCreate    cmsis_os.o
    0x08003eb4   0x08003eb4   0x00000070   Code   RO         4140    i.prvAddCurrentTaskToDelayedList  tasks.o
    0x08003f24   0x08003f24   0x000000d0   Code   RO         4141    i.prvAddNewTaskToReadyList  tasks.o
    0x08003ff4   0x08003ff4   0x00000034   Code   RO         4142    i.prvDeleteTCB      tasks.o
    0x08004028   0x08004028   0x0000004c   Code   RO         4825    i.prvHeapInit       heap_4.o
    0x08004074   0x08004074   0x00000060   Code   RO         4143    i.prvIdleTask       tasks.o
    0x080040d4   0x080040d4   0x00000098   Code   RO         4144    i.prvInitialiseNewTask  tasks.o
    0x0800416c   0x0800416c   0x0000004c   Code   RO         4826    i.prvInsertBlockIntoFreeList  heap_4.o
    0x080041b8   0x080041b8   0x00000020   Code   RO         4145    i.prvResetNextTaskUnblockTime  tasks.o
    0x080041d8   0x080041d8   0x00000028   Code   RO         4894    i.prvTaskExitError  port.o
    0x08004200   0x08004200   0x000000dc   Code   RO         4827    i.pvPortMalloc      heap_4.o
    0x080042dc   0x080042dc   0x00000024   Code   RO         4895    i.pxPortInitialiseStack  port.o
    0x08004300   0x08004300   0x00000020   Code   RO          406    i.spi1_read_write_byte  spi.o
    0x08004320   0x08004320   0x00000026   Code   RO         3776    i.uxListRemove      list.o
    0x08004346   0x08004346   0x00000002   PAD
    0x08004348   0x08004348   0x00000014   Code   RO          272    i.vApplicationGetIdleTaskMemory  freertos.o
    0x0800435c   0x0800435c   0x00000016   Code   RO         3777    i.vListInitialise   list.o
    0x08004372   0x08004372   0x00000006   Code   RO         3778    i.vListInitialiseItem  list.o
    0x08004378   0x08004378   0x00000030   Code   RO         3779    i.vListInsert       list.o
    0x080043a8   0x080043a8   0x00000018   Code   RO         3780    i.vListInsertEnd    list.o
    0x080043c0   0x080043c0   0x00000040   Code   RO         4897    i.vPortEnterCritical  port.o
    0x08004400   0x08004400   0x00000028   Code   RO         4898    i.vPortExitCritical  port.o
    0x08004428   0x08004428   0x00000064   Code   RO         4828    i.vPortFree         heap_4.o
    0x0800448c   0x0800448c   0x00000024   Code   RO         4899    i.vPortSetupTimerInterrupt  port.o
    0x080044b0   0x080044b0   0x0000004c   Code   RO         4154    i.vTaskDelay        tasks.o
    0x080044fc   0x080044fc   0x0000006c   Code   RO         4167    i.vTaskStartScheduler  tasks.o
    0x08004568   0x08004568   0x00000010   Code   RO         4169    i.vTaskSuspendAll   tasks.o
    0x08004578   0x08004578   0x0000005c   Code   RO         4170    i.vTaskSwitchContext  tasks.o
    0x080045d4   0x080045d4   0x000000a8   Code   RO         4901    i.xPortStartScheduler  port.o
    0x0800467c   0x0800467c   0x0000005a   Code   RO         4173    i.xTaskCreate       tasks.o
    0x080046d6   0x080046d6   0x00000056   Code   RO         4174    i.xTaskCreateStatic  tasks.o
    0x0800472c   0x0800472c   0x000000cc   Code   RO         4181    i.xTaskIncrementTick  tasks.o
    0x080047f8   0x080047f8   0x000000c4   Code   RO         4187    i.xTaskResumeAll    tasks.o
    0x080048bc   0x080048bc   0x00000054   Data   RO          274    .constdata          freertos.o
    0x08004910   0x08004910   0x00000012   Data   RO         1190    .constdata          stm32f1xx_hal_rcc.o
    0x08004922   0x08004922   0x00000012   Data   RO         1282    .constdata          stm32f1xx_hal_rcc_ex.o
    0x08004934   0x08004934   0x00000010   Data   RO         3639    .constdata          system_stm32f1xx.o
    0x08004944   0x08004944   0x00000008   Data   RO         3640    .constdata          system_stm32f1xx.o
    0x0800494c   0x0800494c   0x00000818   Data   RO         5049    .constdata          oled.o
    0x08005164   0x08005164   0x00000440   Data   RO         5342    .constdata          oleddispaly.o
    0x080055a4   0x080055a4   0x00000029   Data   RO          275    .conststring        freertos.o
    0x080055cd   0x080055cd   0x00000003   PAD
    0x080055d0   0x080055d0   0x00000020   Data   RO         5921    Region$$Table       anon$$obj.o


    Execution Region RW_IRAM1 (Exec base: 0x20000000, Load base: 0x080055f0, Size: 0x00001df8, Max: 0x00005000, ABSOLUTE)

    Exec Addr    Load Addr    Size         Type   Attr      Idx    E Section Name        Object

    0x20000000   0x080055f0   0x00000008   Data   RW           17    .data               main.o
    0x20000008   0x080055f8   0x0000000c   Data   RW          276    .data               freertos.o
    0x20000014   0x08005604   0x00000001   Data   RW          334    .data               adc.o
    0x20000015   0x08005605   0x00000001   PAD
    0x20000016   0x08005606   0x00000008   Data   RW          336    .data               adc.o
    0x2000001e   0x0800560e   0x00000001   Data   RW          409    .data               spi.o
    0x2000001f   0x0800560f   0x00000001   PAD
    0x20000020   0x08005610   0x0000000c   Data   RW         1027    .data               stm32f1xx_hal.o
    0x2000002c   0x0800561c   0x00000004   Data   RW         3641    .data               system_stm32f1xx.o
    0x20000030   0x08005620   0x0000003c   Data   RW         4190    .data               tasks.o
    0x2000006c   0x0800565c   0x00000020   Data   RW         4834    .data               heap_4.o
    0x2000008c   0x0800567c   0x0000000c   Data   RW         4902    .data               port.o
    0x20000098   0x08005688   0x0000000e   Data   RW         5196    .data               si24r1.o
    0x200000a6   0x08005696   0x00000001   Data   RW         5197    .data               si24r1.o
    0x200000a7   0x08005697   0x00000002   Data   RW         5344    .data               oleddispaly.o
    0x200000a9   0x08005699   0x00000003   PAD
    0x200000ac   0x0800569c   0x00000004   Data   RW         5418    .data               deal_datapacket.o
    0x200000b0   0x080056a0   0x0000000a   Data   RW         5419    .data               deal_datapacket.o
    0x200000ba   0x080056aa   0x00000002   PAD
    0x200000bc   0x080056ac   0x00000004   Data   RW         5567    .data               delay.o
    0x200000c0   0x080056b0   0x00000004   Data   RW         5895    .data               mc_w.l(stdout.o)
    0x200000c4        -       0x00000260   Zero   RW          273    .bss                freertos.o
    0x20000324        -       0x00000074   Zero   RW          333    .bss                adc.o
    0x20000398        -       0x00000058   Zero   RW          408    .bss                spi.o
    0x200003f0        -       0x00000048   Zero   RW          485    .bss                usart.o
    0x20000438        -       0x00000048   Zero   RW          654    .bss                stm32f1xx_hal_timebase_tim.o
    0x20000480        -       0x00000020   Zero   RW         1733    .bss                stm32f1xx_hal_flash.o
    0x200004a0        -       0x000000f0   Zero   RW         4189    .bss                tasks.o
    0x20000590        -       0x00001000   Zero   RW         4833    .bss                heap_4.o
    0x20001590        -       0x00000020   Zero   RW         5195    .bss                si24r1.o
    0x200015b0        -       0x0000000c   Zero   RW         5272    .bss                paramsave.o
    0x200015bc        -       0x00000018   Zero   RW         5417    .bss                deal_datapacket.o
    0x200015d4   0x080056b4   0x00000004   PAD
    0x200015d8        -       0x00000420   Zero   RW         5470    .bss                stmflash.o
    0x200019f8        -       0x00000400   Zero   RW            1    STACK               startup_stm32f103xb.o


==============================================================================

Image component sizes


      Code (inc. data)   RO Data    RW Data    ZI Data      Debug   Object Name

       284         30          0          9        116       2203   adc.o
       120          0          0          0          0      23801   cmsis_os.o
       116         14          0         14         24       2616   deal_datapacket.o
        78          4          0          4          0       1490   delay.o
        44          4          0          0          0        854   dma.o
         0          0          0          0          0      17288   event_groups.o
       158         20        125         12        608       4026   freertos.o
       248         16          0          0          0       1103   gpio.o
       472         24          0         32       4096       7687   heap_4.o
       138          0          0          0          0       3706   list.o
       228         16          0          8          0     494313   main.o
      1290         28       2072          0          0      13568   oled.o
      1344        272       1088          2          0       6663   oleddispaly.o
       160         52          0          0         12       3768   paramsave.o
       578         60          0         12          0      10784   port.o
        28          6          0          0          0        505   pwr_on.o
        60          4          0          0          0        581   pwr_on_off.o
       582        166          0         15         32       3761   si24r1.o
       396         50          0          1         88       4476   spi.o
        36          8        236          0       1024        852   startup_stm32f103xb.o
       100         18          0         12          0       5586   stm32f1xx_hal.o
      1134         56          0          0          0       9114   stm32f1xx_hal_adc.o
       216          6          0          0          0       1534   stm32f1xx_hal_adc_ex.o
       158         14          0          0          0      28450   stm32f1xx_hal_cortex.o
       808         36          0          0          0       5330   stm32f1xx_hal_dma.o
       392         46          0          0         32       5122   stm32f1xx_hal_flash.o
       516         34          0          0          0       4372   stm32f1xx_hal_gpio.o
        72         10          0          0          0        970   stm32f1xx_hal_msp.o
      1304         94         18          0          0       6077   stm32f1xx_hal_rcc.o
       400         28         18          0          0       2617   stm32f1xx_hal_rcc_ex.o
       910          4          0          0          0       4913   stm32f1xx_hal_spi.o
       612         24          0          0          0       7656   stm32f1xx_hal_tim.o
         4          0          0          0          0       1725   stm32f1xx_hal_tim_ex.o
       152         20          0          0         72       1623   stm32f1xx_hal_timebase_tim.o
      1474         10          0          0          0      10736   stm32f1xx_hal_uart.o
        48         18          0          0          0       4346   stm32f1xx_it.o
       330         16          0          0       1056       3893   stmflash.o
         0          0          0          0          0        424   stream_buffer.o
         2          0         24          4          0       1263   system_stm32f1xx.o
      1520        112          0         60        240      19910   tasks.o
       208         24          0          0         72       4451   usart.o

    ----------------------------------------------------------------------
     16756       1344       3616        192       7476     734157   Object Totals
         0          0         32          0          0          0   (incl. Generated)
        36          0          3          7          4          0   (incl. Padding)

    ----------------------------------------------------------------------

      Code (inc. data)   RO Data    RW Data    ZI Data      Debug   Library Member Name

         0          0          0          0          0          0   entry.o
         0          0          0          0          0          0   entry10a.o
         0          0          0          0          0          0   entry11a.o
         8          4          0          0          0          0   entry2.o
         4          0          0          0          0          0   entry5.o
         0          0          0          0          0          0   entry7b.o
         0          0          0          0          0          0   entry8b.o
         8          4          0          0          0          0   entry9a.o
        30          0          0          0          0          0   handlers.o
        36          8          0          0          0         68   init.o
         0          0          0          0          0          0   iusefp.o
        30          0          0          0          0         68   llshl.o
        32          0          0          0          0         68   llushr.o
        36          0          0          0          0         68   memcpya.o
        36          0          0          0          0        108   memseta.o
       736         56          0          0          0        184   printf5.o
         0          0          0          4          0          0   stdout.o
        98          0          0          0          0         92   uldiv.o
       176          0          0          0          0        140   fadd.o
       124          0          0          0          0         88   fdiv.o
       110          0          0          0          0        168   fepilogue.o
        40          0          0          0          0         68   ffixui.o
        18          0          0          0          0         68   fflti.o
       100          0          0          0          0         76   fmul.o

    ----------------------------------------------------------------------
      1628         72          0          4          0       1264   Library Totals
         6          0          0          0          0          0   (incl. Padding)

    ----------------------------------------------------------------------

      Code (inc. data)   RO Data    RW Data    ZI Data      Debug   Library Name

      1054         72          0          4          0        656   mc_w.l
       568          0          0          0          0        608   mf_w.l

    ----------------------------------------------------------------------
      1628         72          0          4          0       1264   Library Totals

    ----------------------------------------------------------------------

==============================================================================


      Code (inc. data)   RO Data    RW Data    ZI Data      Debug   

     18384       1416       3616        196       7476     725537   Grand Totals
     18384       1416       3616        196       7476     725537   ELF Image Totals
     18384       1416       3616        196          0          0   ROM Totals

==============================================================================

    Total RO  Size (Code + RO Data)                22000 (  21.48kB)
    Total RW  Size (RW Data + ZI Data)              7672 (   7.49kB)
    Total ROM Size (Code + RO Data + RW Data)      22196 (  21.68kB)

==============================================================================

